[2026-02-09T09:55:17.753+0000] {local_task_job_runner.py:123} INFO - ::group::Pre task execution logs
[2026-02-09T09:55:17.772+0000] {taskinstance.py:2613} INFO - Dependencies all met for dep_context=non-requeueable deps ti=<TaskInstance: Data_Reconciliation_Dag_1.Data_Reconciliation_Dag_1 manual__2026-02-09T09:55:17.139978+00:00 [queued]>
[2026-02-09T09:55:17.778+0000] {taskinstance.py:2613} INFO - Dependencies all met for dep_context=requeueable deps ti=<TaskInstance: Data_Reconciliation_Dag_1.Data_Reconciliation_Dag_1 manual__2026-02-09T09:55:17.139978+00:00 [queued]>
[2026-02-09T09:55:17.779+0000] {taskinstance.py:2866} INFO - Starting attempt 1 of 1
[2026-02-09T09:55:17.800+0000] {taskinstance.py:2889} INFO - Executing <Task(PythonOperator): Data_Reconciliation_Dag_1> on 2026-02-09 09:55:17.139978+00:00
[2026-02-09T09:55:17.811+0000] {warnings.py:112} WARNING - /home/airflow/.local/lib/python3.12/site-packages/airflow/task/task_runner/standard_task_runner.py:70: DeprecationWarning: This process (pid=4951) is multi-threaded, use of fork() may lead to deadlocks in the child.
  pid = os.fork()

[2026-02-09T09:55:17.813+0000] {standard_task_runner.py:72} INFO - Started process 4952 to run task
[2026-02-09T09:55:17.816+0000] {standard_task_runner.py:104} INFO - Running: ['airflow', 'tasks', 'run', 'Data_Reconciliation_Dag_1', 'Data_Reconciliation_Dag_1', 'manual__2026-02-09T09:55:17.139978+00:00', '--job-id', '1303', '--raw', '--subdir', 'DAGS_FOLDER/data_reconciliation_dag_1.py', '--cfg-path', '/tmp/tmpo4v72pl4']
[2026-02-09T09:55:17.817+0000] {standard_task_runner.py:105} INFO - Job 1303: Subtask Data_Reconciliation_Dag_1
[2026-02-09T09:55:17.889+0000] {task_command.py:467} INFO - Running <TaskInstance: Data_Reconciliation_Dag_1.Data_Reconciliation_Dag_1 manual__2026-02-09T09:55:17.139978+00:00 [running]> on host eff5ec4100e1
[2026-02-09T09:55:18.005+0000] {taskinstance.py:3132} INFO - Exporting env vars: AIRFLOW_CTX_DAG_OWNER='airflow' AIRFLOW_CTX_DAG_ID='Data_Reconciliation_Dag_1' AIRFLOW_CTX_TASK_ID='Data_Reconciliation_Dag_1' AIRFLOW_CTX_EXECUTION_DATE='2026-02-09T09:55:17.139978+00:00' AIRFLOW_CTX_TRY_NUMBER='1' AIRFLOW_CTX_DAG_RUN_ID='manual__2026-02-09T09:55:17.139978+00:00'
[2026-02-09T09:55:18.006+0000] {taskinstance.py:731} INFO - ::endgroup::
[2026-02-09T09:55:18.024+0000] {logging_mixin.py:190} INFO - RunId for this task instance: manual__2026-02-09T09:55:17.139978+00:00
[2026-02-09T09:55:38.680+0000] {taskinstance.py:3311} ERROR - Task failed with exception
Traceback (most recent call last):
  File "/opt/airflow/dags/data_reconciliation_dag_1.py", line 32, in Data_Reconciliation_Dag_1
    raise Exception(f"Spark job failed with return code {result.returncode}:\n{result.stdout}\n{result.stderr}")
Exception: Spark job failed with return code 1:
:: loading settings :: url = jar:file:/opt/spark/jars/ivy-2.5.1.jar!/org/apache/ivy/core/settings/ivysettings.xml
2026-02-09 09:55:31,934 - INFO - Reading Reconciliation Config Table
try
2026-02-09 09:55:38,197 - INFO - Looping through Recon Config Table Arguments
Traceback (most recent call last):
  File "/opt/spark/python/lib/pyspark.zip/pyspark/sql/types.py", line 2378, in __getitem__
ValueError: 'start_time' is not in list

During handling of the above exception, another exception occurred:

Traceback (most recent call last):
  File "/opt/airflow/RedPluto-Data-Engineering-Tool/main_reconciliation.py", line 158, in <module>
    config_reconciliation(run_id, app_prop)
  File "/opt/airflow/RedPluto-Data-Engineering-Tool/main_reconciliation.py", line 52, in config_reconciliation
    start_time = row["start_time"]
                 ~~~^^^^^^^^^^^^^^
  File "/opt/spark/python/lib/pyspark.zip/pyspark/sql/types.py", line 2383, in __getitem__
pyspark.errors.exceptions.base.PySparkValueError: start_time

Ivy Default Cache set to: /home/airflow/.ivy2/cache
The jars for the packages stored in: /home/airflow/.ivy2/jars
com.crealytics#spark-excel_2.12 added as a dependency
:: resolving dependencies :: org.apache.spark#spark-submit-parent-fae816d7-5257-461d-8149-3cb8c58e0249;1.0
	confs: [default]
	found com.crealytics#spark-excel_2.12;0.13.5 in central
	found org.apache.poi#poi;4.1.2 in central
	found commons-codec#commons-codec;1.13 in central
	found org.apache.commons#commons-collections4;4.4 in central
	found org.apache.commons#commons-math3;3.6.1 in central
	found com.zaxxer#SparseBitSet;1.2 in central
	found org.apache.poi#poi-ooxml;4.1.2 in central
	found org.apache.poi#poi-ooxml-schemas;4.1.2 in central
	found org.apache.xmlbeans#xmlbeans;3.1.0 in central
	found com.github.virtuald#curvesapi;1.06 in central
	found com.norbitltd#spoiwo_2.12;1.7.0 in central
	found org.scala-lang.modules#scala-xml_2.12;1.2.0 in central
	found com.github.pjfanning#excel-streaming-reader;2.3.4 in central
	found com.github.pjfanning#poi-shared-strings;1.0.4 in central
	found com.h2database#h2;1.4.200 in central
	found org.apache.commons#commons-text;1.8 in central
	found org.apache.commons#commons-lang3;3.9 in central
	found xml-apis#xml-apis;1.4.01 in central
	found org.slf4j#slf4j-api;1.7.30 in central
	found org.apache.commons#commons-compress;1.20 in central
	found com.fasterxml.jackson.core#jackson-core;2.8.8 in central
:: resolution report :: resolve 1191ms :: artifacts dl 62ms
	:: modules in use:
	com.crealytics#spark-excel_2.12;0.13.5 from central in [default]
	com.fasterxml.jackson.core#jackson-core;2.8.8 from central in [default]
	com.github.pjfanning#excel-streaming-reader;2.3.4 from central in [default]
	com.github.pjfanning#poi-shared-strings;1.0.4 from central in [default]
	com.github.virtuald#curvesapi;1.06 from central in [default]
	com.h2database#h2;1.4.200 from central in [default]
	com.norbitltd#spoiwo_2.12;1.7.0 from central in [default]
	com.zaxxer#SparseBitSet;1.2 from central in [default]
	commons-codec#commons-codec;1.13 from central in [default]
	org.apache.commons#commons-collections4;4.4 from central in [default]
	org.apache.commons#commons-compress;1.20 from central in [default]
	org.apache.commons#commons-lang3;3.9 from central in [default]
	org.apache.commons#commons-math3;3.6.1 from central in [default]
	org.apache.commons#commons-text;1.8 from central in [default]
	org.apache.poi#poi;4.1.2 from central in [default]
	org.apache.poi#poi-ooxml;4.1.2 from central in [default]
	org.apache.poi#poi-ooxml-schemas;4.1.2 from central in [default]
	org.apache.xmlbeans#xmlbeans;3.1.0 from central in [default]
	org.scala-lang.modules#scala-xml_2.12;1.2.0 from central in [default]
	org.slf4j#slf4j-api;1.7.30 from central in [default]
	xml-apis#xml-apis;1.4.01 from central in [default]
	:: evicted modules:
	org.apache.commons#commons-compress;1.19 by [org.apache.commons#commons-compress;1.20] in [default]
	---------------------------------------------------------------------
	|                  |            modules            ||   artifacts   |
	|       conf       | number| search|dwnlded|evicted|| number|dwnlded|
	---------------------------------------------------------------------
	|      default     |   22  |   0   |   0   |   1   ||   21  |   0   |
	---------------------------------------------------------------------
:: retrieving :: org.apache.spark#spark-submit-parent-fae816d7-5257-461d-8149-3cb8c58e0249
	confs: [default]
	0 artifacts copied, 21 already retrieved (0kB/29ms)
26/02/09 09:55:22 WARN NativeCodeLoader: Unable to load native-hadoop library for your platform... using builtin-java classes where applicable
26/02/09 09:55:24 INFO SparkContext: Running Spark version 3.5.5
26/02/09 09:55:24 INFO SparkContext: OS info Linux, 6.14.0-1017-azure, amd64
26/02/09 09:55:24 INFO SparkContext: Java version 17.0.16
26/02/09 09:55:24 INFO ResourceUtils: ==============================================================
26/02/09 09:55:24 INFO ResourceUtils: No custom resources configured for spark.driver.
26/02/09 09:55:24 INFO ResourceUtils: ==============================================================
26/02/09 09:55:24 INFO SparkContext: Submitted application: audit
26/02/09 09:55:24 INFO ResourceProfile: Default ResourceProfile created, executor resources: Map(cores -> name: cores, amount: 1, script: , vendor: , memory -> name: memory, amount: 1024, script: , vendor: , offHeap -> name: offHeap, amount: 0, script: , vendor: ), task resources: Map(cpus -> name: cpus, amount: 1.0)
26/02/09 09:55:24 INFO ResourceProfile: Limiting resource is cpu
26/02/09 09:55:24 INFO ResourceProfileManager: Added ResourceProfile id: 0
26/02/09 09:55:24 INFO SecurityManager: Changing view acls to: default
26/02/09 09:55:24 INFO SecurityManager: Changing modify acls to: default
26/02/09 09:55:24 INFO SecurityManager: Changing view acls groups to: 
26/02/09 09:55:24 INFO SecurityManager: Changing modify acls groups to: 
26/02/09 09:55:24 INFO SecurityManager: SecurityManager: authentication disabled; ui acls disabled; users with view permissions: default; groups with view permissions: EMPTY; users with modify permissions: default; groups with modify permissions: EMPTY
26/02/09 09:55:25 INFO Utils: Successfully started service 'sparkDriver' on port 35309.
26/02/09 09:55:25 INFO SparkEnv: Registering MapOutputTracker
26/02/09 09:55:25 INFO SparkEnv: Registering BlockManagerMaster
26/02/09 09:55:25 INFO BlockManagerMasterEndpoint: Using org.apache.spark.storage.DefaultTopologyMapper for getting topology information
26/02/09 09:55:25 INFO BlockManagerMasterEndpoint: BlockManagerMasterEndpoint up
26/02/09 09:55:25 INFO SparkEnv: Registering BlockManagerMasterHeartbeat
26/02/09 09:55:25 INFO DiskBlockManager: Created local directory at /tmp/blockmgr-2346f8f9-7b37-4f28-b663-cf4873ea931b
26/02/09 09:55:25 INFO MemoryStore: MemoryStore started with capacity 434.4 MiB
26/02/09 09:55:25 INFO SparkEnv: Registering OutputCommitCoordinator
26/02/09 09:55:25 INFO JettyUtils: Start Jetty 0.0.0.0:4040 for SparkUI
26/02/09 09:55:25 INFO Utils: Successfully started service 'SparkUI' on port 4040.
26/02/09 09:55:25 ERROR SparkContext: Failed to add mysql-connector-j-8.0.33.jar to Spark environment
java.io.FileNotFoundException: Jar /opt/airflow/mysql-connector-j-8.0.33.jar not found
	at org.apache.spark.SparkContext.addLocalJarFile$1(SparkContext.scala:2095)
	at org.apache.spark.SparkContext.addJar(SparkContext.scala:2151)
	at org.apache.spark.SparkContext.$anonfun$new$15(SparkContext.scala:521)
	at org.apache.spark.SparkContext.$anonfun$new$15$adapted(SparkContext.scala:521)
	at scala.collection.mutable.ResizableArray.foreach(ResizableArray.scala:62)
	at scala.collection.mutable.ResizableArray.foreach$(ResizableArray.scala:55)
	at scala.collection.mutable.ArrayBuffer.foreach(ArrayBuffer.scala:49)
	at org.apache.spark.SparkContext.<init>(SparkContext.scala:521)
	at org.apache.spark.api.java.JavaSparkContext.<init>(JavaSparkContext.scala:58)
	at java.base/jdk.internal.reflect.NativeConstructorAccessorImpl.newInstance0(Native Method)
	at java.base/jdk.internal.reflect.NativeConstructorAccessorImpl.newInstance(NativeConstructorAccessorImpl.java:77)
	at java.base/jdk.internal.reflect.DelegatingConstructorAccessorImpl.newInstance(DelegatingConstructorAccessorImpl.java:45)
	at java.base/java.lang.reflect.Constructor.newInstanceWithCaller(Constructor.java:500)
	at java.base/java.lang.reflect.Constructor.newInstance(Constructor.java:481)
	at py4j.reflection.MethodInvoker.invoke(MethodInvoker.java:247)
	at py4j.reflection.ReflectionEngine.invoke(ReflectionEngine.java:374)
	at py4j.Gateway.invoke(Gateway.java:238)
	at py4j.commands.ConstructorCommand.invokeConstructor(ConstructorCommand.java:80)
	at py4j.commands.ConstructorCommand.execute(ConstructorCommand.java:69)
	at py4j.ClientServerConnection.waitForCommands(ClientServerConnection.java:182)
	at py4j.ClientServerConnection.run(ClientServerConnection.java:106)
	at java.base/java.lang.Thread.run(Thread.java:840)
26/02/09 09:55:25 INFO SparkContext: Added file file:///home/airflow/.ivy2/jars/com.crealytics_spark-excel_2.12-0.13.5.jar at file:///home/airflow/.ivy2/jars/com.crealytics_spark-excel_2.12-0.13.5.jar with timestamp 1770630924589
26/02/09 09:55:25 INFO Utils: Copying /home/airflow/.ivy2/jars/com.crealytics_spark-excel_2.12-0.13.5.jar to /tmp/spark-09fe7ae6-8999-4347-9840-dab40ce691e7/userFiles-155a4d8e-a669-4160-b5ac-113dec0a33e2/com.crealytics_spark-excel_2.12-0.13.5.jar
26/02/09 09:55:25 INFO SparkContext: Added file file:///home/airflow/.ivy2/jars/org.apache.poi_poi-4.1.2.jar at file:///home/airflow/.ivy2/jars/org.apache.poi_poi-4.1.2.jar with timestamp 1770630924589
26/02/09 09:55:25 INFO Utils: Copying /home/airflow/.ivy2/jars/org.apache.poi_poi-4.1.2.jar to /tmp/spark-09fe7ae6-8999-4347-9840-dab40ce691e7/userFiles-155a4d8e-a669-4160-b5ac-113dec0a33e2/org.apache.poi_poi-4.1.2.jar
26/02/09 09:55:25 INFO SparkContext: Added file file:///home/airflow/.ivy2/jars/org.apache.poi_poi-ooxml-4.1.2.jar at file:///home/airflow/.ivy2/jars/org.apache.poi_poi-ooxml-4.1.2.jar with timestamp 1770630924589
26/02/09 09:55:25 INFO Utils: Copying /home/airflow/.ivy2/jars/org.apache.poi_poi-ooxml-4.1.2.jar to /tmp/spark-09fe7ae6-8999-4347-9840-dab40ce691e7/userFiles-155a4d8e-a669-4160-b5ac-113dec0a33e2/org.apache.poi_poi-ooxml-4.1.2.jar
26/02/09 09:55:25 INFO SparkContext: Added file file:///home/airflow/.ivy2/jars/com.norbitltd_spoiwo_2.12-1.7.0.jar at file:///home/airflow/.ivy2/jars/com.norbitltd_spoiwo_2.12-1.7.0.jar with timestamp 1770630924589
26/02/09 09:55:25 INFO Utils: Copying /home/airflow/.ivy2/jars/com.norbitltd_spoiwo_2.12-1.7.0.jar to /tmp/spark-09fe7ae6-8999-4347-9840-dab40ce691e7/userFiles-155a4d8e-a669-4160-b5ac-113dec0a33e2/com.norbitltd_spoiwo_2.12-1.7.0.jar
26/02/09 09:55:25 INFO SparkContext: Added file file:///home/airflow/.ivy2/jars/com.github.pjfanning_excel-streaming-reader-2.3.4.jar at file:///home/airflow/.ivy2/jars/com.github.pjfanning_excel-streaming-reader-2.3.4.jar with timestamp 1770630924589
26/02/09 09:55:25 INFO Utils: Copying /home/airflow/.ivy2/jars/com.github.pjfanning_excel-streaming-reader-2.3.4.jar to /tmp/spark-09fe7ae6-8999-4347-9840-dab40ce691e7/userFiles-155a4d8e-a669-4160-b5ac-113dec0a33e2/com.github.pjfanning_excel-streaming-reader-2.3.4.jar
26/02/09 09:55:25 INFO SparkContext: Added file file:///home/airflow/.ivy2/jars/com.github.pjfanning_poi-shared-strings-1.0.4.jar at file:///home/airflow/.ivy2/jars/com.github.pjfanning_poi-shared-strings-1.0.4.jar with timestamp 1770630924589
26/02/09 09:55:25 INFO Utils: Copying /home/airflow/.ivy2/jars/com.github.pjfanning_poi-shared-strings-1.0.4.jar to /tmp/spark-09fe7ae6-8999-4347-9840-dab40ce691e7/userFiles-155a4d8e-a669-4160-b5ac-113dec0a33e2/com.github.pjfanning_poi-shared-strings-1.0.4.jar
26/02/09 09:55:25 INFO SparkContext: Added file file:///home/airflow/.ivy2/jars/org.apache.commons_commons-compress-1.20.jar at file:///home/airflow/.ivy2/jars/org.apache.commons_commons-compress-1.20.jar with timestamp 1770630924589
26/02/09 09:55:25 INFO Utils: Copying /home/airflow/.ivy2/jars/org.apache.commons_commons-compress-1.20.jar to /tmp/spark-09fe7ae6-8999-4347-9840-dab40ce691e7/userFiles-155a4d8e-a669-4160-b5ac-113dec0a33e2/org.apache.commons_commons-compress-1.20.jar
26/02/09 09:55:25 INFO SparkContext: Added file file:///home/airflow/.ivy2/jars/com.fasterxml.jackson.core_jackson-core-2.8.8.jar at file:///home/airflow/.ivy2/jars/com.fasterxml.jackson.core_jackson-core-2.8.8.jar with timestamp 1770630924589
26/02/09 09:55:25 INFO Utils: Copying /home/airflow/.ivy2/jars/com.fasterxml.jackson.core_jackson-core-2.8.8.jar to /tmp/spark-09fe7ae6-8999-4347-9840-dab40ce691e7/userFiles-155a4d8e-a669-4160-b5ac-113dec0a33e2/com.fasterxml.jackson.core_jackson-core-2.8.8.jar
26/02/09 09:55:25 INFO SparkContext: Added file file:///home/airflow/.ivy2/jars/commons-codec_commons-codec-1.13.jar at file:///home/airflow/.ivy2/jars/commons-codec_commons-codec-1.13.jar with timestamp 1770630924589
26/02/09 09:55:25 INFO Utils: Copying /home/airflow/.ivy2/jars/commons-codec_commons-codec-1.13.jar to /tmp/spark-09fe7ae6-8999-4347-9840-dab40ce691e7/userFiles-155a4d8e-a669-4160-b5ac-113dec0a33e2/commons-codec_commons-codec-1.13.jar
26/02/09 09:55:25 INFO SparkContext: Added file file:///home/airflow/.ivy2/jars/org.apache.commons_commons-collections4-4.4.jar at file:///home/airflow/.ivy2/jars/org.apache.commons_commons-collections4-4.4.jar with timestamp 1770630924589
26/02/09 09:55:25 INFO Utils: Copying /home/airflow/.ivy2/jars/org.apache.commons_commons-collections4-4.4.jar to /tmp/spark-09fe7ae6-8999-4347-9840-dab40ce691e7/userFiles-155a4d8e-a669-4160-b5ac-113dec0a33e2/org.apache.commons_commons-collections4-4.4.jar
26/02/09 09:55:25 INFO SparkContext: Added file file:///home/airflow/.ivy2/jars/org.apache.commons_commons-math3-3.6.1.jar at file:///home/airflow/.ivy2/jars/org.apache.commons_commons-math3-3.6.1.jar with timestamp 1770630924589
26/02/09 09:55:25 INFO Utils: Copying /home/airflow/.ivy2/jars/org.apache.commons_commons-math3-3.6.1.jar to /tmp/spark-09fe7ae6-8999-4347-9840-dab40ce691e7/userFiles-155a4d8e-a669-4160-b5ac-113dec0a33e2/org.apache.commons_commons-math3-3.6.1.jar
26/02/09 09:55:25 INFO SparkContext: Added file file:///home/airflow/.ivy2/jars/com.zaxxer_SparseBitSet-1.2.jar at file:///home/airflow/.ivy2/jars/com.zaxxer_SparseBitSet-1.2.jar with timestamp 1770630924589
26/02/09 09:55:25 INFO Utils: Copying /home/airflow/.ivy2/jars/com.zaxxer_SparseBitSet-1.2.jar to /tmp/spark-09fe7ae6-8999-4347-9840-dab40ce691e7/userFiles-155a4d8e-a669-4160-b5ac-113dec0a33e2/com.zaxxer_SparseBitSet-1.2.jar
26/02/09 09:55:25 INFO SparkContext: Added file file:///home/airflow/.ivy2/jars/org.apache.poi_poi-ooxml-schemas-4.1.2.jar at file:///home/airflow/.ivy2/jars/org.apache.poi_poi-ooxml-schemas-4.1.2.jar with timestamp 1770630924589
26/02/09 09:55:25 INFO Utils: Copying /home/airflow/.ivy2/jars/org.apache.poi_poi-ooxml-schemas-4.1.2.jar to /tmp/spark-09fe7ae6-8999-4347-9840-dab40ce691e7/userFiles-155a4d8e-a669-4160-b5ac-113dec0a33e2/org.apache.poi_poi-ooxml-schemas-4.1.2.jar
26/02/09 09:55:25 INFO SparkContext: Added file file:///home/airflow/.ivy2/jars/com.github.virtuald_curvesapi-1.06.jar at file:///home/airflow/.ivy2/jars/com.github.virtuald_curvesapi-1.06.jar with timestamp 1770630924589
26/02/09 09:55:25 INFO Utils: Copying /home/airflow/.ivy2/jars/com.github.virtuald_curvesapi-1.06.jar to /tmp/spark-09fe7ae6-8999-4347-9840-dab40ce691e7/userFiles-155a4d8e-a669-4160-b5ac-113dec0a33e2/com.github.virtuald_curvesapi-1.06.jar
26/02/09 09:55:25 INFO SparkContext: Added file file:///home/airflow/.ivy2/jars/org.apache.xmlbeans_xmlbeans-3.1.0.jar at file:///home/airflow/.ivy2/jars/org.apache.xmlbeans_xmlbeans-3.1.0.jar with timestamp 1770630924589
26/02/09 09:55:25 INFO Utils: Copying /home/airflow/.ivy2/jars/org.apache.xmlbeans_xmlbeans-3.1.0.jar to /tmp/spark-09fe7ae6-8999-4347-9840-dab40ce691e7/userFiles-155a4d8e-a669-4160-b5ac-113dec0a33e2/org.apache.xmlbeans_xmlbeans-3.1.0.jar
26/02/09 09:55:25 INFO SparkContext: Added file file:///home/airflow/.ivy2/jars/org.scala-lang.modules_scala-xml_2.12-1.2.0.jar at file:///home/airflow/.ivy2/jars/org.scala-lang.modules_scala-xml_2.12-1.2.0.jar with timestamp 1770630924589
26/02/09 09:55:25 INFO Utils: Copying /home/airflow/.ivy2/jars/org.scala-lang.modules_scala-xml_2.12-1.2.0.jar to /tmp/spark-09fe7ae6-8999-4347-9840-dab40ce691e7/userFiles-155a4d8e-a669-4160-b5ac-113dec0a33e2/org.scala-lang.modules_scala-xml_2.12-1.2.0.jar
26/02/09 09:55:25 INFO SparkContext: Added file file:///home/airflow/.ivy2/jars/xml-apis_xml-apis-1.4.01.jar at file:///home/airflow/.ivy2/jars/xml-apis_xml-apis-1.4.01.jar with timestamp 1770630924589
26/02/09 09:55:25 INFO Utils: Copying /home/airflow/.ivy2/jars/xml-apis_xml-apis-1.4.01.jar to /tmp/spark-09fe7ae6-8999-4347-9840-dab40ce691e7/userFiles-155a4d8e-a669-4160-b5ac-113dec0a33e2/xml-apis_xml-apis-1.4.01.jar
26/02/09 09:55:25 INFO SparkContext: Added file file:///home/airflow/.ivy2/jars/org.slf4j_slf4j-api-1.7.30.jar at file:///home/airflow/.ivy2/jars/org.slf4j_slf4j-api-1.7.30.jar with timestamp 1770630924589
26/02/09 09:55:25 INFO Utils: Copying /home/airflow/.ivy2/jars/org.slf4j_slf4j-api-1.7.30.jar to /tmp/spark-09fe7ae6-8999-4347-9840-dab40ce691e7/userFiles-155a4d8e-a669-4160-b5ac-113dec0a33e2/org.slf4j_slf4j-api-1.7.30.jar
26/02/09 09:55:25 INFO SparkContext: Added file file:///home/airflow/.ivy2/jars/com.h2database_h2-1.4.200.jar at file:///home/airflow/.ivy2/jars/com.h2database_h2-1.4.200.jar with timestamp 1770630924589
26/02/09 09:55:25 INFO Utils: Copying /home/airflow/.ivy2/jars/com.h2database_h2-1.4.200.jar to /tmp/spark-09fe7ae6-8999-4347-9840-dab40ce691e7/userFiles-155a4d8e-a669-4160-b5ac-113dec0a33e2/com.h2database_h2-1.4.200.jar
26/02/09 09:55:26 INFO SparkContext: Added file file:///home/airflow/.ivy2/jars/org.apache.commons_commons-text-1.8.jar at file:///home/airflow/.ivy2/jars/org.apache.commons_commons-text-1.8.jar with timestamp 1770630924589
26/02/09 09:55:26 INFO Utils: Copying /home/airflow/.ivy2/jars/org.apache.commons_commons-text-1.8.jar to /tmp/spark-09fe7ae6-8999-4347-9840-dab40ce691e7/userFiles-155a4d8e-a669-4160-b5ac-113dec0a33e2/org.apache.commons_commons-text-1.8.jar
26/02/09 09:55:26 INFO SparkContext: Added file file:///home/airflow/.ivy2/jars/org.apache.commons_commons-lang3-3.9.jar at file:///home/airflow/.ivy2/jars/org.apache.commons_commons-lang3-3.9.jar with timestamp 1770630924589
26/02/09 09:55:26 INFO Utils: Copying /home/airflow/.ivy2/jars/org.apache.commons_commons-lang3-3.9.jar to /tmp/spark-09fe7ae6-8999-4347-9840-dab40ce691e7/userFiles-155a4d8e-a669-4160-b5ac-113dec0a33e2/org.apache.commons_commons-lang3-3.9.jar
26/02/09 09:55:26 INFO Executor: Starting executor ID driver on host eff5ec4100e1
26/02/09 09:55:26 INFO Executor: OS info Linux, 6.14.0-1017-azure, amd64
26/02/09 09:55:26 INFO Executor: Java version 17.0.16
26/02/09 09:55:26 INFO Executor: Starting executor with user classpath (userClassPathFirst = false): ''
26/02/09 09:55:26 INFO Executor: Created or updated repl class loader org.apache.spark.util.MutableURLClassLoader@72a09858 for default.
26/02/09 09:55:26 INFO Executor: Fetching file:///home/airflow/.ivy2/jars/commons-codec_commons-codec-1.13.jar with timestamp 1770630924589
26/02/09 09:55:26 INFO Utils: /home/airflow/.ivy2/jars/commons-codec_commons-codec-1.13.jar has been previously copied to /tmp/spark-09fe7ae6-8999-4347-9840-dab40ce691e7/userFiles-155a4d8e-a669-4160-b5ac-113dec0a33e2/commons-codec_commons-codec-1.13.jar
26/02/09 09:55:26 INFO Executor: Fetching file:///home/airflow/.ivy2/jars/xml-apis_xml-apis-1.4.01.jar with timestamp 1770630924589
26/02/09 09:55:26 INFO Utils: /home/airflow/.ivy2/jars/xml-apis_xml-apis-1.4.01.jar has been previously copied to /tmp/spark-09fe7ae6-8999-4347-9840-dab40ce691e7/userFiles-155a4d8e-a669-4160-b5ac-113dec0a33e2/xml-apis_xml-apis-1.4.01.jar
26/02/09 09:55:26 INFO Executor: Fetching file:///home/airflow/.ivy2/jars/com.zaxxer_SparseBitSet-1.2.jar with timestamp 1770630924589
26/02/09 09:55:26 INFO Utils: /home/airflow/.ivy2/jars/com.zaxxer_SparseBitSet-1.2.jar has been previously copied to /tmp/spark-09fe7ae6-8999-4347-9840-dab40ce691e7/userFiles-155a4d8e-a669-4160-b5ac-113dec0a33e2/com.zaxxer_SparseBitSet-1.2.jar
26/02/09 09:55:26 INFO Executor: Fetching file:///home/airflow/.ivy2/jars/org.apache.commons_commons-compress-1.20.jar with timestamp 1770630924589
26/02/09 09:55:26 INFO Utils: /home/airflow/.ivy2/jars/org.apache.commons_commons-compress-1.20.jar has been previously copied to /tmp/spark-09fe7ae6-8999-4347-9840-dab40ce691e7/userFiles-155a4d8e-a669-4160-b5ac-113dec0a33e2/org.apache.commons_commons-compress-1.20.jar
26/02/09 09:55:26 INFO Executor: Fetching file:///home/airflow/.ivy2/jars/org.slf4j_slf4j-api-1.7.30.jar with timestamp 1770630924589
26/02/09 09:55:26 INFO Utils: /home/airflow/.ivy2/jars/org.slf4j_slf4j-api-1.7.30.jar has been previously copied to /tmp/spark-09fe7ae6-8999-4347-9840-dab40ce691e7/userFiles-155a4d8e-a669-4160-b5ac-113dec0a33e2/org.slf4j_slf4j-api-1.7.30.jar
26/02/09 09:55:26 INFO Executor: Fetching file:///home/airflow/.ivy2/jars/org.apache.xmlbeans_xmlbeans-3.1.0.jar with timestamp 1770630924589
26/02/09 09:55:26 INFO Utils: /home/airflow/.ivy2/jars/org.apache.xmlbeans_xmlbeans-3.1.0.jar has been previously copied to /tmp/spark-09fe7ae6-8999-4347-9840-dab40ce691e7/userFiles-155a4d8e-a669-4160-b5ac-113dec0a33e2/org.apache.xmlbeans_xmlbeans-3.1.0.jar
26/02/09 09:55:26 INFO Executor: Fetching file:///home/airflow/.ivy2/jars/org.apache.poi_poi-ooxml-4.1.2.jar with timestamp 1770630924589
26/02/09 09:55:26 INFO Utils: /home/airflow/.ivy2/jars/org.apache.poi_poi-ooxml-4.1.2.jar has been previously copied to /tmp/spark-09fe7ae6-8999-4347-9840-dab40ce691e7/userFiles-155a4d8e-a669-4160-b5ac-113dec0a33e2/org.apache.poi_poi-ooxml-4.1.2.jar
26/02/09 09:55:26 INFO Executor: Fetching file:///home/airflow/.ivy2/jars/com.github.virtuald_curvesapi-1.06.jar with timestamp 1770630924589
26/02/09 09:55:26 INFO Utils: /home/airflow/.ivy2/jars/com.github.virtuald_curvesapi-1.06.jar has been previously copied to /tmp/spark-09fe7ae6-8999-4347-9840-dab40ce691e7/userFiles-155a4d8e-a669-4160-b5ac-113dec0a33e2/com.github.virtuald_curvesapi-1.06.jar
26/02/09 09:55:26 INFO Executor: Fetching file:///home/airflow/.ivy2/jars/com.crealytics_spark-excel_2.12-0.13.5.jar with timestamp 1770630924589
26/02/09 09:55:26 INFO Utils: /home/airflow/.ivy2/jars/com.crealytics_spark-excel_2.12-0.13.5.jar has been previously copied to /tmp/spark-09fe7ae6-8999-4347-9840-dab40ce691e7/userFiles-155a4d8e-a669-4160-b5ac-113dec0a33e2/com.crealytics_spark-excel_2.12-0.13.5.jar
26/02/09 09:55:26 INFO Executor: Fetching file:///home/airflow/.ivy2/jars/org.apache.commons_commons-collections4-4.4.jar with timestamp 1770630924589
26/02/09 09:55:26 INFO Utils: /home/airflow/.ivy2/jars/org.apache.commons_commons-collections4-4.4.jar has been previously copied to /tmp/spark-09fe7ae6-8999-4347-9840-dab40ce691e7/userFiles-155a4d8e-a669-4160-b5ac-113dec0a33e2/org.apache.commons_commons-collections4-4.4.jar
26/02/09 09:55:26 INFO Executor: Fetching file:///home/airflow/.ivy2/jars/com.github.pjfanning_poi-shared-strings-1.0.4.jar with timestamp 1770630924589
26/02/09 09:55:26 INFO Utils: /home/airflow/.ivy2/jars/com.github.pjfanning_poi-shared-strings-1.0.4.jar has been previously copied to /tmp/spark-09fe7ae6-8999-4347-9840-dab40ce691e7/userFiles-155a4d8e-a669-4160-b5ac-113dec0a33e2/com.github.pjfanning_poi-shared-strings-1.0.4.jar
26/02/09 09:55:26 INFO Executor: Fetching file:///home/airflow/.ivy2/jars/com.h2database_h2-1.4.200.jar with timestamp 1770630924589
26/02/09 09:55:26 INFO Utils: /home/airflow/.ivy2/jars/com.h2database_h2-1.4.200.jar has been previously copied to /tmp/spark-09fe7ae6-8999-4347-9840-dab40ce691e7/userFiles-155a4d8e-a669-4160-b5ac-113dec0a33e2/com.h2database_h2-1.4.200.jar
26/02/09 09:55:26 INFO Executor: Fetching file:///home/airflow/.ivy2/jars/org.apache.commons_commons-math3-3.6.1.jar with timestamp 1770630924589
26/02/09 09:55:26 INFO Utils: /home/airflow/.ivy2/jars/org.apache.commons_commons-math3-3.6.1.jar has been previously copied to /tmp/spark-09fe7ae6-8999-4347-9840-dab40ce691e7/userFiles-155a4d8e-a669-4160-b5ac-113dec0a33e2/org.apache.commons_commons-math3-3.6.1.jar
26/02/09 09:55:26 INFO Executor: Fetching file:///home/airflow/.ivy2/jars/com.github.pjfanning_excel-streaming-reader-2.3.4.jar with timestamp 1770630924589
26/02/09 09:55:26 INFO Utils: /home/airflow/.ivy2/jars/com.github.pjfanning_excel-streaming-reader-2.3.4.jar has been previously copied to /tmp/spark-09fe7ae6-8999-4347-9840-dab40ce691e7/userFiles-155a4d8e-a669-4160-b5ac-113dec0a33e2/com.github.pjfanning_excel-streaming-reader-2.3.4.jar
26/02/09 09:55:26 INFO Executor: Fetching file:///home/airflow/.ivy2/jars/com.fasterxml.jackson.core_jackson-core-2.8.8.jar with timestamp 1770630924589
26/02/09 09:55:26 INFO Utils: /home/airflow/.ivy2/jars/com.fasterxml.jackson.core_jackson-core-2.8.8.jar has been previously copied to /tmp/spark-09fe7ae6-8999-4347-9840-dab40ce691e7/userFiles-155a4d8e-a669-4160-b5ac-113dec0a33e2/com.fasterxml.jackson.core_jackson-core-2.8.8.jar
26/02/09 09:55:26 INFO Executor: Fetching file:///home/airflow/.ivy2/jars/org.apache.commons_commons-lang3-3.9.jar with timestamp 1770630924589
26/02/09 09:55:26 INFO Utils: /home/airflow/.ivy2/jars/org.apache.commons_commons-lang3-3.9.jar has been previously copied to /tmp/spark-09fe7ae6-8999-4347-9840-dab40ce691e7/userFiles-155a4d8e-a669-4160-b5ac-113dec0a33e2/org.apache.commons_commons-lang3-3.9.jar
26/02/09 09:55:26 INFO Executor: Fetching file:///home/airflow/.ivy2/jars/org.apache.poi_poi-ooxml-schemas-4.1.2.jar with timestamp 1770630924589
26/02/09 09:55:26 INFO Utils: /home/airflow/.ivy2/jars/org.apache.poi_poi-ooxml-schemas-4.1.2.jar has been previously copied to /tmp/spark-09fe7ae6-8999-4347-9840-dab40ce691e7/userFiles-155a4d8e-a669-4160-b5ac-113dec0a33e2/org.apache.poi_poi-ooxml-schemas-4.1.2.jar
26/02/09 09:55:26 INFO Executor: Fetching file:///home/airflow/.ivy2/jars/org.scala-lang.modules_scala-xml_2.12-1.2.0.jar with timestamp 1770630924589
26/02/09 09:55:26 INFO Utils: /home/airflow/.ivy2/jars/org.scala-lang.modules_scala-xml_2.12-1.2.0.jar has been previously copied to /tmp/spark-09fe7ae6-8999-4347-9840-dab40ce691e7/userFiles-155a4d8e-a669-4160-b5ac-113dec0a33e2/org.scala-lang.modules_scala-xml_2.12-1.2.0.jar
26/02/09 09:55:26 INFO Executor: Fetching file:///home/airflow/.ivy2/jars/com.norbitltd_spoiwo_2.12-1.7.0.jar with timestamp 1770630924589
26/02/09 09:55:26 INFO Utils: /home/airflow/.ivy2/jars/com.norbitltd_spoiwo_2.12-1.7.0.jar has been previously copied to /tmp/spark-09fe7ae6-8999-4347-9840-dab40ce691e7/userFiles-155a4d8e-a669-4160-b5ac-113dec0a33e2/com.norbitltd_spoiwo_2.12-1.7.0.jar
26/02/09 09:55:26 INFO Executor: Fetching file:///home/airflow/.ivy2/jars/org.apache.poi_poi-4.1.2.jar with timestamp 1770630924589
26/02/09 09:55:26 INFO Utils: /home/airflow/.ivy2/jars/org.apache.poi_poi-4.1.2.jar has been previously copied to /tmp/spark-09fe7ae6-8999-4347-9840-dab40ce691e7/userFiles-155a4d8e-a669-4160-b5ac-113dec0a33e2/org.apache.poi_poi-4.1.2.jar
26/02/09 09:55:26 INFO Executor: Fetching file:///home/airflow/.ivy2/jars/org.apache.commons_commons-text-1.8.jar with timestamp 1770630924589
26/02/09 09:55:26 INFO Utils: /home/airflow/.ivy2/jars/org.apache.commons_commons-text-1.8.jar has been previously copied to /tmp/spark-09fe7ae6-8999-4347-9840-dab40ce691e7/userFiles-155a4d8e-a669-4160-b5ac-113dec0a33e2/org.apache.commons_commons-text-1.8.jar
26/02/09 09:55:26 INFO Utils: Successfully started service 'org.apache.spark.network.netty.NettyBlockTransferService' on port 36531.
26/02/09 09:55:26 INFO NettyBlockTransferService: Server created on eff5ec4100e1:36531
26/02/09 09:55:26 INFO BlockManager: Using org.apache.spark.storage.RandomBlockReplicationPolicy for block replication policy
26/02/09 09:55:26 INFO BlockManagerMaster: Registering BlockManager BlockManagerId(driver, eff5ec4100e1, 36531, None)
26/02/09 09:55:26 INFO BlockManagerMasterEndpoint: Registering block manager eff5ec4100e1:36531 with 434.4 MiB RAM, BlockManagerId(driver, eff5ec4100e1, 36531, None)
26/02/09 09:55:26 INFO BlockManagerMaster: Registered BlockManager BlockManagerId(driver, eff5ec4100e1, 36531, None)
26/02/09 09:55:26 INFO BlockManager: Initialized BlockManager: BlockManagerId(driver, eff5ec4100e1, 36531, None)
26/02/09 09:55:27 INFO SharedState: Setting hive.metastore.warehouse.dir ('null') to the value of spark.sql.warehouse.dir.
26/02/09 09:55:27 INFO SharedState: Warehouse path is 'file:/opt/airflow/spark-warehouse'.
26/02/09 09:55:28 WARN SparkSession: Using an existing Spark session; only runtime SQL configurations will take effect.
26/02/09 09:55:28 WARN SparkSession: Using an existing Spark session; only runtime SQL configurations will take effect.
26/02/09 09:55:28 WARN SparkSession: Using an existing Spark session; only runtime SQL configurations will take effect.
26/02/09 09:55:31 WARN SparkSession: Using an existing Spark session; only runtime SQL configurations will take effect.
26/02/09 09:55:31 WARN SparkSession: Using an existing Spark session; only runtime SQL configurations will take effect.
26/02/09 09:55:31 WARN SparkSession: Using an existing Spark session; only runtime SQL configurations will take effect.
26/02/09 09:55:31 WARN SparkSession: Using an existing Spark session; only runtime SQL configurations will take effect.
26/02/09 09:55:31 WARN SparkSession: Using an existing Spark session; only runtime SQL configurations will take effect.
26/02/09 09:55:31 WARN SparkSession: Using an existing Spark session; only runtime SQL configurations will take effect.
26/02/09 09:55:31 WARN SparkSession: Using an existing Spark session; only runtime SQL configurations will take effect.
26/02/09 09:55:31 WARN SparkSession: Using an existing Spark session; only runtime SQL configurations will take effect.
26/02/09 09:55:31 WARN SparkSession: Using an existing Spark session; only runtime SQL configurations will take effect.
26/02/09 09:55:31 WARN SparkSession: Using an existing Spark session; only runtime SQL configurations will take effect.
26/02/09 09:55:31 WARN SparkSession: Using an existing Spark session; only runtime SQL configurations will take effect.
26/02/09 09:55:31 WARN SparkSession: Using an existing Spark session; only runtime SQL configurations will take effect.
26/02/09 09:55:31 WARN SparkSession: Using an existing Spark session; only runtime SQL configurations will take effect.
26/02/09 09:55:31 WARN SparkSession: Using an existing Spark session; only runtime SQL configurations will take effect.
26/02/09 09:55:31 WARN SparkSession: Using an existing Spark session; only runtime SQL configurations will take effect.
26/02/09 09:55:36 INFO CodeGenerator: Code generated in 439.392705 ms
26/02/09 09:55:36 INFO SparkContext: Starting job: collect at /opt/airflow/RedPluto-Data-Engineering-Tool/main_reconciliation.py:37
26/02/09 09:55:36 INFO DAGScheduler: Got job 0 (collect at /opt/airflow/RedPluto-Data-Engineering-Tool/main_reconciliation.py:37) with 1 output partitions
26/02/09 09:55:36 INFO DAGScheduler: Final stage: ResultStage 0 (collect at /opt/airflow/RedPluto-Data-Engineering-Tool/main_reconciliation.py:37)
26/02/09 09:55:36 INFO DAGScheduler: Parents of final stage: List()
26/02/09 09:55:36 INFO DAGScheduler: Missing parents: List()
26/02/09 09:55:36 INFO DAGScheduler: Submitting ResultStage 0 (MapPartitionsRDD[2] at collect at /opt/airflow/RedPluto-Data-Engineering-Tool/main_reconciliation.py:37), which has no missing parents
26/02/09 09:55:36 INFO MemoryStore: Block broadcast_0 stored as values in memory (estimated size 18.9 KiB, free 434.4 MiB)
26/02/09 09:55:36 INFO MemoryStore: Block broadcast_0_piece0 stored as bytes in memory (estimated size 7.8 KiB, free 434.4 MiB)
26/02/09 09:55:36 INFO BlockManagerInfo: Added broadcast_0_piece0 in memory on eff5ec4100e1:36531 (size: 7.8 KiB, free: 434.4 MiB)
26/02/09 09:55:36 INFO SparkContext: Created broadcast 0 from broadcast at DAGScheduler.scala:1585
26/02/09 09:55:36 INFO DAGScheduler: Submitting 1 missing tasks from ResultStage 0 (MapPartitionsRDD[2] at collect at /opt/airflow/RedPluto-Data-Engineering-Tool/main_reconciliation.py:37) (first 15 tasks are for partitions Vector(0))
26/02/09 09:55:36 INFO TaskSchedulerImpl: Adding task set 0.0 with 1 tasks resource profile 0
26/02/09 09:55:36 INFO TaskSetManager: Starting task 0.0 in stage 0.0 (TID 0) (eff5ec4100e1, executor driver, partition 0, PROCESS_LOCAL, 10804 bytes) 
26/02/09 09:55:36 INFO Executor: Running task 0.0 in stage 0.0 (TID 0)
26/02/09 09:55:37 INFO CodeGenerator: Code generated in 96.910309 ms
26/02/09 09:55:37 INFO JDBCRDD: closed connection
26/02/09 09:55:37 INFO Executor: Finished task 0.0 in stage 0.0 (TID 0). 1825 bytes result sent to driver
26/02/09 09:55:37 INFO TaskSetManager: Finished task 0.0 in stage 0.0 (TID 0) in 843 ms on eff5ec4100e1 (executor driver) (1/1)
26/02/09 09:55:37 INFO TaskSchedulerImpl: Removed TaskSet 0.0, whose tasks have all completed, from pool 
26/02/09 09:55:37 INFO DAGScheduler: ResultStage 0 (collect at /opt/airflow/RedPluto-Data-Engineering-Tool/main_reconciliation.py:37) finished in 1.077 s
26/02/09 09:55:37 INFO DAGScheduler: Job 0 is finished. Cancelling potential speculative or zombie tasks for this job
26/02/09 09:55:37 INFO TaskSchedulerImpl: Killing all running tasks in stage 0: Stage finished
26/02/09 09:55:37 INFO DAGScheduler: Job 0 finished: collect at /opt/airflow/RedPluto-Data-Engineering-Tool/main_reconciliation.py:37, took 1.190216 s
26/02/09 09:55:37 INFO SparkContext: Starting job: collect at /opt/airflow/RedPluto-Data-Engineering-Tool/main_reconciliation.py:39
26/02/09 09:55:37 INFO DAGScheduler: Got job 1 (collect at /opt/airflow/RedPluto-Data-Engineering-Tool/main_reconciliation.py:39) with 1 output partitions
26/02/09 09:55:37 INFO DAGScheduler: Final stage: ResultStage 1 (collect at /opt/airflow/RedPluto-Data-Engineering-Tool/main_reconciliation.py:39)
26/02/09 09:55:37 INFO DAGScheduler: Parents of final stage: List()
26/02/09 09:55:37 INFO DAGScheduler: Missing parents: List()
26/02/09 09:55:37 INFO DAGScheduler: Submitting ResultStage 1 (MapPartitionsRDD[5] at collect at /opt/airflow/RedPluto-Data-Engineering-Tool/main_reconciliation.py:39), which has no missing parents
26/02/09 09:55:38 INFO MemoryStore: Block broadcast_1 stored as values in memory (estimated size 17.9 KiB, free 434.4 MiB)
26/02/09 09:55:38 INFO MemoryStore: Block broadcast_1_piece0 stored as bytes in memory (estimated size 7.4 KiB, free 434.3 MiB)
26/02/09 09:55:38 INFO BlockManagerInfo: Added broadcast_1_piece0 in memory on eff5ec4100e1:36531 (size: 7.4 KiB, free: 434.4 MiB)
26/02/09 09:55:38 INFO SparkContext: Created broadcast 1 from broadcast at DAGScheduler.scala:1585
26/02/09 09:55:38 INFO DAGScheduler: Submitting 1 missing tasks from ResultStage 1 (MapPartitionsRDD[5] at collect at /opt/airflow/RedPluto-Data-Engineering-Tool/main_reconciliation.py:39) (first 15 tasks are for partitions Vector(0))
26/02/09 09:55:38 INFO TaskSchedulerImpl: Adding task set 1.0 with 1 tasks resource profile 0
26/02/09 09:55:38 INFO TaskSetManager: Starting task 0.0 in stage 1.0 (TID 1) (eff5ec4100e1, executor driver, partition 0, PROCESS_LOCAL, 10804 bytes) 
26/02/09 09:55:38 INFO Executor: Running task 0.0 in stage 1.0 (TID 1)
26/02/09 09:55:38 INFO JDBCRDD: closed connection
26/02/09 09:55:38 INFO Executor: Finished task 0.0 in stage 1.0 (TID 1). 7560 bytes result sent to driver
26/02/09 09:55:38 INFO TaskSetManager: Finished task 0.0 in stage 1.0 (TID 1) in 132 ms on eff5ec4100e1 (executor driver) (1/1)
26/02/09 09:55:38 INFO TaskSchedulerImpl: Removed TaskSet 1.0, whose tasks have all completed, from pool 
26/02/09 09:55:38 INFO DAGScheduler: ResultStage 1 (collect at /opt/airflow/RedPluto-Data-Engineering-Tool/main_reconciliation.py:39) finished in 0.151 s
26/02/09 09:55:38 INFO DAGScheduler: Job 1 is finished. Cancelling potential speculative or zombie tasks for this job
26/02/09 09:55:38 INFO TaskSchedulerImpl: Killing all running tasks in stage 1: Stage finished
26/02/09 09:55:38 INFO DAGScheduler: Job 1 finished: collect at /opt/airflow/RedPluto-Data-Engineering-Tool/main_reconciliation.py:39, took 0.162850 s
26/02/09 09:55:38 INFO SparkContext: Invoking stop() from shutdown hook
26/02/09 09:55:38 INFO SparkContext: SparkContext is stopping with exitCode 0.
26/02/09 09:55:38 INFO SparkUI: Stopped Spark web UI at http://eff5ec4100e1:4040
26/02/09 09:55:38 INFO MapOutputTrackerMasterEndpoint: MapOutputTrackerMasterEndpoint stopped!
26/02/09 09:55:38 INFO MemoryStore: MemoryStore cleared
26/02/09 09:55:38 INFO BlockManager: BlockManager stopped
26/02/09 09:55:38 INFO BlockManagerMaster: BlockManagerMaster stopped
26/02/09 09:55:38 INFO OutputCommitCoordinator$OutputCommitCoordinatorEndpoint: OutputCommitCoordinator stopped!
26/02/09 09:55:38 INFO SparkContext: Successfully stopped SparkContext
26/02/09 09:55:38 INFO ShutdownHookManager: Shutdown hook called
26/02/09 09:55:38 INFO ShutdownHookManager: Deleting directory /tmp/spark-09fe7ae6-8999-4347-9840-dab40ce691e7/pyspark-bc1d5b41-7a24-44a2-9519-e9270e70d1f3
26/02/09 09:55:38 INFO ShutdownHookManager: Deleting directory /tmp/spark-09fe7ae6-8999-4347-9840-dab40ce691e7
26/02/09 09:55:38 INFO ShutdownHookManager: Deleting directory /tmp/spark-6a99546f-9edf-48f6-8e39-7c9586f94037


During handling of the above exception, another exception occurred:

Traceback (most recent call last):
  File "/home/airflow/.local/lib/python3.12/site-packages/airflow/models/taskinstance.py", line 767, in _execute_task
    result = _execute_callable(context=context, **execute_callable_kwargs)
             ^^^^^^^^^^^^^^^^^^^^^^^^^^^^^^^^^^^^^^^^^^^^^^^^^^^^^^^^^^^^^
  File "/home/airflow/.local/lib/python3.12/site-packages/airflow/models/taskinstance.py", line 733, in _execute_callable
    return ExecutionCallableRunner(
           ^^^^^^^^^^^^^^^^^^^^^^^^
  File "/home/airflow/.local/lib/python3.12/site-packages/airflow/utils/operator_helpers.py", line 252, in run
    return self.func(*args, **kwargs)
           ^^^^^^^^^^^^^^^^^^^^^^^^^^
  File "/home/airflow/.local/lib/python3.12/site-packages/airflow/models/baseoperator.py", line 422, in wrapper
    return func(self, *args, **kwargs)
           ^^^^^^^^^^^^^^^^^^^^^^^^^^^
  File "/home/airflow/.local/lib/python3.12/site-packages/airflow/operators/python.py", line 238, in execute
    return_value = self.execute_callable()
                   ^^^^^^^^^^^^^^^^^^^^^^^
  File "/home/airflow/.local/lib/python3.12/site-packages/airflow/operators/python.py", line 256, in execute_callable
    return runner.run(*self.op_args, **self.op_kwargs)
           ^^^^^^^^^^^^^^^^^^^^^^^^^^^^^^^^^^^^^^^^^^^
  File "/home/airflow/.local/lib/python3.12/site-packages/airflow/utils/operator_helpers.py", line 252, in run
    return self.func(*args, **kwargs)
           ^^^^^^^^^^^^^^^^^^^^^^^^^^
  File "/opt/airflow/dags/data_reconciliation_dag_1.py", line 42, in Data_Reconciliation_Dag_1
    raise Exception(f"Error executing Spark job: {e}")
Exception: Error executing Spark job: Spark job failed with return code 1:
:: loading settings :: url = jar:file:/opt/spark/jars/ivy-2.5.1.jar!/org/apache/ivy/core/settings/ivysettings.xml
2026-02-09 09:55:31,934 - INFO - Reading Reconciliation Config Table
try
2026-02-09 09:55:38,197 - INFO - Looping through Recon Config Table Arguments
Traceback (most recent call last):
  File "/opt/spark/python/lib/pyspark.zip/pyspark/sql/types.py", line 2378, in __getitem__
ValueError: 'start_time' is not in list

During handling of the above exception, another exception occurred:

Traceback (most recent call last):
  File "/opt/airflow/RedPluto-Data-Engineering-Tool/main_reconciliation.py", line 158, in <module>
    config_reconciliation(run_id, app_prop)
  File "/opt/airflow/RedPluto-Data-Engineering-Tool/main_reconciliation.py", line 52, in config_reconciliation
    start_time = row["start_time"]
                 ~~~^^^^^^^^^^^^^^
  File "/opt/spark/python/lib/pyspark.zip/pyspark/sql/types.py", line 2383, in __getitem__
pyspark.errors.exceptions.base.PySparkValueError: start_time

Ivy Default Cache set to: /home/airflow/.ivy2/cache
The jars for the packages stored in: /home/airflow/.ivy2/jars
com.crealytics#spark-excel_2.12 added as a dependency
:: resolving dependencies :: org.apache.spark#spark-submit-parent-fae816d7-5257-461d-8149-3cb8c58e0249;1.0
	confs: [default]
	found com.crealytics#spark-excel_2.12;0.13.5 in central
	found org.apache.poi#poi;4.1.2 in central
	found commons-codec#commons-codec;1.13 in central
	found org.apache.commons#commons-collections4;4.4 in central
	found org.apache.commons#commons-math3;3.6.1 in central
	found com.zaxxer#SparseBitSet;1.2 in central
	found org.apache.poi#poi-ooxml;4.1.2 in central
	found org.apache.poi#poi-ooxml-schemas;4.1.2 in central
	found org.apache.xmlbeans#xmlbeans;3.1.0 in central
	found com.github.virtuald#curvesapi;1.06 in central
	found com.norbitltd#spoiwo_2.12;1.7.0 in central
	found org.scala-lang.modules#scala-xml_2.12;1.2.0 in central
	found com.github.pjfanning#excel-streaming-reader;2.3.4 in central
	found com.github.pjfanning#poi-shared-strings;1.0.4 in central
	found com.h2database#h2;1.4.200 in central
	found org.apache.commons#commons-text;1.8 in central
	found org.apache.commons#commons-lang3;3.9 in central
	found xml-apis#xml-apis;1.4.01 in central
	found org.slf4j#slf4j-api;1.7.30 in central
	found org.apache.commons#commons-compress;1.20 in central
	found com.fasterxml.jackson.core#jackson-core;2.8.8 in central
:: resolution report :: resolve 1191ms :: artifacts dl 62ms
	:: modules in use:
	com.crealytics#spark-excel_2.12;0.13.5 from central in [default]
	com.fasterxml.jackson.core#jackson-core;2.8.8 from central in [default]
	com.github.pjfanning#excel-streaming-reader;2.3.4 from central in [default]
	com.github.pjfanning#poi-shared-strings;1.0.4 from central in [default]
	com.github.virtuald#curvesapi;1.06 from central in [default]
	com.h2database#h2;1.4.200 from central in [default]
	com.norbitltd#spoiwo_2.12;1.7.0 from central in [default]
	com.zaxxer#SparseBitSet;1.2 from central in [default]
	commons-codec#commons-codec;1.13 from central in [default]
	org.apache.commons#commons-collections4;4.4 from central in [default]
	org.apache.commons#commons-compress;1.20 from central in [default]
	org.apache.commons#commons-lang3;3.9 from central in [default]
	org.apache.commons#commons-math3;3.6.1 from central in [default]
	org.apache.commons#commons-text;1.8 from central in [default]
	org.apache.poi#poi;4.1.2 from central in [default]
	org.apache.poi#poi-ooxml;4.1.2 from central in [default]
	org.apache.poi#poi-ooxml-schemas;4.1.2 from central in [default]
	org.apache.xmlbeans#xmlbeans;3.1.0 from central in [default]
	org.scala-lang.modules#scala-xml_2.12;1.2.0 from central in [default]
	org.slf4j#slf4j-api;1.7.30 from central in [default]
	xml-apis#xml-apis;1.4.01 from central in [default]
	:: evicted modules:
	org.apache.commons#commons-compress;1.19 by [org.apache.commons#commons-compress;1.20] in [default]
	---------------------------------------------------------------------
	|                  |            modules            ||   artifacts   |
	|       conf       | number| search|dwnlded|evicted|| number|dwnlded|
	---------------------------------------------------------------------
	|      default     |   22  |   0   |   0   |   1   ||   21  |   0   |
	---------------------------------------------------------------------
:: retrieving :: org.apache.spark#spark-submit-parent-fae816d7-5257-461d-8149-3cb8c58e0249
	confs: [default]
	0 artifacts copied, 21 already retrieved (0kB/29ms)
26/02/09 09:55:22 WARN NativeCodeLoader: Unable to load native-hadoop library for your platform... using builtin-java classes where applicable
26/02/09 09:55:24 INFO SparkContext: Running Spark version 3.5.5
26/02/09 09:55:24 INFO SparkContext: OS info Linux, 6.14.0-1017-azure, amd64
26/02/09 09:55:24 INFO SparkContext: Java version 17.0.16
26/02/09 09:55:24 INFO ResourceUtils: ==============================================================
26/02/09 09:55:24 INFO ResourceUtils: No custom resources configured for spark.driver.
26/02/09 09:55:24 INFO ResourceUtils: ==============================================================
26/02/09 09:55:24 INFO SparkContext: Submitted application: audit
26/02/09 09:55:24 INFO ResourceProfile: Default ResourceProfile created, executor resources: Map(cores -> name: cores, amount: 1, script: , vendor: , memory -> name: memory, amount: 1024, script: , vendor: , offHeap -> name: offHeap, amount: 0, script: , vendor: ), task resources: Map(cpus -> name: cpus, amount: 1.0)
26/02/09 09:55:24 INFO ResourceProfile: Limiting resource is cpu
26/02/09 09:55:24 INFO ResourceProfileManager: Added ResourceProfile id: 0
26/02/09 09:55:24 INFO SecurityManager: Changing view acls to: default
26/02/09 09:55:24 INFO SecurityManager: Changing modify acls to: default
26/02/09 09:55:24 INFO SecurityManager: Changing view acls groups to: 
26/02/09 09:55:24 INFO SecurityManager: Changing modify acls groups to: 
26/02/09 09:55:24 INFO SecurityManager: SecurityManager: authentication disabled; ui acls disabled; users with view permissions: default; groups with view permissions: EMPTY; users with modify permissions: default; groups with modify permissions: EMPTY
26/02/09 09:55:25 INFO Utils: Successfully started service 'sparkDriver' on port 35309.
26/02/09 09:55:25 INFO SparkEnv: Registering MapOutputTracker
26/02/09 09:55:25 INFO SparkEnv: Registering BlockManagerMaster
26/02/09 09:55:25 INFO BlockManagerMasterEndpoint: Using org.apache.spark.storage.DefaultTopologyMapper for getting topology information
26/02/09 09:55:25 INFO BlockManagerMasterEndpoint: BlockManagerMasterEndpoint up
26/02/09 09:55:25 INFO SparkEnv: Registering BlockManagerMasterHeartbeat
26/02/09 09:55:25 INFO DiskBlockManager: Created local directory at /tmp/blockmgr-2346f8f9-7b37-4f28-b663-cf4873ea931b
26/02/09 09:55:25 INFO MemoryStore: MemoryStore started with capacity 434.4 MiB
26/02/09 09:55:25 INFO SparkEnv: Registering OutputCommitCoordinator
26/02/09 09:55:25 INFO JettyUtils: Start Jetty 0.0.0.0:4040 for SparkUI
26/02/09 09:55:25 INFO Utils: Successfully started service 'SparkUI' on port 4040.
26/02/09 09:55:25 ERROR SparkContext: Failed to add mysql-connector-j-8.0.33.jar to Spark environment
java.io.FileNotFoundException: Jar /opt/airflow/mysql-connector-j-8.0.33.jar not found
	at org.apache.spark.SparkContext.addLocalJarFile$1(SparkContext.scala:2095)
	at org.apache.spark.SparkContext.addJar(SparkContext.scala:2151)
	at org.apache.spark.SparkContext.$anonfun$new$15(SparkContext.scala:521)
	at org.apache.spark.SparkContext.$anonfun$new$15$adapted(SparkContext.scala:521)
	at scala.collection.mutable.ResizableArray.foreach(ResizableArray.scala:62)
	at scala.collection.mutable.ResizableArray.foreach$(ResizableArray.scala:55)
	at scala.collection.mutable.ArrayBuffer.foreach(ArrayBuffer.scala:49)
	at org.apache.spark.SparkContext.<init>(SparkContext.scala:521)
	at org.apache.spark.api.java.JavaSparkContext.<init>(JavaSparkContext.scala:58)
	at java.base/jdk.internal.reflect.NativeConstructorAccessorImpl.newInstance0(Native Method)
	at java.base/jdk.internal.reflect.NativeConstructorAccessorImpl.newInstance(NativeConstructorAccessorImpl.java:77)
	at java.base/jdk.internal.reflect.DelegatingConstructorAccessorImpl.newInstance(DelegatingConstructorAccessorImpl.java:45)
	at java.base/java.lang.reflect.Constructor.newInstanceWithCaller(Constructor.java:500)
	at java.base/java.lang.reflect.Constructor.newInstance(Constructor.java:481)
	at py4j.reflection.MethodInvoker.invoke(MethodInvoker.java:247)
	at py4j.reflection.ReflectionEngine.invoke(ReflectionEngine.java:374)
	at py4j.Gateway.invoke(Gateway.java:238)
	at py4j.commands.ConstructorCommand.invokeConstructor(ConstructorCommand.java:80)
	at py4j.commands.ConstructorCommand.execute(ConstructorCommand.java:69)
	at py4j.ClientServerConnection.waitForCommands(ClientServerConnection.java:182)
	at py4j.ClientServerConnection.run(ClientServerConnection.java:106)
	at java.base/java.lang.Thread.run(Thread.java:840)
26/02/09 09:55:25 INFO SparkContext: Added file file:///home/airflow/.ivy2/jars/com.crealytics_spark-excel_2.12-0.13.5.jar at file:///home/airflow/.ivy2/jars/com.crealytics_spark-excel_2.12-0.13.5.jar with timestamp 1770630924589
26/02/09 09:55:25 INFO Utils: Copying /home/airflow/.ivy2/jars/com.crealytics_spark-excel_2.12-0.13.5.jar to /tmp/spark-09fe7ae6-8999-4347-9840-dab40ce691e7/userFiles-155a4d8e-a669-4160-b5ac-113dec0a33e2/com.crealytics_spark-excel_2.12-0.13.5.jar
26/02/09 09:55:25 INFO SparkContext: Added file file:///home/airflow/.ivy2/jars/org.apache.poi_poi-4.1.2.jar at file:///home/airflow/.ivy2/jars/org.apache.poi_poi-4.1.2.jar with timestamp 1770630924589
26/02/09 09:55:25 INFO Utils: Copying /home/airflow/.ivy2/jars/org.apache.poi_poi-4.1.2.jar to /tmp/spark-09fe7ae6-8999-4347-9840-dab40ce691e7/userFiles-155a4d8e-a669-4160-b5ac-113dec0a33e2/org.apache.poi_poi-4.1.2.jar
26/02/09 09:55:25 INFO SparkContext: Added file file:///home/airflow/.ivy2/jars/org.apache.poi_poi-ooxml-4.1.2.jar at file:///home/airflow/.ivy2/jars/org.apache.poi_poi-ooxml-4.1.2.jar with timestamp 1770630924589
26/02/09 09:55:25 INFO Utils: Copying /home/airflow/.ivy2/jars/org.apache.poi_poi-ooxml-4.1.2.jar to /tmp/spark-09fe7ae6-8999-4347-9840-dab40ce691e7/userFiles-155a4d8e-a669-4160-b5ac-113dec0a33e2/org.apache.poi_poi-ooxml-4.1.2.jar
26/02/09 09:55:25 INFO SparkContext: Added file file:///home/airflow/.ivy2/jars/com.norbitltd_spoiwo_2.12-1.7.0.jar at file:///home/airflow/.ivy2/jars/com.norbitltd_spoiwo_2.12-1.7.0.jar with timestamp 1770630924589
26/02/09 09:55:25 INFO Utils: Copying /home/airflow/.ivy2/jars/com.norbitltd_spoiwo_2.12-1.7.0.jar to /tmp/spark-09fe7ae6-8999-4347-9840-dab40ce691e7/userFiles-155a4d8e-a669-4160-b5ac-113dec0a33e2/com.norbitltd_spoiwo_2.12-1.7.0.jar
26/02/09 09:55:25 INFO SparkContext: Added file file:///home/airflow/.ivy2/jars/com.github.pjfanning_excel-streaming-reader-2.3.4.jar at file:///home/airflow/.ivy2/jars/com.github.pjfanning_excel-streaming-reader-2.3.4.jar with timestamp 1770630924589
26/02/09 09:55:25 INFO Utils: Copying /home/airflow/.ivy2/jars/com.github.pjfanning_excel-streaming-reader-2.3.4.jar to /tmp/spark-09fe7ae6-8999-4347-9840-dab40ce691e7/userFiles-155a4d8e-a669-4160-b5ac-113dec0a33e2/com.github.pjfanning_excel-streaming-reader-2.3.4.jar
26/02/09 09:55:25 INFO SparkContext: Added file file:///home/airflow/.ivy2/jars/com.github.pjfanning_poi-shared-strings-1.0.4.jar at file:///home/airflow/.ivy2/jars/com.github.pjfanning_poi-shared-strings-1.0.4.jar with timestamp 1770630924589
26/02/09 09:55:25 INFO Utils: Copying /home/airflow/.ivy2/jars/com.github.pjfanning_poi-shared-strings-1.0.4.jar to /tmp/spark-09fe7ae6-8999-4347-9840-dab40ce691e7/userFiles-155a4d8e-a669-4160-b5ac-113dec0a33e2/com.github.pjfanning_poi-shared-strings-1.0.4.jar
26/02/09 09:55:25 INFO SparkContext: Added file file:///home/airflow/.ivy2/jars/org.apache.commons_commons-compress-1.20.jar at file:///home/airflow/.ivy2/jars/org.apache.commons_commons-compress-1.20.jar with timestamp 1770630924589
26/02/09 09:55:25 INFO Utils: Copying /home/airflow/.ivy2/jars/org.apache.commons_commons-compress-1.20.jar to /tmp/spark-09fe7ae6-8999-4347-9840-dab40ce691e7/userFiles-155a4d8e-a669-4160-b5ac-113dec0a33e2/org.apache.commons_commons-compress-1.20.jar
26/02/09 09:55:25 INFO SparkContext: Added file file:///home/airflow/.ivy2/jars/com.fasterxml.jackson.core_jackson-core-2.8.8.jar at file:///home/airflow/.ivy2/jars/com.fasterxml.jackson.core_jackson-core-2.8.8.jar with timestamp 1770630924589
26/02/09 09:55:25 INFO Utils: Copying /home/airflow/.ivy2/jars/com.fasterxml.jackson.core_jackson-core-2.8.8.jar to /tmp/spark-09fe7ae6-8999-4347-9840-dab40ce691e7/userFiles-155a4d8e-a669-4160-b5ac-113dec0a33e2/com.fasterxml.jackson.core_jackson-core-2.8.8.jar
26/02/09 09:55:25 INFO SparkContext: Added file file:///home/airflow/.ivy2/jars/commons-codec_commons-codec-1.13.jar at file:///home/airflow/.ivy2/jars/commons-codec_commons-codec-1.13.jar with timestamp 1770630924589
26/02/09 09:55:25 INFO Utils: Copying /home/airflow/.ivy2/jars/commons-codec_commons-codec-1.13.jar to /tmp/spark-09fe7ae6-8999-4347-9840-dab40ce691e7/userFiles-155a4d8e-a669-4160-b5ac-113dec0a33e2/commons-codec_commons-codec-1.13.jar
26/02/09 09:55:25 INFO SparkContext: Added file file:///home/airflow/.ivy2/jars/org.apache.commons_commons-collections4-4.4.jar at file:///home/airflow/.ivy2/jars/org.apache.commons_commons-collections4-4.4.jar with timestamp 1770630924589
26/02/09 09:55:25 INFO Utils: Copying /home/airflow/.ivy2/jars/org.apache.commons_commons-collections4-4.4.jar to /tmp/spark-09fe7ae6-8999-4347-9840-dab40ce691e7/userFiles-155a4d8e-a669-4160-b5ac-113dec0a33e2/org.apache.commons_commons-collections4-4.4.jar
26/02/09 09:55:25 INFO SparkContext: Added file file:///home/airflow/.ivy2/jars/org.apache.commons_commons-math3-3.6.1.jar at file:///home/airflow/.ivy2/jars/org.apache.commons_commons-math3-3.6.1.jar with timestamp 1770630924589
26/02/09 09:55:25 INFO Utils: Copying /home/airflow/.ivy2/jars/org.apache.commons_commons-math3-3.6.1.jar to /tmp/spark-09fe7ae6-8999-4347-9840-dab40ce691e7/userFiles-155a4d8e-a669-4160-b5ac-113dec0a33e2/org.apache.commons_commons-math3-3.6.1.jar
26/02/09 09:55:25 INFO SparkContext: Added file file:///home/airflow/.ivy2/jars/com.zaxxer_SparseBitSet-1.2.jar at file:///home/airflow/.ivy2/jars/com.zaxxer_SparseBitSet-1.2.jar with timestamp 1770630924589
26/02/09 09:55:25 INFO Utils: Copying /home/airflow/.ivy2/jars/com.zaxxer_SparseBitSet-1.2.jar to /tmp/spark-09fe7ae6-8999-4347-9840-dab40ce691e7/userFiles-155a4d8e-a669-4160-b5ac-113dec0a33e2/com.zaxxer_SparseBitSet-1.2.jar
26/02/09 09:55:25 INFO SparkContext: Added file file:///home/airflow/.ivy2/jars/org.apache.poi_poi-ooxml-schemas-4.1.2.jar at file:///home/airflow/.ivy2/jars/org.apache.poi_poi-ooxml-schemas-4.1.2.jar with timestamp 1770630924589
26/02/09 09:55:25 INFO Utils: Copying /home/airflow/.ivy2/jars/org.apache.poi_poi-ooxml-schemas-4.1.2.jar to /tmp/spark-09fe7ae6-8999-4347-9840-dab40ce691e7/userFiles-155a4d8e-a669-4160-b5ac-113dec0a33e2/org.apache.poi_poi-ooxml-schemas-4.1.2.jar
26/02/09 09:55:25 INFO SparkContext: Added file file:///home/airflow/.ivy2/jars/com.github.virtuald_curvesapi-1.06.jar at file:///home/airflow/.ivy2/jars/com.github.virtuald_curvesapi-1.06.jar with timestamp 1770630924589
26/02/09 09:55:25 INFO Utils: Copying /home/airflow/.ivy2/jars/com.github.virtuald_curvesapi-1.06.jar to /tmp/spark-09fe7ae6-8999-4347-9840-dab40ce691e7/userFiles-155a4d8e-a669-4160-b5ac-113dec0a33e2/com.github.virtuald_curvesapi-1.06.jar
26/02/09 09:55:25 INFO SparkContext: Added file file:///home/airflow/.ivy2/jars/org.apache.xmlbeans_xmlbeans-3.1.0.jar at file:///home/airflow/.ivy2/jars/org.apache.xmlbeans_xmlbeans-3.1.0.jar with timestamp 1770630924589
26/02/09 09:55:25 INFO Utils: Copying /home/airflow/.ivy2/jars/org.apache.xmlbeans_xmlbeans-3.1.0.jar to /tmp/spark-09fe7ae6-8999-4347-9840-dab40ce691e7/userFiles-155a4d8e-a669-4160-b5ac-113dec0a33e2/org.apache.xmlbeans_xmlbeans-3.1.0.jar
26/02/09 09:55:25 INFO SparkContext: Added file file:///home/airflow/.ivy2/jars/org.scala-lang.modules_scala-xml_2.12-1.2.0.jar at file:///home/airflow/.ivy2/jars/org.scala-lang.modules_scala-xml_2.12-1.2.0.jar with timestamp 1770630924589
26/02/09 09:55:25 INFO Utils: Copying /home/airflow/.ivy2/jars/org.scala-lang.modules_scala-xml_2.12-1.2.0.jar to /tmp/spark-09fe7ae6-8999-4347-9840-dab40ce691e7/userFiles-155a4d8e-a669-4160-b5ac-113dec0a33e2/org.scala-lang.modules_scala-xml_2.12-1.2.0.jar
26/02/09 09:55:25 INFO SparkContext: Added file file:///home/airflow/.ivy2/jars/xml-apis_xml-apis-1.4.01.jar at file:///home/airflow/.ivy2/jars/xml-apis_xml-apis-1.4.01.jar with timestamp 1770630924589
26/02/09 09:55:25 INFO Utils: Copying /home/airflow/.ivy2/jars/xml-apis_xml-apis-1.4.01.jar to /tmp/spark-09fe7ae6-8999-4347-9840-dab40ce691e7/userFiles-155a4d8e-a669-4160-b5ac-113dec0a33e2/xml-apis_xml-apis-1.4.01.jar
26/02/09 09:55:25 INFO SparkContext: Added file file:///home/airflow/.ivy2/jars/org.slf4j_slf4j-api-1.7.30.jar at file:///home/airflow/.ivy2/jars/org.slf4j_slf4j-api-1.7.30.jar with timestamp 1770630924589
26/02/09 09:55:25 INFO Utils: Copying /home/airflow/.ivy2/jars/org.slf4j_slf4j-api-1.7.30.jar to /tmp/spark-09fe7ae6-8999-4347-9840-dab40ce691e7/userFiles-155a4d8e-a669-4160-b5ac-113dec0a33e2/org.slf4j_slf4j-api-1.7.30.jar
26/02/09 09:55:25 INFO SparkContext: Added file file:///home/airflow/.ivy2/jars/com.h2database_h2-1.4.200.jar at file:///home/airflow/.ivy2/jars/com.h2database_h2-1.4.200.jar with timestamp 1770630924589
26/02/09 09:55:25 INFO Utils: Copying /home/airflow/.ivy2/jars/com.h2database_h2-1.4.200.jar to /tmp/spark-09fe7ae6-8999-4347-9840-dab40ce691e7/userFiles-155a4d8e-a669-4160-b5ac-113dec0a33e2/com.h2database_h2-1.4.200.jar
26/02/09 09:55:26 INFO SparkContext: Added file file:///home/airflow/.ivy2/jars/org.apache.commons_commons-text-1.8.jar at file:///home/airflow/.ivy2/jars/org.apache.commons_commons-text-1.8.jar with timestamp 1770630924589
26/02/09 09:55:26 INFO Utils: Copying /home/airflow/.ivy2/jars/org.apache.commons_commons-text-1.8.jar to /tmp/spark-09fe7ae6-8999-4347-9840-dab40ce691e7/userFiles-155a4d8e-a669-4160-b5ac-113dec0a33e2/org.apache.commons_commons-text-1.8.jar
26/02/09 09:55:26 INFO SparkContext: Added file file:///home/airflow/.ivy2/jars/org.apache.commons_commons-lang3-3.9.jar at file:///home/airflow/.ivy2/jars/org.apache.commons_commons-lang3-3.9.jar with timestamp 1770630924589
26/02/09 09:55:26 INFO Utils: Copying /home/airflow/.ivy2/jars/org.apache.commons_commons-lang3-3.9.jar to /tmp/spark-09fe7ae6-8999-4347-9840-dab40ce691e7/userFiles-155a4d8e-a669-4160-b5ac-113dec0a33e2/org.apache.commons_commons-lang3-3.9.jar
26/02/09 09:55:26 INFO Executor: Starting executor ID driver on host eff5ec4100e1
26/02/09 09:55:26 INFO Executor: OS info Linux, 6.14.0-1017-azure, amd64
26/02/09 09:55:26 INFO Executor: Java version 17.0.16
26/02/09 09:55:26 INFO Executor: Starting executor with user classpath (userClassPathFirst = false): ''
26/02/09 09:55:26 INFO Executor: Created or updated repl class loader org.apache.spark.util.MutableURLClassLoader@72a09858 for default.
26/02/09 09:55:26 INFO Executor: Fetching file:///home/airflow/.ivy2/jars/commons-codec_commons-codec-1.13.jar with timestamp 1770630924589
26/02/09 09:55:26 INFO Utils: /home/airflow/.ivy2/jars/commons-codec_commons-codec-1.13.jar has been previously copied to /tmp/spark-09fe7ae6-8999-4347-9840-dab40ce691e7/userFiles-155a4d8e-a669-4160-b5ac-113dec0a33e2/commons-codec_commons-codec-1.13.jar
26/02/09 09:55:26 INFO Executor: Fetching file:///home/airflow/.ivy2/jars/xml-apis_xml-apis-1.4.01.jar with timestamp 1770630924589
26/02/09 09:55:26 INFO Utils: /home/airflow/.ivy2/jars/xml-apis_xml-apis-1.4.01.jar has been previously copied to /tmp/spark-09fe7ae6-8999-4347-9840-dab40ce691e7/userFiles-155a4d8e-a669-4160-b5ac-113dec0a33e2/xml-apis_xml-apis-1.4.01.jar
26/02/09 09:55:26 INFO Executor: Fetching file:///home/airflow/.ivy2/jars/com.zaxxer_SparseBitSet-1.2.jar with timestamp 1770630924589
26/02/09 09:55:26 INFO Utils: /home/airflow/.ivy2/jars/com.zaxxer_SparseBitSet-1.2.jar has been previously copied to /tmp/spark-09fe7ae6-8999-4347-9840-dab40ce691e7/userFiles-155a4d8e-a669-4160-b5ac-113dec0a33e2/com.zaxxer_SparseBitSet-1.2.jar
26/02/09 09:55:26 INFO Executor: Fetching file:///home/airflow/.ivy2/jars/org.apache.commons_commons-compress-1.20.jar with timestamp 1770630924589
26/02/09 09:55:26 INFO Utils: /home/airflow/.ivy2/jars/org.apache.commons_commons-compress-1.20.jar has been previously copied to /tmp/spark-09fe7ae6-8999-4347-9840-dab40ce691e7/userFiles-155a4d8e-a669-4160-b5ac-113dec0a33e2/org.apache.commons_commons-compress-1.20.jar
26/02/09 09:55:26 INFO Executor: Fetching file:///home/airflow/.ivy2/jars/org.slf4j_slf4j-api-1.7.30.jar with timestamp 1770630924589
26/02/09 09:55:26 INFO Utils: /home/airflow/.ivy2/jars/org.slf4j_slf4j-api-1.7.30.jar has been previously copied to /tmp/spark-09fe7ae6-8999-4347-9840-dab40ce691e7/userFiles-155a4d8e-a669-4160-b5ac-113dec0a33e2/org.slf4j_slf4j-api-1.7.30.jar
26/02/09 09:55:26 INFO Executor: Fetching file:///home/airflow/.ivy2/jars/org.apache.xmlbeans_xmlbeans-3.1.0.jar with timestamp 1770630924589
26/02/09 09:55:26 INFO Utils: /home/airflow/.ivy2/jars/org.apache.xmlbeans_xmlbeans-3.1.0.jar has been previously copied to /tmp/spark-09fe7ae6-8999-4347-9840-dab40ce691e7/userFiles-155a4d8e-a669-4160-b5ac-113dec0a33e2/org.apache.xmlbeans_xmlbeans-3.1.0.jar
26/02/09 09:55:26 INFO Executor: Fetching file:///home/airflow/.ivy2/jars/org.apache.poi_poi-ooxml-4.1.2.jar with timestamp 1770630924589
26/02/09 09:55:26 INFO Utils: /home/airflow/.ivy2/jars/org.apache.poi_poi-ooxml-4.1.2.jar has been previously copied to /tmp/spark-09fe7ae6-8999-4347-9840-dab40ce691e7/userFiles-155a4d8e-a669-4160-b5ac-113dec0a33e2/org.apache.poi_poi-ooxml-4.1.2.jar
26/02/09 09:55:26 INFO Executor: Fetching file:///home/airflow/.ivy2/jars/com.github.virtuald_curvesapi-1.06.jar with timestamp 1770630924589
26/02/09 09:55:26 INFO Utils: /home/airflow/.ivy2/jars/com.github.virtuald_curvesapi-1.06.jar has been previously copied to /tmp/spark-09fe7ae6-8999-4347-9840-dab40ce691e7/userFiles-155a4d8e-a669-4160-b5ac-113dec0a33e2/com.github.virtuald_curvesapi-1.06.jar
26/02/09 09:55:26 INFO Executor: Fetching file:///home/airflow/.ivy2/jars/com.crealytics_spark-excel_2.12-0.13.5.jar with timestamp 1770630924589
26/02/09 09:55:26 INFO Utils: /home/airflow/.ivy2/jars/com.crealytics_spark-excel_2.12-0.13.5.jar has been previously copied to /tmp/spark-09fe7ae6-8999-4347-9840-dab40ce691e7/userFiles-155a4d8e-a669-4160-b5ac-113dec0a33e2/com.crealytics_spark-excel_2.12-0.13.5.jar
26/02/09 09:55:26 INFO Executor: Fetching file:///home/airflow/.ivy2/jars/org.apache.commons_commons-collections4-4.4.jar with timestamp 1770630924589
26/02/09 09:55:26 INFO Utils: /home/airflow/.ivy2/jars/org.apache.commons_commons-collections4-4.4.jar has been previously copied to /tmp/spark-09fe7ae6-8999-4347-9840-dab40ce691e7/userFiles-155a4d8e-a669-4160-b5ac-113dec0a33e2/org.apache.commons_commons-collections4-4.4.jar
26/02/09 09:55:26 INFO Executor: Fetching file:///home/airflow/.ivy2/jars/com.github.pjfanning_poi-shared-strings-1.0.4.jar with timestamp 1770630924589
26/02/09 09:55:26 INFO Utils: /home/airflow/.ivy2/jars/com.github.pjfanning_poi-shared-strings-1.0.4.jar has been previously copied to /tmp/spark-09fe7ae6-8999-4347-9840-dab40ce691e7/userFiles-155a4d8e-a669-4160-b5ac-113dec0a33e2/com.github.pjfanning_poi-shared-strings-1.0.4.jar
26/02/09 09:55:26 INFO Executor: Fetching file:///home/airflow/.ivy2/jars/com.h2database_h2-1.4.200.jar with timestamp 1770630924589
26/02/09 09:55:26 INFO Utils: /home/airflow/.ivy2/jars/com.h2database_h2-1.4.200.jar has been previously copied to /tmp/spark-09fe7ae6-8999-4347-9840-dab40ce691e7/userFiles-155a4d8e-a669-4160-b5ac-113dec0a33e2/com.h2database_h2-1.4.200.jar
26/02/09 09:55:26 INFO Executor: Fetching file:///home/airflow/.ivy2/jars/org.apache.commons_commons-math3-3.6.1.jar with timestamp 1770630924589
26/02/09 09:55:26 INFO Utils: /home/airflow/.ivy2/jars/org.apache.commons_commons-math3-3.6.1.jar has been previously copied to /tmp/spark-09fe7ae6-8999-4347-9840-dab40ce691e7/userFiles-155a4d8e-a669-4160-b5ac-113dec0a33e2/org.apache.commons_commons-math3-3.6.1.jar
26/02/09 09:55:26 INFO Executor: Fetching file:///home/airflow/.ivy2/jars/com.github.pjfanning_excel-streaming-reader-2.3.4.jar with timestamp 1770630924589
26/02/09 09:55:26 INFO Utils: /home/airflow/.ivy2/jars/com.github.pjfanning_excel-streaming-reader-2.3.4.jar has been previously copied to /tmp/spark-09fe7ae6-8999-4347-9840-dab40ce691e7/userFiles-155a4d8e-a669-4160-b5ac-113dec0a33e2/com.github.pjfanning_excel-streaming-reader-2.3.4.jar
26/02/09 09:55:26 INFO Executor: Fetching file:///home/airflow/.ivy2/jars/com.fasterxml.jackson.core_jackson-core-2.8.8.jar with timestamp 1770630924589
26/02/09 09:55:26 INFO Utils: /home/airflow/.ivy2/jars/com.fasterxml.jackson.core_jackson-core-2.8.8.jar has been previously copied to /tmp/spark-09fe7ae6-8999-4347-9840-dab40ce691e7/userFiles-155a4d8e-a669-4160-b5ac-113dec0a33e2/com.fasterxml.jackson.core_jackson-core-2.8.8.jar
26/02/09 09:55:26 INFO Executor: Fetching file:///home/airflow/.ivy2/jars/org.apache.commons_commons-lang3-3.9.jar with timestamp 1770630924589
26/02/09 09:55:26 INFO Utils: /home/airflow/.ivy2/jars/org.apache.commons_commons-lang3-3.9.jar has been previously copied to /tmp/spark-09fe7ae6-8999-4347-9840-dab40ce691e7/userFiles-155a4d8e-a669-4160-b5ac-113dec0a33e2/org.apache.commons_commons-lang3-3.9.jar
26/02/09 09:55:26 INFO Executor: Fetching file:///home/airflow/.ivy2/jars/org.apache.poi_poi-ooxml-schemas-4.1.2.jar with timestamp 1770630924589
26/02/09 09:55:26 INFO Utils: /home/airflow/.ivy2/jars/org.apache.poi_poi-ooxml-schemas-4.1.2.jar has been previously copied to /tmp/spark-09fe7ae6-8999-4347-9840-dab40ce691e7/userFiles-155a4d8e-a669-4160-b5ac-113dec0a33e2/org.apache.poi_poi-ooxml-schemas-4.1.2.jar
26/02/09 09:55:26 INFO Executor: Fetching file:///home/airflow/.ivy2/jars/org.scala-lang.modules_scala-xml_2.12-1.2.0.jar with timestamp 1770630924589
26/02/09 09:55:26 INFO Utils: /home/airflow/.ivy2/jars/org.scala-lang.modules_scala-xml_2.12-1.2.0.jar has been previously copied to /tmp/spark-09fe7ae6-8999-4347-9840-dab40ce691e7/userFiles-155a4d8e-a669-4160-b5ac-113dec0a33e2/org.scala-lang.modules_scala-xml_2.12-1.2.0.jar
26/02/09 09:55:26 INFO Executor: Fetching file:///home/airflow/.ivy2/jars/com.norbitltd_spoiwo_2.12-1.7.0.jar with timestamp 1770630924589
26/02/09 09:55:26 INFO Utils: /home/airflow/.ivy2/jars/com.norbitltd_spoiwo_2.12-1.7.0.jar has been previously copied to /tmp/spark-09fe7ae6-8999-4347-9840-dab40ce691e7/userFiles-155a4d8e-a669-4160-b5ac-113dec0a33e2/com.norbitltd_spoiwo_2.12-1.7.0.jar
26/02/09 09:55:26 INFO Executor: Fetching file:///home/airflow/.ivy2/jars/org.apache.poi_poi-4.1.2.jar with timestamp 1770630924589
26/02/09 09:55:26 INFO Utils: /home/airflow/.ivy2/jars/org.apache.poi_poi-4.1.2.jar has been previously copied to /tmp/spark-09fe7ae6-8999-4347-9840-dab40ce691e7/userFiles-155a4d8e-a669-4160-b5ac-113dec0a33e2/org.apache.poi_poi-4.1.2.jar
26/02/09 09:55:26 INFO Executor: Fetching file:///home/airflow/.ivy2/jars/org.apache.commons_commons-text-1.8.jar with timestamp 1770630924589
26/02/09 09:55:26 INFO Utils: /home/airflow/.ivy2/jars/org.apache.commons_commons-text-1.8.jar has been previously copied to /tmp/spark-09fe7ae6-8999-4347-9840-dab40ce691e7/userFiles-155a4d8e-a669-4160-b5ac-113dec0a33e2/org.apache.commons_commons-text-1.8.jar
26/02/09 09:55:26 INFO Utils: Successfully started service 'org.apache.spark.network.netty.NettyBlockTransferService' on port 36531.
26/02/09 09:55:26 INFO NettyBlockTransferService: Server created on eff5ec4100e1:36531
26/02/09 09:55:26 INFO BlockManager: Using org.apache.spark.storage.RandomBlockReplicationPolicy for block replication policy
26/02/09 09:55:26 INFO BlockManagerMaster: Registering BlockManager BlockManagerId(driver, eff5ec4100e1, 36531, None)
26/02/09 09:55:26 INFO BlockManagerMasterEndpoint: Registering block manager eff5ec4100e1:36531 with 434.4 MiB RAM, BlockManagerId(driver, eff5ec4100e1, 36531, None)
26/02/09 09:55:26 INFO BlockManagerMaster: Registered BlockManager BlockManagerId(driver, eff5ec4100e1, 36531, None)
26/02/09 09:55:26 INFO BlockManager: Initialized BlockManager: BlockManagerId(driver, eff5ec4100e1, 36531, None)
26/02/09 09:55:27 INFO SharedState: Setting hive.metastore.warehouse.dir ('null') to the value of spark.sql.warehouse.dir.
26/02/09 09:55:27 INFO SharedState: Warehouse path is 'file:/opt/airflow/spark-warehouse'.
26/02/09 09:55:28 WARN SparkSession: Using an existing Spark session; only runtime SQL configurations will take effect.
26/02/09 09:55:28 WARN SparkSession: Using an existing Spark session; only runtime SQL configurations will take effect.
26/02/09 09:55:28 WARN SparkSession: Using an existing Spark session; only runtime SQL configurations will take effect.
26/02/09 09:55:31 WARN SparkSession: Using an existing Spark session; only runtime SQL configurations will take effect.
26/02/09 09:55:31 WARN SparkSession: Using an existing Spark session; only runtime SQL configurations will take effect.
26/02/09 09:55:31 WARN SparkSession: Using an existing Spark session; only runtime SQL configurations will take effect.
26/02/09 09:55:31 WARN SparkSession: Using an existing Spark session; only runtime SQL configurations will take effect.
26/02/09 09:55:31 WARN SparkSession: Using an existing Spark session; only runtime SQL configurations will take effect.
26/02/09 09:55:31 WARN SparkSession: Using an existing Spark session; only runtime SQL configurations will take effect.
26/02/09 09:55:31 WARN SparkSession: Using an existing Spark session; only runtime SQL configurations will take effect.
26/02/09 09:55:31 WARN SparkSession: Using an existing Spark session; only runtime SQL configurations will take effect.
26/02/09 09:55:31 WARN SparkSession: Using an existing Spark session; only runtime SQL configurations will take effect.
26/02/09 09:55:31 WARN SparkSession: Using an existing Spark session; only runtime SQL configurations will take effect.
26/02/09 09:55:31 WARN SparkSession: Using an existing Spark session; only runtime SQL configurations will take effect.
26/02/09 09:55:31 WARN SparkSession: Using an existing Spark session; only runtime SQL configurations will take effect.
26/02/09 09:55:31 WARN SparkSession: Using an existing Spark session; only runtime SQL configurations will take effect.
26/02/09 09:55:31 WARN SparkSession: Using an existing Spark session; only runtime SQL configurations will take effect.
26/02/09 09:55:31 WARN SparkSession: Using an existing Spark session; only runtime SQL configurations will take effect.
26/02/09 09:55:36 INFO CodeGenerator: Code generated in 439.392705 ms
26/02/09 09:55:36 INFO SparkContext: Starting job: collect at /opt/airflow/RedPluto-Data-Engineering-Tool/main_reconciliation.py:37
26/02/09 09:55:36 INFO DAGScheduler: Got job 0 (collect at /opt/airflow/RedPluto-Data-Engineering-Tool/main_reconciliation.py:37) with 1 output partitions
26/02/09 09:55:36 INFO DAGScheduler: Final stage: ResultStage 0 (collect at /opt/airflow/RedPluto-Data-Engineering-Tool/main_reconciliation.py:37)
26/02/09 09:55:36 INFO DAGScheduler: Parents of final stage: List()
26/02/09 09:55:36 INFO DAGScheduler: Missing parents: List()
26/02/09 09:55:36 INFO DAGScheduler: Submitting ResultStage 0 (MapPartitionsRDD[2] at collect at /opt/airflow/RedPluto-Data-Engineering-Tool/main_reconciliation.py:37), which has no missing parents
26/02/09 09:55:36 INFO MemoryStore: Block broadcast_0 stored as values in memory (estimated size 18.9 KiB, free 434.4 MiB)
26/02/09 09:55:36 INFO MemoryStore: Block broadcast_0_piece0 stored as bytes in memory (estimated size 7.8 KiB, free 434.4 MiB)
26/02/09 09:55:36 INFO BlockManagerInfo: Added broadcast_0_piece0 in memory on eff5ec4100e1:36531 (size: 7.8 KiB, free: 434.4 MiB)
26/02/09 09:55:36 INFO SparkContext: Created broadcast 0 from broadcast at DAGScheduler.scala:1585
26/02/09 09:55:36 INFO DAGScheduler: Submitting 1 missing tasks from ResultStage 0 (MapPartitionsRDD[2] at collect at /opt/airflow/RedPluto-Data-Engineering-Tool/main_reconciliation.py:37) (first 15 tasks are for partitions Vector(0))
26/02/09 09:55:36 INFO TaskSchedulerImpl: Adding task set 0.0 with 1 tasks resource profile 0
26/02/09 09:55:36 INFO TaskSetManager: Starting task 0.0 in stage 0.0 (TID 0) (eff5ec4100e1, executor driver, partition 0, PROCESS_LOCAL, 10804 bytes) 
26/02/09 09:55:36 INFO Executor: Running task 0.0 in stage 0.0 (TID 0)
26/02/09 09:55:37 INFO CodeGenerator: Code generated in 96.910309 ms
26/02/09 09:55:37 INFO JDBCRDD: closed connection
26/02/09 09:55:37 INFO Executor: Finished task 0.0 in stage 0.0 (TID 0). 1825 bytes result sent to driver
26/02/09 09:55:37 INFO TaskSetManager: Finished task 0.0 in stage 0.0 (TID 0) in 843 ms on eff5ec4100e1 (executor driver) (1/1)
26/02/09 09:55:37 INFO TaskSchedulerImpl: Removed TaskSet 0.0, whose tasks have all completed, from pool 
26/02/09 09:55:37 INFO DAGScheduler: ResultStage 0 (collect at /opt/airflow/RedPluto-Data-Engineering-Tool/main_reconciliation.py:37) finished in 1.077 s
26/02/09 09:55:37 INFO DAGScheduler: Job 0 is finished. Cancelling potential speculative or zombie tasks for this job
26/02/09 09:55:37 INFO TaskSchedulerImpl: Killing all running tasks in stage 0: Stage finished
26/02/09 09:55:37 INFO DAGScheduler: Job 0 finished: collect at /opt/airflow/RedPluto-Data-Engineering-Tool/main_reconciliation.py:37, took 1.190216 s
26/02/09 09:55:37 INFO SparkContext: Starting job: collect at /opt/airflow/RedPluto-Data-Engineering-Tool/main_reconciliation.py:39
26/02/09 09:55:37 INFO DAGScheduler: Got job 1 (collect at /opt/airflow/RedPluto-Data-Engineering-Tool/main_reconciliation.py:39) with 1 output partitions
26/02/09 09:55:37 INFO DAGScheduler: Final stage: ResultStage 1 (collect at /opt/airflow/RedPluto-Data-Engineering-Tool/main_reconciliation.py:39)
26/02/09 09:55:37 INFO DAGScheduler: Parents of final stage: List()
26/02/09 09:55:37 INFO DAGScheduler: Missing parents: List()
26/02/09 09:55:37 INFO DAGScheduler: Submitting ResultStage 1 (MapPartitionsRDD[5] at collect at /opt/airflow/RedPluto-Data-Engineering-Tool/main_reconciliation.py:39), which has no missing parents
26/02/09 09:55:38 INFO MemoryStore: Block broadcast_1 stored as values in memory (estimated size 17.9 KiB, free 434.4 MiB)
26/02/09 09:55:38 INFO MemoryStore: Block broadcast_1_piece0 stored as bytes in memory (estimated size 7.4 KiB, free 434.3 MiB)
26/02/09 09:55:38 INFO BlockManagerInfo: Added broadcast_1_piece0 in memory on eff5ec4100e1:36531 (size: 7.4 KiB, free: 434.4 MiB)
26/02/09 09:55:38 INFO SparkContext: Created broadcast 1 from broadcast at DAGScheduler.scala:1585
26/02/09 09:55:38 INFO DAGScheduler: Submitting 1 missing tasks from ResultStage 1 (MapPartitionsRDD[5] at collect at /opt/airflow/RedPluto-Data-Engineering-Tool/main_reconciliation.py:39) (first 15 tasks are for partitions Vector(0))
26/02/09 09:55:38 INFO TaskSchedulerImpl: Adding task set 1.0 with 1 tasks resource profile 0
26/02/09 09:55:38 INFO TaskSetManager: Starting task 0.0 in stage 1.0 (TID 1) (eff5ec4100e1, executor driver, partition 0, PROCESS_LOCAL, 10804 bytes) 
26/02/09 09:55:38 INFO Executor: Running task 0.0 in stage 1.0 (TID 1)
26/02/09 09:55:38 INFO JDBCRDD: closed connection
26/02/09 09:55:38 INFO Executor: Finished task 0.0 in stage 1.0 (TID 1). 7560 bytes result sent to driver
26/02/09 09:55:38 INFO TaskSetManager: Finished task 0.0 in stage 1.0 (TID 1) in 132 ms on eff5ec4100e1 (executor driver) (1/1)
26/02/09 09:55:38 INFO TaskSchedulerImpl: Removed TaskSet 1.0, whose tasks have all completed, from pool 
26/02/09 09:55:38 INFO DAGScheduler: ResultStage 1 (collect at /opt/airflow/RedPluto-Data-Engineering-Tool/main_reconciliation.py:39) finished in 0.151 s
26/02/09 09:55:38 INFO DAGScheduler: Job 1 is finished. Cancelling potential speculative or zombie tasks for this job
26/02/09 09:55:38 INFO TaskSchedulerImpl: Killing all running tasks in stage 1: Stage finished
26/02/09 09:55:38 INFO DAGScheduler: Job 1 finished: collect at /opt/airflow/RedPluto-Data-Engineering-Tool/main_reconciliation.py:39, took 0.162850 s
26/02/09 09:55:38 INFO SparkContext: Invoking stop() from shutdown hook
26/02/09 09:55:38 INFO SparkContext: SparkContext is stopping with exitCode 0.
26/02/09 09:55:38 INFO SparkUI: Stopped Spark web UI at http://eff5ec4100e1:4040
26/02/09 09:55:38 INFO MapOutputTrackerMasterEndpoint: MapOutputTrackerMasterEndpoint stopped!
26/02/09 09:55:38 INFO MemoryStore: MemoryStore cleared
26/02/09 09:55:38 INFO BlockManager: BlockManager stopped
26/02/09 09:55:38 INFO BlockManagerMaster: BlockManagerMaster stopped
26/02/09 09:55:38 INFO OutputCommitCoordinator$OutputCommitCoordinatorEndpoint: OutputCommitCoordinator stopped!
26/02/09 09:55:38 INFO SparkContext: Successfully stopped SparkContext
26/02/09 09:55:38 INFO ShutdownHookManager: Shutdown hook called
26/02/09 09:55:38 INFO ShutdownHookManager: Deleting directory /tmp/spark-09fe7ae6-8999-4347-9840-dab40ce691e7/pyspark-bc1d5b41-7a24-44a2-9519-e9270e70d1f3
26/02/09 09:55:38 INFO ShutdownHookManager: Deleting directory /tmp/spark-09fe7ae6-8999-4347-9840-dab40ce691e7
26/02/09 09:55:38 INFO ShutdownHookManager: Deleting directory /tmp/spark-6a99546f-9edf-48f6-8e39-7c9586f94037

[2026-02-09T09:55:38.692+0000] {taskinstance.py:1225} INFO - Marking task as FAILED. dag_id=Data_Reconciliation_Dag_1, task_id=Data_Reconciliation_Dag_1, run_id=manual__2026-02-09T09:55:17.139978+00:00, execution_date=20260209T095517, start_date=20260209T095517, end_date=20260209T095538
[2026-02-09T09:55:38.705+0000] {taskinstance.py:340} INFO - ::group::Post task execution logs
[2026-02-09T09:55:38.705+0000] {standard_task_runner.py:124} ERROR - Failed to execute job 1303 for task Data_Reconciliation_Dag_1 (Error executing Spark job: Spark job failed with return code 1:
:: loading settings :: url = jar:file:/opt/spark/jars/ivy-2.5.1.jar!/org/apache/ivy/core/settings/ivysettings.xml
2026-02-09 09:55:31,934 - INFO - Reading Reconciliation Config Table
try
2026-02-09 09:55:38,197 - INFO - Looping through Recon Config Table Arguments
Traceback (most recent call last):
  File "/opt/spark/python/lib/pyspark.zip/pyspark/sql/types.py", line 2378, in __getitem__
ValueError: 'start_time' is not in list

During handling of the above exception, another exception occurred:

Traceback (most recent call last):
  File "/opt/airflow/RedPluto-Data-Engineering-Tool/main_reconciliation.py", line 158, in <module>
    config_reconciliation(run_id, app_prop)
  File "/opt/airflow/RedPluto-Data-Engineering-Tool/main_reconciliation.py", line 52, in config_reconciliation
    start_time = row["start_time"]
                 ~~~^^^^^^^^^^^^^^
  File "/opt/spark/python/lib/pyspark.zip/pyspark/sql/types.py", line 2383, in __getitem__
pyspark.errors.exceptions.base.PySparkValueError: start_time

Ivy Default Cache set to: /home/airflow/.ivy2/cache
The jars for the packages stored in: /home/airflow/.ivy2/jars
com.crealytics#spark-excel_2.12 added as a dependency
:: resolving dependencies :: org.apache.spark#spark-submit-parent-fae816d7-5257-461d-8149-3cb8c58e0249;1.0
	confs: [default]
	found com.crealytics#spark-excel_2.12;0.13.5 in central
	found org.apache.poi#poi;4.1.2 in central
	found commons-codec#commons-codec;1.13 in central
	found org.apache.commons#commons-collections4;4.4 in central
	found org.apache.commons#commons-math3;3.6.1 in central
	found com.zaxxer#SparseBitSet;1.2 in central
	found org.apache.poi#poi-ooxml;4.1.2 in central
	found org.apache.poi#poi-ooxml-schemas;4.1.2 in central
	found org.apache.xmlbeans#xmlbeans;3.1.0 in central
	found com.github.virtuald#curvesapi;1.06 in central
	found com.norbitltd#spoiwo_2.12;1.7.0 in central
	found org.scala-lang.modules#scala-xml_2.12;1.2.0 in central
	found com.github.pjfanning#excel-streaming-reader;2.3.4 in central
	found com.github.pjfanning#poi-shared-strings;1.0.4 in central
	found com.h2database#h2;1.4.200 in central
	found org.apache.commons#commons-text;1.8 in central
	found org.apache.commons#commons-lang3;3.9 in central
	found xml-apis#xml-apis;1.4.01 in central
	found org.slf4j#slf4j-api;1.7.30 in central
	found org.apache.commons#commons-compress;1.20 in central
	found com.fasterxml.jackson.core#jackson-core;2.8.8 in central
:: resolution report :: resolve 1191ms :: artifacts dl 62ms
	:: modules in use:
	com.crealytics#spark-excel_2.12;0.13.5 from central in [default]
	com.fasterxml.jackson.core#jackson-core;2.8.8 from central in [default]
	com.github.pjfanning#excel-streaming-reader;2.3.4 from central in [default]
	com.github.pjfanning#poi-shared-strings;1.0.4 from central in [default]
	com.github.virtuald#curvesapi;1.06 from central in [default]
	com.h2database#h2;1.4.200 from central in [default]
	com.norbitltd#spoiwo_2.12;1.7.0 from central in [default]
	com.zaxxer#SparseBitSet;1.2 from central in [default]
	commons-codec#commons-codec;1.13 from central in [default]
	org.apache.commons#commons-collections4;4.4 from central in [default]
	org.apache.commons#commons-compress;1.20 from central in [default]
	org.apache.commons#commons-lang3;3.9 from central in [default]
	org.apache.commons#commons-math3;3.6.1 from central in [default]
	org.apache.commons#commons-text;1.8 from central in [default]
	org.apache.poi#poi;4.1.2 from central in [default]
	org.apache.poi#poi-ooxml;4.1.2 from central in [default]
	org.apache.poi#poi-ooxml-schemas;4.1.2 from central in [default]
	org.apache.xmlbeans#xmlbeans;3.1.0 from central in [default]
	org.scala-lang.modules#scala-xml_2.12;1.2.0 from central in [default]
	org.slf4j#slf4j-api;1.7.30 from central in [default]
	xml-apis#xml-apis;1.4.01 from central in [default]
	:: evicted modules:
	org.apache.commons#commons-compress;1.19 by [org.apache.commons#commons-compress;1.20] in [default]
	---------------------------------------------------------------------
	|                  |            modules            ||   artifacts   |
	|       conf       | number| search|dwnlded|evicted|| number|dwnlded|
	---------------------------------------------------------------------
	|      default     |   22  |   0   |   0   |   1   ||   21  |   0   |
	---------------------------------------------------------------------
:: retrieving :: org.apache.spark#spark-submit-parent-fae816d7-5257-461d-8149-3cb8c58e0249
	confs: [default]
	0 artifacts copied, 21 already retrieved (0kB/29ms)
26/02/09 09:55:22 WARN NativeCodeLoader: Unable to load native-hadoop library for your platform... using builtin-java classes where applicable
26/02/09 09:55:24 INFO SparkContext: Running Spark version 3.5.5
26/02/09 09:55:24 INFO SparkContext: OS info Linux, 6.14.0-1017-azure, amd64
26/02/09 09:55:24 INFO SparkContext: Java version 17.0.16
26/02/09 09:55:24 INFO ResourceUtils: ==============================================================
26/02/09 09:55:24 INFO ResourceUtils: No custom resources configured for spark.driver.
26/02/09 09:55:24 INFO ResourceUtils: ==============================================================
26/02/09 09:55:24 INFO SparkContext: Submitted application: audit
26/02/09 09:55:24 INFO ResourceProfile: Default ResourceProfile created, executor resources: Map(cores -> name: cores, amount: 1, script: , vendor: , memory -> name: memory, amount: 1024, script: , vendor: , offHeap -> name: offHeap, amount: 0, script: , vendor: ), task resources: Map(cpus -> name: cpus, amount: 1.0)
26/02/09 09:55:24 INFO ResourceProfile: Limiting resource is cpu
26/02/09 09:55:24 INFO ResourceProfileManager: Added ResourceProfile id: 0
26/02/09 09:55:24 INFO SecurityManager: Changing view acls to: default
26/02/09 09:55:24 INFO SecurityManager: Changing modify acls to: default
26/02/09 09:55:24 INFO SecurityManager: Changing view acls groups to: 
26/02/09 09:55:24 INFO SecurityManager: Changing modify acls groups to: 
26/02/09 09:55:24 INFO SecurityManager: SecurityManager: authentication disabled; ui acls disabled; users with view permissions: default; groups with view permissions: EMPTY; users with modify permissions: default; groups with modify permissions: EMPTY
26/02/09 09:55:25 INFO Utils: Successfully started service 'sparkDriver' on port 35309.
26/02/09 09:55:25 INFO SparkEnv: Registering MapOutputTracker
26/02/09 09:55:25 INFO SparkEnv: Registering BlockManagerMaster
26/02/09 09:55:25 INFO BlockManagerMasterEndpoint: Using org.apache.spark.storage.DefaultTopologyMapper for getting topology information
26/02/09 09:55:25 INFO BlockManagerMasterEndpoint: BlockManagerMasterEndpoint up
26/02/09 09:55:25 INFO SparkEnv: Registering BlockManagerMasterHeartbeat
26/02/09 09:55:25 INFO DiskBlockManager: Created local directory at /tmp/blockmgr-2346f8f9-7b37-4f28-b663-cf4873ea931b
26/02/09 09:55:25 INFO MemoryStore: MemoryStore started with capacity 434.4 MiB
26/02/09 09:55:25 INFO SparkEnv: Registering OutputCommitCoordinator
26/02/09 09:55:25 INFO JettyUtils: Start Jetty 0.0.0.0:4040 for SparkUI
26/02/09 09:55:25 INFO Utils: Successfully started service 'SparkUI' on port 4040.
26/02/09 09:55:25 ERROR SparkContext: Failed to add mysql-connector-j-8.0.33.jar to Spark environment
java.io.FileNotFoundException: Jar /opt/airflow/mysql-connector-j-8.0.33.jar not found
	at org.apache.spark.SparkContext.addLocalJarFile$1(SparkContext.scala:2095)
	at org.apache.spark.SparkContext.addJar(SparkContext.scala:2151)
	at org.apache.spark.SparkContext.$anonfun$new$15(SparkContext.scala:521)
	at org.apache.spark.SparkContext.$anonfun$new$15$adapted(SparkContext.scala:521)
	at scala.collection.mutable.ResizableArray.foreach(ResizableArray.scala:62)
	at scala.collection.mutable.ResizableArray.foreach$(ResizableArray.scala:55)
	at scala.collection.mutable.ArrayBuffer.foreach(ArrayBuffer.scala:49)
	at org.apache.spark.SparkContext.<init>(SparkContext.scala:521)
	at org.apache.spark.api.java.JavaSparkContext.<init>(JavaSparkContext.scala:58)
	at java.base/jdk.internal.reflect.NativeConstructorAccessorImpl.newInstance0(Native Method)
	at java.base/jdk.internal.reflect.NativeConstructorAccessorImpl.newInstance(NativeConstructorAccessorImpl.java:77)
	at java.base/jdk.internal.reflect.DelegatingConstructorAccessorImpl.newInstance(DelegatingConstructorAccessorImpl.java:45)
	at java.base/java.lang.reflect.Constructor.newInstanceWithCaller(Constructor.java:500)
	at java.base/java.lang.reflect.Constructor.newInstance(Constructor.java:481)
	at py4j.reflection.MethodInvoker.invoke(MethodInvoker.java:247)
	at py4j.reflection.ReflectionEngine.invoke(ReflectionEngine.java:374)
	at py4j.Gateway.invoke(Gateway.java:238)
	at py4j.commands.ConstructorCommand.invokeConstructor(ConstructorCommand.java:80)
	at py4j.commands.ConstructorCommand.execute(ConstructorCommand.java:69)
	at py4j.ClientServerConnection.waitForCommands(ClientServerConnection.java:182)
	at py4j.ClientServerConnection.run(ClientServerConnection.java:106)
	at java.base/java.lang.Thread.run(Thread.java:840)
26/02/09 09:55:25 INFO SparkContext: Added file file:///home/airflow/.ivy2/jars/com.crealytics_spark-excel_2.12-0.13.5.jar at file:///home/airflow/.ivy2/jars/com.crealytics_spark-excel_2.12-0.13.5.jar with timestamp 1770630924589
26/02/09 09:55:25 INFO Utils: Copying /home/airflow/.ivy2/jars/com.crealytics_spark-excel_2.12-0.13.5.jar to /tmp/spark-09fe7ae6-8999-4347-9840-dab40ce691e7/userFiles-155a4d8e-a669-4160-b5ac-113dec0a33e2/com.crealytics_spark-excel_2.12-0.13.5.jar
26/02/09 09:55:25 INFO SparkContext: Added file file:///home/airflow/.ivy2/jars/org.apache.poi_poi-4.1.2.jar at file:///home/airflow/.ivy2/jars/org.apache.poi_poi-4.1.2.jar with timestamp 1770630924589
26/02/09 09:55:25 INFO Utils: Copying /home/airflow/.ivy2/jars/org.apache.poi_poi-4.1.2.jar to /tmp/spark-09fe7ae6-8999-4347-9840-dab40ce691e7/userFiles-155a4d8e-a669-4160-b5ac-113dec0a33e2/org.apache.poi_poi-4.1.2.jar
26/02/09 09:55:25 INFO SparkContext: Added file file:///home/airflow/.ivy2/jars/org.apache.poi_poi-ooxml-4.1.2.jar at file:///home/airflow/.ivy2/jars/org.apache.poi_poi-ooxml-4.1.2.jar with timestamp 1770630924589
26/02/09 09:55:25 INFO Utils: Copying /home/airflow/.ivy2/jars/org.apache.poi_poi-ooxml-4.1.2.jar to /tmp/spark-09fe7ae6-8999-4347-9840-dab40ce691e7/userFiles-155a4d8e-a669-4160-b5ac-113dec0a33e2/org.apache.poi_poi-ooxml-4.1.2.jar
26/02/09 09:55:25 INFO SparkContext: Added file file:///home/airflow/.ivy2/jars/com.norbitltd_spoiwo_2.12-1.7.0.jar at file:///home/airflow/.ivy2/jars/com.norbitltd_spoiwo_2.12-1.7.0.jar with timestamp 1770630924589
26/02/09 09:55:25 INFO Utils: Copying /home/airflow/.ivy2/jars/com.norbitltd_spoiwo_2.12-1.7.0.jar to /tmp/spark-09fe7ae6-8999-4347-9840-dab40ce691e7/userFiles-155a4d8e-a669-4160-b5ac-113dec0a33e2/com.norbitltd_spoiwo_2.12-1.7.0.jar
26/02/09 09:55:25 INFO SparkContext: Added file file:///home/airflow/.ivy2/jars/com.github.pjfanning_excel-streaming-reader-2.3.4.jar at file:///home/airflow/.ivy2/jars/com.github.pjfanning_excel-streaming-reader-2.3.4.jar with timestamp 1770630924589
26/02/09 09:55:25 INFO Utils: Copying /home/airflow/.ivy2/jars/com.github.pjfanning_excel-streaming-reader-2.3.4.jar to /tmp/spark-09fe7ae6-8999-4347-9840-dab40ce691e7/userFiles-155a4d8e-a669-4160-b5ac-113dec0a33e2/com.github.pjfanning_excel-streaming-reader-2.3.4.jar
26/02/09 09:55:25 INFO SparkContext: Added file file:///home/airflow/.ivy2/jars/com.github.pjfanning_poi-shared-strings-1.0.4.jar at file:///home/airflow/.ivy2/jars/com.github.pjfanning_poi-shared-strings-1.0.4.jar with timestamp 1770630924589
26/02/09 09:55:25 INFO Utils: Copying /home/airflow/.ivy2/jars/com.github.pjfanning_poi-shared-strings-1.0.4.jar to /tmp/spark-09fe7ae6-8999-4347-9840-dab40ce691e7/userFiles-155a4d8e-a669-4160-b5ac-113dec0a33e2/com.github.pjfanning_poi-shared-strings-1.0.4.jar
26/02/09 09:55:25 INFO SparkContext: Added file file:///home/airflow/.ivy2/jars/org.apache.commons_commons-compress-1.20.jar at file:///home/airflow/.ivy2/jars/org.apache.commons_commons-compress-1.20.jar with timestamp 1770630924589
26/02/09 09:55:25 INFO Utils: Copying /home/airflow/.ivy2/jars/org.apache.commons_commons-compress-1.20.jar to /tmp/spark-09fe7ae6-8999-4347-9840-dab40ce691e7/userFiles-155a4d8e-a669-4160-b5ac-113dec0a33e2/org.apache.commons_commons-compress-1.20.jar
26/02/09 09:55:25 INFO SparkContext: Added file file:///home/airflow/.ivy2/jars/com.fasterxml.jackson.core_jackson-core-2.8.8.jar at file:///home/airflow/.ivy2/jars/com.fasterxml.jackson.core_jackson-core-2.8.8.jar with timestamp 1770630924589
26/02/09 09:55:25 INFO Utils: Copying /home/airflow/.ivy2/jars/com.fasterxml.jackson.core_jackson-core-2.8.8.jar to /tmp/spark-09fe7ae6-8999-4347-9840-dab40ce691e7/userFiles-155a4d8e-a669-4160-b5ac-113dec0a33e2/com.fasterxml.jackson.core_jackson-core-2.8.8.jar
26/02/09 09:55:25 INFO SparkContext: Added file file:///home/airflow/.ivy2/jars/commons-codec_commons-codec-1.13.jar at file:///home/airflow/.ivy2/jars/commons-codec_commons-codec-1.13.jar with timestamp 1770630924589
26/02/09 09:55:25 INFO Utils: Copying /home/airflow/.ivy2/jars/commons-codec_commons-codec-1.13.jar to /tmp/spark-09fe7ae6-8999-4347-9840-dab40ce691e7/userFiles-155a4d8e-a669-4160-b5ac-113dec0a33e2/commons-codec_commons-codec-1.13.jar
26/02/09 09:55:25 INFO SparkContext: Added file file:///home/airflow/.ivy2/jars/org.apache.commons_commons-collections4-4.4.jar at file:///home/airflow/.ivy2/jars/org.apache.commons_commons-collections4-4.4.jar with timestamp 1770630924589
26/02/09 09:55:25 INFO Utils: Copying /home/airflow/.ivy2/jars/org.apache.commons_commons-collections4-4.4.jar to /tmp/spark-09fe7ae6-8999-4347-9840-dab40ce691e7/userFiles-155a4d8e-a669-4160-b5ac-113dec0a33e2/org.apache.commons_commons-collections4-4.4.jar
26/02/09 09:55:25 INFO SparkContext: Added file file:///home/airflow/.ivy2/jars/org.apache.commons_commons-math3-3.6.1.jar at file:///home/airflow/.ivy2/jars/org.apache.commons_commons-math3-3.6.1.jar with timestamp 1770630924589
26/02/09 09:55:25 INFO Utils: Copying /home/airflow/.ivy2/jars/org.apache.commons_commons-math3-3.6.1.jar to /tmp/spark-09fe7ae6-8999-4347-9840-dab40ce691e7/userFiles-155a4d8e-a669-4160-b5ac-113dec0a33e2/org.apache.commons_commons-math3-3.6.1.jar
26/02/09 09:55:25 INFO SparkContext: Added file file:///home/airflow/.ivy2/jars/com.zaxxer_SparseBitSet-1.2.jar at file:///home/airflow/.ivy2/jars/com.zaxxer_SparseBitSet-1.2.jar with timestamp 1770630924589
26/02/09 09:55:25 INFO Utils: Copying /home/airflow/.ivy2/jars/com.zaxxer_SparseBitSet-1.2.jar to /tmp/spark-09fe7ae6-8999-4347-9840-dab40ce691e7/userFiles-155a4d8e-a669-4160-b5ac-113dec0a33e2/com.zaxxer_SparseBitSet-1.2.jar
26/02/09 09:55:25 INFO SparkContext: Added file file:///home/airflow/.ivy2/jars/org.apache.poi_poi-ooxml-schemas-4.1.2.jar at file:///home/airflow/.ivy2/jars/org.apache.poi_poi-ooxml-schemas-4.1.2.jar with timestamp 1770630924589
26/02/09 09:55:25 INFO Utils: Copying /home/airflow/.ivy2/jars/org.apache.poi_poi-ooxml-schemas-4.1.2.jar to /tmp/spark-09fe7ae6-8999-4347-9840-dab40ce691e7/userFiles-155a4d8e-a669-4160-b5ac-113dec0a33e2/org.apache.poi_poi-ooxml-schemas-4.1.2.jar
26/02/09 09:55:25 INFO SparkContext: Added file file:///home/airflow/.ivy2/jars/com.github.virtuald_curvesapi-1.06.jar at file:///home/airflow/.ivy2/jars/com.github.virtuald_curvesapi-1.06.jar with timestamp 1770630924589
26/02/09 09:55:25 INFO Utils: Copying /home/airflow/.ivy2/jars/com.github.virtuald_curvesapi-1.06.jar to /tmp/spark-09fe7ae6-8999-4347-9840-dab40ce691e7/userFiles-155a4d8e-a669-4160-b5ac-113dec0a33e2/com.github.virtuald_curvesapi-1.06.jar
26/02/09 09:55:25 INFO SparkContext: Added file file:///home/airflow/.ivy2/jars/org.apache.xmlbeans_xmlbeans-3.1.0.jar at file:///home/airflow/.ivy2/jars/org.apache.xmlbeans_xmlbeans-3.1.0.jar with timestamp 1770630924589
26/02/09 09:55:25 INFO Utils: Copying /home/airflow/.ivy2/jars/org.apache.xmlbeans_xmlbeans-3.1.0.jar to /tmp/spark-09fe7ae6-8999-4347-9840-dab40ce691e7/userFiles-155a4d8e-a669-4160-b5ac-113dec0a33e2/org.apache.xmlbeans_xmlbeans-3.1.0.jar
26/02/09 09:55:25 INFO SparkContext: Added file file:///home/airflow/.ivy2/jars/org.scala-lang.modules_scala-xml_2.12-1.2.0.jar at file:///home/airflow/.ivy2/jars/org.scala-lang.modules_scala-xml_2.12-1.2.0.jar with timestamp 1770630924589
26/02/09 09:55:25 INFO Utils: Copying /home/airflow/.ivy2/jars/org.scala-lang.modules_scala-xml_2.12-1.2.0.jar to /tmp/spark-09fe7ae6-8999-4347-9840-dab40ce691e7/userFiles-155a4d8e-a669-4160-b5ac-113dec0a33e2/org.scala-lang.modules_scala-xml_2.12-1.2.0.jar
26/02/09 09:55:25 INFO SparkContext: Added file file:///home/airflow/.ivy2/jars/xml-apis_xml-apis-1.4.01.jar at file:///home/airflow/.ivy2/jars/xml-apis_xml-apis-1.4.01.jar with timestamp 1770630924589
26/02/09 09:55:25 INFO Utils: Copying /home/airflow/.ivy2/jars/xml-apis_xml-apis-1.4.01.jar to /tmp/spark-09fe7ae6-8999-4347-9840-dab40ce691e7/userFiles-155a4d8e-a669-4160-b5ac-113dec0a33e2/xml-apis_xml-apis-1.4.01.jar
26/02/09 09:55:25 INFO SparkContext: Added file file:///home/airflow/.ivy2/jars/org.slf4j_slf4j-api-1.7.30.jar at file:///home/airflow/.ivy2/jars/org.slf4j_slf4j-api-1.7.30.jar with timestamp 1770630924589
26/02/09 09:55:25 INFO Utils: Copying /home/airflow/.ivy2/jars/org.slf4j_slf4j-api-1.7.30.jar to /tmp/spark-09fe7ae6-8999-4347-9840-dab40ce691e7/userFiles-155a4d8e-a669-4160-b5ac-113dec0a33e2/org.slf4j_slf4j-api-1.7.30.jar
26/02/09 09:55:25 INFO SparkContext: Added file file:///home/airflow/.ivy2/jars/com.h2database_h2-1.4.200.jar at file:///home/airflow/.ivy2/jars/com.h2database_h2-1.4.200.jar with timestamp 1770630924589
26/02/09 09:55:25 INFO Utils: Copying /home/airflow/.ivy2/jars/com.h2database_h2-1.4.200.jar to /tmp/spark-09fe7ae6-8999-4347-9840-dab40ce691e7/userFiles-155a4d8e-a669-4160-b5ac-113dec0a33e2/com.h2database_h2-1.4.200.jar
26/02/09 09:55:26 INFO SparkContext: Added file file:///home/airflow/.ivy2/jars/org.apache.commons_commons-text-1.8.jar at file:///home/airflow/.ivy2/jars/org.apache.commons_commons-text-1.8.jar with timestamp 1770630924589
26/02/09 09:55:26 INFO Utils: Copying /home/airflow/.ivy2/jars/org.apache.commons_commons-text-1.8.jar to /tmp/spark-09fe7ae6-8999-4347-9840-dab40ce691e7/userFiles-155a4d8e-a669-4160-b5ac-113dec0a33e2/org.apache.commons_commons-text-1.8.jar
26/02/09 09:55:26 INFO SparkContext: Added file file:///home/airflow/.ivy2/jars/org.apache.commons_commons-lang3-3.9.jar at file:///home/airflow/.ivy2/jars/org.apache.commons_commons-lang3-3.9.jar with timestamp 1770630924589
26/02/09 09:55:26 INFO Utils: Copying /home/airflow/.ivy2/jars/org.apache.commons_commons-lang3-3.9.jar to /tmp/spark-09fe7ae6-8999-4347-9840-dab40ce691e7/userFiles-155a4d8e-a669-4160-b5ac-113dec0a33e2/org.apache.commons_commons-lang3-3.9.jar
26/02/09 09:55:26 INFO Executor: Starting executor ID driver on host eff5ec4100e1
26/02/09 09:55:26 INFO Executor: OS info Linux, 6.14.0-1017-azure, amd64
26/02/09 09:55:26 INFO Executor: Java version 17.0.16
26/02/09 09:55:26 INFO Executor: Starting executor with user classpath (userClassPathFirst = false): ''
26/02/09 09:55:26 INFO Executor: Created or updated repl class loader org.apache.spark.util.MutableURLClassLoader@72a09858 for default.
26/02/09 09:55:26 INFO Executor: Fetching file:///home/airflow/.ivy2/jars/commons-codec_commons-codec-1.13.jar with timestamp 1770630924589
26/02/09 09:55:26 INFO Utils: /home/airflow/.ivy2/jars/commons-codec_commons-codec-1.13.jar has been previously copied to /tmp/spark-09fe7ae6-8999-4347-9840-dab40ce691e7/userFiles-155a4d8e-a669-4160-b5ac-113dec0a33e2/commons-codec_commons-codec-1.13.jar
26/02/09 09:55:26 INFO Executor: Fetching file:///home/airflow/.ivy2/jars/xml-apis_xml-apis-1.4.01.jar with timestamp 1770630924589
26/02/09 09:55:26 INFO Utils: /home/airflow/.ivy2/jars/xml-apis_xml-apis-1.4.01.jar has been previously copied to /tmp/spark-09fe7ae6-8999-4347-9840-dab40ce691e7/userFiles-155a4d8e-a669-4160-b5ac-113dec0a33e2/xml-apis_xml-apis-1.4.01.jar
26/02/09 09:55:26 INFO Executor: Fetching file:///home/airflow/.ivy2/jars/com.zaxxer_SparseBitSet-1.2.jar with timestamp 1770630924589
26/02/09 09:55:26 INFO Utils: /home/airflow/.ivy2/jars/com.zaxxer_SparseBitSet-1.2.jar has been previously copied to /tmp/spark-09fe7ae6-8999-4347-9840-dab40ce691e7/userFiles-155a4d8e-a669-4160-b5ac-113dec0a33e2/com.zaxxer_SparseBitSet-1.2.jar
26/02/09 09:55:26 INFO Executor: Fetching file:///home/airflow/.ivy2/jars/org.apache.commons_commons-compress-1.20.jar with timestamp 1770630924589
26/02/09 09:55:26 INFO Utils: /home/airflow/.ivy2/jars/org.apache.commons_commons-compress-1.20.jar has been previously copied to /tmp/spark-09fe7ae6-8999-4347-9840-dab40ce691e7/userFiles-155a4d8e-a669-4160-b5ac-113dec0a33e2/org.apache.commons_commons-compress-1.20.jar
26/02/09 09:55:26 INFO Executor: Fetching file:///home/airflow/.ivy2/jars/org.slf4j_slf4j-api-1.7.30.jar with timestamp 1770630924589
26/02/09 09:55:26 INFO Utils: /home/airflow/.ivy2/jars/org.slf4j_slf4j-api-1.7.30.jar has been previously copied to /tmp/spark-09fe7ae6-8999-4347-9840-dab40ce691e7/userFiles-155a4d8e-a669-4160-b5ac-113dec0a33e2/org.slf4j_slf4j-api-1.7.30.jar
26/02/09 09:55:26 INFO Executor: Fetching file:///home/airflow/.ivy2/jars/org.apache.xmlbeans_xmlbeans-3.1.0.jar with timestamp 1770630924589
26/02/09 09:55:26 INFO Utils: /home/airflow/.ivy2/jars/org.apache.xmlbeans_xmlbeans-3.1.0.jar has been previously copied to /tmp/spark-09fe7ae6-8999-4347-9840-dab40ce691e7/userFiles-155a4d8e-a669-4160-b5ac-113dec0a33e2/org.apache.xmlbeans_xmlbeans-3.1.0.jar
26/02/09 09:55:26 INFO Executor: Fetching file:///home/airflow/.ivy2/jars/org.apache.poi_poi-ooxml-4.1.2.jar with timestamp 1770630924589
26/02/09 09:55:26 INFO Utils: /home/airflow/.ivy2/jars/org.apache.poi_poi-ooxml-4.1.2.jar has been previously copied to /tmp/spark-09fe7ae6-8999-4347-9840-dab40ce691e7/userFiles-155a4d8e-a669-4160-b5ac-113dec0a33e2/org.apache.poi_poi-ooxml-4.1.2.jar
26/02/09 09:55:26 INFO Executor: Fetching file:///home/airflow/.ivy2/jars/com.github.virtuald_curvesapi-1.06.jar with timestamp 1770630924589
26/02/09 09:55:26 INFO Utils: /home/airflow/.ivy2/jars/com.github.virtuald_curvesapi-1.06.jar has been previously copied to /tmp/spark-09fe7ae6-8999-4347-9840-dab40ce691e7/userFiles-155a4d8e-a669-4160-b5ac-113dec0a33e2/com.github.virtuald_curvesapi-1.06.jar
26/02/09 09:55:26 INFO Executor: Fetching file:///home/airflow/.ivy2/jars/com.crealytics_spark-excel_2.12-0.13.5.jar with timestamp 1770630924589
26/02/09 09:55:26 INFO Utils: /home/airflow/.ivy2/jars/com.crealytics_spark-excel_2.12-0.13.5.jar has been previously copied to /tmp/spark-09fe7ae6-8999-4347-9840-dab40ce691e7/userFiles-155a4d8e-a669-4160-b5ac-113dec0a33e2/com.crealytics_spark-excel_2.12-0.13.5.jar
26/02/09 09:55:26 INFO Executor: Fetching file:///home/airflow/.ivy2/jars/org.apache.commons_commons-collections4-4.4.jar with timestamp 1770630924589
26/02/09 09:55:26 INFO Utils: /home/airflow/.ivy2/jars/org.apache.commons_commons-collections4-4.4.jar has been previously copied to /tmp/spark-09fe7ae6-8999-4347-9840-dab40ce691e7/userFiles-155a4d8e-a669-4160-b5ac-113dec0a33e2/org.apache.commons_commons-collections4-4.4.jar
26/02/09 09:55:26 INFO Executor: Fetching file:///home/airflow/.ivy2/jars/com.github.pjfanning_poi-shared-strings-1.0.4.jar with timestamp 1770630924589
26/02/09 09:55:26 INFO Utils: /home/airflow/.ivy2/jars/com.github.pjfanning_poi-shared-strings-1.0.4.jar has been previously copied to /tmp/spark-09fe7ae6-8999-4347-9840-dab40ce691e7/userFiles-155a4d8e-a669-4160-b5ac-113dec0a33e2/com.github.pjfanning_poi-shared-strings-1.0.4.jar
26/02/09 09:55:26 INFO Executor: Fetching file:///home/airflow/.ivy2/jars/com.h2database_h2-1.4.200.jar with timestamp 1770630924589
26/02/09 09:55:26 INFO Utils: /home/airflow/.ivy2/jars/com.h2database_h2-1.4.200.jar has been previously copied to /tmp/spark-09fe7ae6-8999-4347-9840-dab40ce691e7/userFiles-155a4d8e-a669-4160-b5ac-113dec0a33e2/com.h2database_h2-1.4.200.jar
26/02/09 09:55:26 INFO Executor: Fetching file:///home/airflow/.ivy2/jars/org.apache.commons_commons-math3-3.6.1.jar with timestamp 1770630924589
26/02/09 09:55:26 INFO Utils: /home/airflow/.ivy2/jars/org.apache.commons_commons-math3-3.6.1.jar has been previously copied to /tmp/spark-09fe7ae6-8999-4347-9840-dab40ce691e7/userFiles-155a4d8e-a669-4160-b5ac-113dec0a33e2/org.apache.commons_commons-math3-3.6.1.jar
26/02/09 09:55:26 INFO Executor: Fetching file:///home/airflow/.ivy2/jars/com.github.pjfanning_excel-streaming-reader-2.3.4.jar with timestamp 1770630924589
26/02/09 09:55:26 INFO Utils: /home/airflow/.ivy2/jars/com.github.pjfanning_excel-streaming-reader-2.3.4.jar has been previously copied to /tmp/spark-09fe7ae6-8999-4347-9840-dab40ce691e7/userFiles-155a4d8e-a669-4160-b5ac-113dec0a33e2/com.github.pjfanning_excel-streaming-reader-2.3.4.jar
26/02/09 09:55:26 INFO Executor: Fetching file:///home/airflow/.ivy2/jars/com.fasterxml.jackson.core_jackson-core-2.8.8.jar with timestamp 1770630924589
26/02/09 09:55:26 INFO Utils: /home/airflow/.ivy2/jars/com.fasterxml.jackson.core_jackson-core-2.8.8.jar has been previously copied to /tmp/spark-09fe7ae6-8999-4347-9840-dab40ce691e7/userFiles-155a4d8e-a669-4160-b5ac-113dec0a33e2/com.fasterxml.jackson.core_jackson-core-2.8.8.jar
26/02/09 09:55:26 INFO Executor: Fetching file:///home/airflow/.ivy2/jars/org.apache.commons_commons-lang3-3.9.jar with timestamp 1770630924589
26/02/09 09:55:26 INFO Utils: /home/airflow/.ivy2/jars/org.apache.commons_commons-lang3-3.9.jar has been previously copied to /tmp/spark-09fe7ae6-8999-4347-9840-dab40ce691e7/userFiles-155a4d8e-a669-4160-b5ac-113dec0a33e2/org.apache.commons_commons-lang3-3.9.jar
26/02/09 09:55:26 INFO Executor: Fetching file:///home/airflow/.ivy2/jars/org.apache.poi_poi-ooxml-schemas-4.1.2.jar with timestamp 1770630924589
26/02/09 09:55:26 INFO Utils: /home/airflow/.ivy2/jars/org.apache.poi_poi-ooxml-schemas-4.1.2.jar has been previously copied to /tmp/spark-09fe7ae6-8999-4347-9840-dab40ce691e7/userFiles-155a4d8e-a669-4160-b5ac-113dec0a33e2/org.apache.poi_poi-ooxml-schemas-4.1.2.jar
26/02/09 09:55:26 INFO Executor: Fetching file:///home/airflow/.ivy2/jars/org.scala-lang.modules_scala-xml_2.12-1.2.0.jar with timestamp 1770630924589
26/02/09 09:55:26 INFO Utils: /home/airflow/.ivy2/jars/org.scala-lang.modules_scala-xml_2.12-1.2.0.jar has been previously copied to /tmp/spark-09fe7ae6-8999-4347-9840-dab40ce691e7/userFiles-155a4d8e-a669-4160-b5ac-113dec0a33e2/org.scala-lang.modules_scala-xml_2.12-1.2.0.jar
26/02/09 09:55:26 INFO Executor: Fetching file:///home/airflow/.ivy2/jars/com.norbitltd_spoiwo_2.12-1.7.0.jar with timestamp 1770630924589
26/02/09 09:55:26 INFO Utils: /home/airflow/.ivy2/jars/com.norbitltd_spoiwo_2.12-1.7.0.jar has been previously copied to /tmp/spark-09fe7ae6-8999-4347-9840-dab40ce691e7/userFiles-155a4d8e-a669-4160-b5ac-113dec0a33e2/com.norbitltd_spoiwo_2.12-1.7.0.jar
26/02/09 09:55:26 INFO Executor: Fetching file:///home/airflow/.ivy2/jars/org.apache.poi_poi-4.1.2.jar with timestamp 1770630924589
26/02/09 09:55:26 INFO Utils: /home/airflow/.ivy2/jars/org.apache.poi_poi-4.1.2.jar has been previously copied to /tmp/spark-09fe7ae6-8999-4347-9840-dab40ce691e7/userFiles-155a4d8e-a669-4160-b5ac-113dec0a33e2/org.apache.poi_poi-4.1.2.jar
26/02/09 09:55:26 INFO Executor: Fetching file:///home/airflow/.ivy2/jars/org.apache.commons_commons-text-1.8.jar with timestamp 1770630924589
26/02/09 09:55:26 INFO Utils: /home/airflow/.ivy2/jars/org.apache.commons_commons-text-1.8.jar has been previously copied to /tmp/spark-09fe7ae6-8999-4347-9840-dab40ce691e7/userFiles-155a4d8e-a669-4160-b5ac-113dec0a33e2/org.apache.commons_commons-text-1.8.jar
26/02/09 09:55:26 INFO Utils: Successfully started service 'org.apache.spark.network.netty.NettyBlockTransferService' on port 36531.
26/02/09 09:55:26 INFO NettyBlockTransferService: Server created on eff5ec4100e1:36531
26/02/09 09:55:26 INFO BlockManager: Using org.apache.spark.storage.RandomBlockReplicationPolicy for block replication policy
26/02/09 09:55:26 INFO BlockManagerMaster: Registering BlockManager BlockManagerId(driver, eff5ec4100e1, 36531, None)
26/02/09 09:55:26 INFO BlockManagerMasterEndpoint: Registering block manager eff5ec4100e1:36531 with 434.4 MiB RAM, BlockManagerId(driver, eff5ec4100e1, 36531, None)
26/02/09 09:55:26 INFO BlockManagerMaster: Registered BlockManager BlockManagerId(driver, eff5ec4100e1, 36531, None)
26/02/09 09:55:26 INFO BlockManager: Initialized BlockManager: BlockManagerId(driver, eff5ec4100e1, 36531, None)
26/02/09 09:55:27 INFO SharedState: Setting hive.metastore.warehouse.dir ('null') to the value of spark.sql.warehouse.dir.
26/02/09 09:55:27 INFO SharedState: Warehouse path is 'file:/opt/airflow/spark-warehouse'.
26/02/09 09:55:28 WARN SparkSession: Using an existing Spark session; only runtime SQL configurations will take effect.
26/02/09 09:55:28 WARN SparkSession: Using an existing Spark session; only runtime SQL configurations will take effect.
26/02/09 09:55:28 WARN SparkSession: Using an existing Spark session; only runtime SQL configurations will take effect.
26/02/09 09:55:31 WARN SparkSession: Using an existing Spark session; only runtime SQL configurations will take effect.
26/02/09 09:55:31 WARN SparkSession: Using an existing Spark session; only runtime SQL configurations will take effect.
26/02/09 09:55:31 WARN SparkSession: Using an existing Spark session; only runtime SQL configurations will take effect.
26/02/09 09:55:31 WARN SparkSession: Using an existing Spark session; only runtime SQL configurations will take effect.
26/02/09 09:55:31 WARN SparkSession: Using an existing Spark session; only runtime SQL configurations will take effect.
26/02/09 09:55:31 WARN SparkSession: Using an existing Spark session; only runtime SQL configurations will take effect.
26/02/09 09:55:31 WARN SparkSession: Using an existing Spark session; only runtime SQL configurations will take effect.
26/02/09 09:55:31 WARN SparkSession: Using an existing Spark session; only runtime SQL configurations will take effect.
26/02/09 09:55:31 WARN SparkSession: Using an existing Spark session; only runtime SQL configurations will take effect.
26/02/09 09:55:31 WARN SparkSession: Using an existing Spark session; only runtime SQL configurations will take effect.
26/02/09 09:55:31 WARN SparkSession: Using an existing Spark session; only runtime SQL configurations will take effect.
26/02/09 09:55:31 WARN SparkSession: Using an existing Spark session; only runtime SQL configurations will take effect.
26/02/09 09:55:31 WARN SparkSession: Using an existing Spark session; only runtime SQL configurations will take effect.
26/02/09 09:55:31 WARN SparkSession: Using an existing Spark session; only runtime SQL configurations will take effect.
26/02/09 09:55:31 WARN SparkSession: Using an existing Spark session; only runtime SQL configurations will take effect.
26/02/09 09:55:36 INFO CodeGenerator: Code generated in 439.392705 ms
26/02/09 09:55:36 INFO SparkContext: Starting job: collect at /opt/airflow/RedPluto-Data-Engineering-Tool/main_reconciliation.py:37
26/02/09 09:55:36 INFO DAGScheduler: Got job 0 (collect at /opt/airflow/RedPluto-Data-Engineering-Tool/main_reconciliation.py:37) with 1 output partitions
26/02/09 09:55:36 INFO DAGScheduler: Final stage: ResultStage 0 (collect at /opt/airflow/RedPluto-Data-Engineering-Tool/main_reconciliation.py:37)
26/02/09 09:55:36 INFO DAGScheduler: Parents of final stage: List()
26/02/09 09:55:36 INFO DAGScheduler: Missing parents: List()
26/02/09 09:55:36 INFO DAGScheduler: Submitting ResultStage 0 (MapPartitionsRDD[2] at collect at /opt/airflow/RedPluto-Data-Engineering-Tool/main_reconciliation.py:37), which has no missing parents
26/02/09 09:55:36 INFO MemoryStore: Block broadcast_0 stored as values in memory (estimated size 18.9 KiB, free 434.4 MiB)
26/02/09 09:55:36 INFO MemoryStore: Block broadcast_0_piece0 stored as bytes in memory (estimated size 7.8 KiB, free 434.4 MiB)
26/02/09 09:55:36 INFO BlockManagerInfo: Added broadcast_0_piece0 in memory on eff5ec4100e1:36531 (size: 7.8 KiB, free: 434.4 MiB)
26/02/09 09:55:36 INFO SparkContext: Created broadcast 0 from broadcast at DAGScheduler.scala:1585
26/02/09 09:55:36 INFO DAGScheduler: Submitting 1 missing tasks from ResultStage 0 (MapPartitionsRDD[2] at collect at /opt/airflow/RedPluto-Data-Engineering-Tool/main_reconciliation.py:37) (first 15 tasks are for partitions Vector(0))
26/02/09 09:55:36 INFO TaskSchedulerImpl: Adding task set 0.0 with 1 tasks resource profile 0
26/02/09 09:55:36 INFO TaskSetManager: Starting task 0.0 in stage 0.0 (TID 0) (eff5ec4100e1, executor driver, partition 0, PROCESS_LOCAL, 10804 bytes) 
26/02/09 09:55:36 INFO Executor: Running task 0.0 in stage 0.0 (TID 0)
26/02/09 09:55:37 INFO CodeGenerator: Code generated in 96.910309 ms
26/02/09 09:55:37 INFO JDBCRDD: closed connection
26/02/09 09:55:37 INFO Executor: Finished task 0.0 in stage 0.0 (TID 0). 1825 bytes result sent to driver
26/02/09 09:55:37 INFO TaskSetManager: Finished task 0.0 in stage 0.0 (TID 0) in 843 ms on eff5ec4100e1 (executor driver) (1/1)
26/02/09 09:55:37 INFO TaskSchedulerImpl: Removed TaskSet 0.0, whose tasks have all completed, from pool 
26/02/09 09:55:37 INFO DAGScheduler: ResultStage 0 (collect at /opt/airflow/RedPluto-Data-Engineering-Tool/main_reconciliation.py:37) finished in 1.077 s
26/02/09 09:55:37 INFO DAGScheduler: Job 0 is finished. Cancelling potential speculative or zombie tasks for this job
26/02/09 09:55:37 INFO TaskSchedulerImpl: Killing all running tasks in stage 0: Stage finished
26/02/09 09:55:37 INFO DAGScheduler: Job 0 finished: collect at /opt/airflow/RedPluto-Data-Engineering-Tool/main_reconciliation.py:37, took 1.190216 s
26/02/09 09:55:37 INFO SparkContext: Starting job: collect at /opt/airflow/RedPluto-Data-Engineering-Tool/main_reconciliation.py:39
26/02/09 09:55:37 INFO DAGScheduler: Got job 1 (collect at /opt/airflow/RedPluto-Data-Engineering-Tool/main_reconciliation.py:39) with 1 output partitions
26/02/09 09:55:37 INFO DAGScheduler: Final stage: ResultStage 1 (collect at /opt/airflow/RedPluto-Data-Engineering-Tool/main_reconciliation.py:39)
26/02/09 09:55:37 INFO DAGScheduler: Parents of final stage: List()
26/02/09 09:55:37 INFO DAGScheduler: Missing parents: List()
26/02/09 09:55:37 INFO DAGScheduler: Submitting ResultStage 1 (MapPartitionsRDD[5] at collect at /opt/airflow/RedPluto-Data-Engineering-Tool/main_reconciliation.py:39), which has no missing parents
26/02/09 09:55:38 INFO MemoryStore: Block broadcast_1 stored as values in memory (estimated size 17.9 KiB, free 434.4 MiB)
26/02/09 09:55:38 INFO MemoryStore: Block broadcast_1_piece0 stored as bytes in memory (estimated size 7.4 KiB, free 434.3 MiB)
26/02/09 09:55:38 INFO BlockManagerInfo: Added broadcast_1_piece0 in memory on eff5ec4100e1:36531 (size: 7.4 KiB, free: 434.4 MiB)
26/02/09 09:55:38 INFO SparkContext: Created broadcast 1 from broadcast at DAGScheduler.scala:1585
26/02/09 09:55:38 INFO DAGScheduler: Submitting 1 missing tasks from ResultStage 1 (MapPartitionsRDD[5] at collect at /opt/airflow/RedPluto-Data-Engineering-Tool/main_reconciliation.py:39) (first 15 tasks are for partitions Vector(0))
26/02/09 09:55:38 INFO TaskSchedulerImpl: Adding task set 1.0 with 1 tasks resource profile 0
26/02/09 09:55:38 INFO TaskSetManager: Starting task 0.0 in stage 1.0 (TID 1) (eff5ec4100e1, executor driver, partition 0, PROCESS_LOCAL, 10804 bytes) 
26/02/09 09:55:38 INFO Executor: Running task 0.0 in stage 1.0 (TID 1)
26/02/09 09:55:38 INFO JDBCRDD: closed connection
26/02/09 09:55:38 INFO Executor: Finished task 0.0 in stage 1.0 (TID 1). 7560 bytes result sent to driver
26/02/09 09:55:38 INFO TaskSetManager: Finished task 0.0 in stage 1.0 (TID 1) in 132 ms on eff5ec4100e1 (executor driver) (1/1)
26/02/09 09:55:38 INFO TaskSchedulerImpl: Removed TaskSet 1.0, whose tasks have all completed, from pool 
26/02/09 09:55:38 INFO DAGScheduler: ResultStage 1 (collect at /opt/airflow/RedPluto-Data-Engineering-Tool/main_reconciliation.py:39) finished in 0.151 s
26/02/09 09:55:38 INFO DAGScheduler: Job 1 is finished. Cancelling potential speculative or zombie tasks for this job
26/02/09 09:55:38 INFO TaskSchedulerImpl: Killing all running tasks in stage 1: Stage finished
26/02/09 09:55:38 INFO DAGScheduler: Job 1 finished: collect at /opt/airflow/RedPluto-Data-Engineering-Tool/main_reconciliation.py:39, took 0.162850 s
26/02/09 09:55:38 INFO SparkContext: Invoking stop() from shutdown hook
26/02/09 09:55:38 INFO SparkContext: SparkContext is stopping with exitCode 0.
26/02/09 09:55:38 INFO SparkUI: Stopped Spark web UI at http://eff5ec4100e1:4040
26/02/09 09:55:38 INFO MapOutputTrackerMasterEndpoint: MapOutputTrackerMasterEndpoint stopped!
26/02/09 09:55:38 INFO MemoryStore: MemoryStore cleared
26/02/09 09:55:38 INFO BlockManager: BlockManager stopped
26/02/09 09:55:38 INFO BlockManagerMaster: BlockManagerMaster stopped
26/02/09 09:55:38 INFO OutputCommitCoordinator$OutputCommitCoordinatorEndpoint: OutputCommitCoordinator stopped!
26/02/09 09:55:38 INFO SparkContext: Successfully stopped SparkContext
26/02/09 09:55:38 INFO ShutdownHookManager: Shutdown hook called
26/02/09 09:55:38 INFO ShutdownHookManager: Deleting directory /tmp/spark-09fe7ae6-8999-4347-9840-dab40ce691e7/pyspark-bc1d5b41-7a24-44a2-9519-e9270e70d1f3
26/02/09 09:55:38 INFO ShutdownHookManager: Deleting directory /tmp/spark-09fe7ae6-8999-4347-9840-dab40ce691e7
26/02/09 09:55:38 INFO ShutdownHookManager: Deleting directory /tmp/spark-6a99546f-9edf-48f6-8e39-7c9586f94037
; 4952)
Traceback (most recent call last):
  File "/opt/airflow/dags/data_reconciliation_dag_1.py", line 32, in Data_Reconciliation_Dag_1
    raise Exception(f"Spark job failed with return code {result.returncode}:\n{result.stdout}\n{result.stderr}")
Exception: Spark job failed with return code 1:
:: loading settings :: url = jar:file:/opt/spark/jars/ivy-2.5.1.jar!/org/apache/ivy/core/settings/ivysettings.xml
2026-02-09 09:55:31,934 - INFO - Reading Reconciliation Config Table
try
2026-02-09 09:55:38,197 - INFO - Looping through Recon Config Table Arguments
Traceback (most recent call last):
  File "/opt/spark/python/lib/pyspark.zip/pyspark/sql/types.py", line 2378, in __getitem__
ValueError: 'start_time' is not in list

During handling of the above exception, another exception occurred:

Traceback (most recent call last):
  File "/opt/airflow/RedPluto-Data-Engineering-Tool/main_reconciliation.py", line 158, in <module>
    config_reconciliation(run_id, app_prop)
  File "/opt/airflow/RedPluto-Data-Engineering-Tool/main_reconciliation.py", line 52, in config_reconciliation
    start_time = row["start_time"]
                 ~~~^^^^^^^^^^^^^^
  File "/opt/spark/python/lib/pyspark.zip/pyspark/sql/types.py", line 2383, in __getitem__
pyspark.errors.exceptions.base.PySparkValueError: start_time

Ivy Default Cache set to: /home/airflow/.ivy2/cache
The jars for the packages stored in: /home/airflow/.ivy2/jars
com.crealytics#spark-excel_2.12 added as a dependency
:: resolving dependencies :: org.apache.spark#spark-submit-parent-fae816d7-5257-461d-8149-3cb8c58e0249;1.0
	confs: [default]
	found com.crealytics#spark-excel_2.12;0.13.5 in central
	found org.apache.poi#poi;4.1.2 in central
	found commons-codec#commons-codec;1.13 in central
	found org.apache.commons#commons-collections4;4.4 in central
	found org.apache.commons#commons-math3;3.6.1 in central
	found com.zaxxer#SparseBitSet;1.2 in central
	found org.apache.poi#poi-ooxml;4.1.2 in central
	found org.apache.poi#poi-ooxml-schemas;4.1.2 in central
	found org.apache.xmlbeans#xmlbeans;3.1.0 in central
	found com.github.virtuald#curvesapi;1.06 in central
	found com.norbitltd#spoiwo_2.12;1.7.0 in central
	found org.scala-lang.modules#scala-xml_2.12;1.2.0 in central
	found com.github.pjfanning#excel-streaming-reader;2.3.4 in central
	found com.github.pjfanning#poi-shared-strings;1.0.4 in central
	found com.h2database#h2;1.4.200 in central
	found org.apache.commons#commons-text;1.8 in central
	found org.apache.commons#commons-lang3;3.9 in central
	found xml-apis#xml-apis;1.4.01 in central
	found org.slf4j#slf4j-api;1.7.30 in central
	found org.apache.commons#commons-compress;1.20 in central
	found com.fasterxml.jackson.core#jackson-core;2.8.8 in central
:: resolution report :: resolve 1191ms :: artifacts dl 62ms
	:: modules in use:
	com.crealytics#spark-excel_2.12;0.13.5 from central in [default]
	com.fasterxml.jackson.core#jackson-core;2.8.8 from central in [default]
	com.github.pjfanning#excel-streaming-reader;2.3.4 from central in [default]
	com.github.pjfanning#poi-shared-strings;1.0.4 from central in [default]
	com.github.virtuald#curvesapi;1.06 from central in [default]
	com.h2database#h2;1.4.200 from central in [default]
	com.norbitltd#spoiwo_2.12;1.7.0 from central in [default]
	com.zaxxer#SparseBitSet;1.2 from central in [default]
	commons-codec#commons-codec;1.13 from central in [default]
	org.apache.commons#commons-collections4;4.4 from central in [default]
	org.apache.commons#commons-compress;1.20 from central in [default]
	org.apache.commons#commons-lang3;3.9 from central in [default]
	org.apache.commons#commons-math3;3.6.1 from central in [default]
	org.apache.commons#commons-text;1.8 from central in [default]
	org.apache.poi#poi;4.1.2 from central in [default]
	org.apache.poi#poi-ooxml;4.1.2 from central in [default]
	org.apache.poi#poi-ooxml-schemas;4.1.2 from central in [default]
	org.apache.xmlbeans#xmlbeans;3.1.0 from central in [default]
	org.scala-lang.modules#scala-xml_2.12;1.2.0 from central in [default]
	org.slf4j#slf4j-api;1.7.30 from central in [default]
	xml-apis#xml-apis;1.4.01 from central in [default]
	:: evicted modules:
	org.apache.commons#commons-compress;1.19 by [org.apache.commons#commons-compress;1.20] in [default]
	---------------------------------------------------------------------
	|                  |            modules            ||   artifacts   |
	|       conf       | number| search|dwnlded|evicted|| number|dwnlded|
	---------------------------------------------------------------------
	|      default     |   22  |   0   |   0   |   1   ||   21  |   0   |
	---------------------------------------------------------------------
:: retrieving :: org.apache.spark#spark-submit-parent-fae816d7-5257-461d-8149-3cb8c58e0249
	confs: [default]
	0 artifacts copied, 21 already retrieved (0kB/29ms)
26/02/09 09:55:22 WARN NativeCodeLoader: Unable to load native-hadoop library for your platform... using builtin-java classes where applicable
26/02/09 09:55:24 INFO SparkContext: Running Spark version 3.5.5
26/02/09 09:55:24 INFO SparkContext: OS info Linux, 6.14.0-1017-azure, amd64
26/02/09 09:55:24 INFO SparkContext: Java version 17.0.16
26/02/09 09:55:24 INFO ResourceUtils: ==============================================================
26/02/09 09:55:24 INFO ResourceUtils: No custom resources configured for spark.driver.
26/02/09 09:55:24 INFO ResourceUtils: ==============================================================
26/02/09 09:55:24 INFO SparkContext: Submitted application: audit
26/02/09 09:55:24 INFO ResourceProfile: Default ResourceProfile created, executor resources: Map(cores -> name: cores, amount: 1, script: , vendor: , memory -> name: memory, amount: 1024, script: , vendor: , offHeap -> name: offHeap, amount: 0, script: , vendor: ), task resources: Map(cpus -> name: cpus, amount: 1.0)
26/02/09 09:55:24 INFO ResourceProfile: Limiting resource is cpu
26/02/09 09:55:24 INFO ResourceProfileManager: Added ResourceProfile id: 0
26/02/09 09:55:24 INFO SecurityManager: Changing view acls to: default
26/02/09 09:55:24 INFO SecurityManager: Changing modify acls to: default
26/02/09 09:55:24 INFO SecurityManager: Changing view acls groups to: 
26/02/09 09:55:24 INFO SecurityManager: Changing modify acls groups to: 
26/02/09 09:55:24 INFO SecurityManager: SecurityManager: authentication disabled; ui acls disabled; users with view permissions: default; groups with view permissions: EMPTY; users with modify permissions: default; groups with modify permissions: EMPTY
26/02/09 09:55:25 INFO Utils: Successfully started service 'sparkDriver' on port 35309.
26/02/09 09:55:25 INFO SparkEnv: Registering MapOutputTracker
26/02/09 09:55:25 INFO SparkEnv: Registering BlockManagerMaster
26/02/09 09:55:25 INFO BlockManagerMasterEndpoint: Using org.apache.spark.storage.DefaultTopologyMapper for getting topology information
26/02/09 09:55:25 INFO BlockManagerMasterEndpoint: BlockManagerMasterEndpoint up
26/02/09 09:55:25 INFO SparkEnv: Registering BlockManagerMasterHeartbeat
26/02/09 09:55:25 INFO DiskBlockManager: Created local directory at /tmp/blockmgr-2346f8f9-7b37-4f28-b663-cf4873ea931b
26/02/09 09:55:25 INFO MemoryStore: MemoryStore started with capacity 434.4 MiB
26/02/09 09:55:25 INFO SparkEnv: Registering OutputCommitCoordinator
26/02/09 09:55:25 INFO JettyUtils: Start Jetty 0.0.0.0:4040 for SparkUI
26/02/09 09:55:25 INFO Utils: Successfully started service 'SparkUI' on port 4040.
26/02/09 09:55:25 ERROR SparkContext: Failed to add mysql-connector-j-8.0.33.jar to Spark environment
java.io.FileNotFoundException: Jar /opt/airflow/mysql-connector-j-8.0.33.jar not found
	at org.apache.spark.SparkContext.addLocalJarFile$1(SparkContext.scala:2095)
	at org.apache.spark.SparkContext.addJar(SparkContext.scala:2151)
	at org.apache.spark.SparkContext.$anonfun$new$15(SparkContext.scala:521)
	at org.apache.spark.SparkContext.$anonfun$new$15$adapted(SparkContext.scala:521)
	at scala.collection.mutable.ResizableArray.foreach(ResizableArray.scala:62)
	at scala.collection.mutable.ResizableArray.foreach$(ResizableArray.scala:55)
	at scala.collection.mutable.ArrayBuffer.foreach(ArrayBuffer.scala:49)
	at org.apache.spark.SparkContext.<init>(SparkContext.scala:521)
	at org.apache.spark.api.java.JavaSparkContext.<init>(JavaSparkContext.scala:58)
	at java.base/jdk.internal.reflect.NativeConstructorAccessorImpl.newInstance0(Native Method)
	at java.base/jdk.internal.reflect.NativeConstructorAccessorImpl.newInstance(NativeConstructorAccessorImpl.java:77)
	at java.base/jdk.internal.reflect.DelegatingConstructorAccessorImpl.newInstance(DelegatingConstructorAccessorImpl.java:45)
	at java.base/java.lang.reflect.Constructor.newInstanceWithCaller(Constructor.java:500)
	at java.base/java.lang.reflect.Constructor.newInstance(Constructor.java:481)
	at py4j.reflection.MethodInvoker.invoke(MethodInvoker.java:247)
	at py4j.reflection.ReflectionEngine.invoke(ReflectionEngine.java:374)
	at py4j.Gateway.invoke(Gateway.java:238)
	at py4j.commands.ConstructorCommand.invokeConstructor(ConstructorCommand.java:80)
	at py4j.commands.ConstructorCommand.execute(ConstructorCommand.java:69)
	at py4j.ClientServerConnection.waitForCommands(ClientServerConnection.java:182)
	at py4j.ClientServerConnection.run(ClientServerConnection.java:106)
	at java.base/java.lang.Thread.run(Thread.java:840)
26/02/09 09:55:25 INFO SparkContext: Added file file:///home/airflow/.ivy2/jars/com.crealytics_spark-excel_2.12-0.13.5.jar at file:///home/airflow/.ivy2/jars/com.crealytics_spark-excel_2.12-0.13.5.jar with timestamp 1770630924589
26/02/09 09:55:25 INFO Utils: Copying /home/airflow/.ivy2/jars/com.crealytics_spark-excel_2.12-0.13.5.jar to /tmp/spark-09fe7ae6-8999-4347-9840-dab40ce691e7/userFiles-155a4d8e-a669-4160-b5ac-113dec0a33e2/com.crealytics_spark-excel_2.12-0.13.5.jar
26/02/09 09:55:25 INFO SparkContext: Added file file:///home/airflow/.ivy2/jars/org.apache.poi_poi-4.1.2.jar at file:///home/airflow/.ivy2/jars/org.apache.poi_poi-4.1.2.jar with timestamp 1770630924589
26/02/09 09:55:25 INFO Utils: Copying /home/airflow/.ivy2/jars/org.apache.poi_poi-4.1.2.jar to /tmp/spark-09fe7ae6-8999-4347-9840-dab40ce691e7/userFiles-155a4d8e-a669-4160-b5ac-113dec0a33e2/org.apache.poi_poi-4.1.2.jar
26/02/09 09:55:25 INFO SparkContext: Added file file:///home/airflow/.ivy2/jars/org.apache.poi_poi-ooxml-4.1.2.jar at file:///home/airflow/.ivy2/jars/org.apache.poi_poi-ooxml-4.1.2.jar with timestamp 1770630924589
26/02/09 09:55:25 INFO Utils: Copying /home/airflow/.ivy2/jars/org.apache.poi_poi-ooxml-4.1.2.jar to /tmp/spark-09fe7ae6-8999-4347-9840-dab40ce691e7/userFiles-155a4d8e-a669-4160-b5ac-113dec0a33e2/org.apache.poi_poi-ooxml-4.1.2.jar
26/02/09 09:55:25 INFO SparkContext: Added file file:///home/airflow/.ivy2/jars/com.norbitltd_spoiwo_2.12-1.7.0.jar at file:///home/airflow/.ivy2/jars/com.norbitltd_spoiwo_2.12-1.7.0.jar with timestamp 1770630924589
26/02/09 09:55:25 INFO Utils: Copying /home/airflow/.ivy2/jars/com.norbitltd_spoiwo_2.12-1.7.0.jar to /tmp/spark-09fe7ae6-8999-4347-9840-dab40ce691e7/userFiles-155a4d8e-a669-4160-b5ac-113dec0a33e2/com.norbitltd_spoiwo_2.12-1.7.0.jar
26/02/09 09:55:25 INFO SparkContext: Added file file:///home/airflow/.ivy2/jars/com.github.pjfanning_excel-streaming-reader-2.3.4.jar at file:///home/airflow/.ivy2/jars/com.github.pjfanning_excel-streaming-reader-2.3.4.jar with timestamp 1770630924589
26/02/09 09:55:25 INFO Utils: Copying /home/airflow/.ivy2/jars/com.github.pjfanning_excel-streaming-reader-2.3.4.jar to /tmp/spark-09fe7ae6-8999-4347-9840-dab40ce691e7/userFiles-155a4d8e-a669-4160-b5ac-113dec0a33e2/com.github.pjfanning_excel-streaming-reader-2.3.4.jar
26/02/09 09:55:25 INFO SparkContext: Added file file:///home/airflow/.ivy2/jars/com.github.pjfanning_poi-shared-strings-1.0.4.jar at file:///home/airflow/.ivy2/jars/com.github.pjfanning_poi-shared-strings-1.0.4.jar with timestamp 1770630924589
26/02/09 09:55:25 INFO Utils: Copying /home/airflow/.ivy2/jars/com.github.pjfanning_poi-shared-strings-1.0.4.jar to /tmp/spark-09fe7ae6-8999-4347-9840-dab40ce691e7/userFiles-155a4d8e-a669-4160-b5ac-113dec0a33e2/com.github.pjfanning_poi-shared-strings-1.0.4.jar
26/02/09 09:55:25 INFO SparkContext: Added file file:///home/airflow/.ivy2/jars/org.apache.commons_commons-compress-1.20.jar at file:///home/airflow/.ivy2/jars/org.apache.commons_commons-compress-1.20.jar with timestamp 1770630924589
26/02/09 09:55:25 INFO Utils: Copying /home/airflow/.ivy2/jars/org.apache.commons_commons-compress-1.20.jar to /tmp/spark-09fe7ae6-8999-4347-9840-dab40ce691e7/userFiles-155a4d8e-a669-4160-b5ac-113dec0a33e2/org.apache.commons_commons-compress-1.20.jar
26/02/09 09:55:25 INFO SparkContext: Added file file:///home/airflow/.ivy2/jars/com.fasterxml.jackson.core_jackson-core-2.8.8.jar at file:///home/airflow/.ivy2/jars/com.fasterxml.jackson.core_jackson-core-2.8.8.jar with timestamp 1770630924589
26/02/09 09:55:25 INFO Utils: Copying /home/airflow/.ivy2/jars/com.fasterxml.jackson.core_jackson-core-2.8.8.jar to /tmp/spark-09fe7ae6-8999-4347-9840-dab40ce691e7/userFiles-155a4d8e-a669-4160-b5ac-113dec0a33e2/com.fasterxml.jackson.core_jackson-core-2.8.8.jar
26/02/09 09:55:25 INFO SparkContext: Added file file:///home/airflow/.ivy2/jars/commons-codec_commons-codec-1.13.jar at file:///home/airflow/.ivy2/jars/commons-codec_commons-codec-1.13.jar with timestamp 1770630924589
26/02/09 09:55:25 INFO Utils: Copying /home/airflow/.ivy2/jars/commons-codec_commons-codec-1.13.jar to /tmp/spark-09fe7ae6-8999-4347-9840-dab40ce691e7/userFiles-155a4d8e-a669-4160-b5ac-113dec0a33e2/commons-codec_commons-codec-1.13.jar
26/02/09 09:55:25 INFO SparkContext: Added file file:///home/airflow/.ivy2/jars/org.apache.commons_commons-collections4-4.4.jar at file:///home/airflow/.ivy2/jars/org.apache.commons_commons-collections4-4.4.jar with timestamp 1770630924589
26/02/09 09:55:25 INFO Utils: Copying /home/airflow/.ivy2/jars/org.apache.commons_commons-collections4-4.4.jar to /tmp/spark-09fe7ae6-8999-4347-9840-dab40ce691e7/userFiles-155a4d8e-a669-4160-b5ac-113dec0a33e2/org.apache.commons_commons-collections4-4.4.jar
26/02/09 09:55:25 INFO SparkContext: Added file file:///home/airflow/.ivy2/jars/org.apache.commons_commons-math3-3.6.1.jar at file:///home/airflow/.ivy2/jars/org.apache.commons_commons-math3-3.6.1.jar with timestamp 1770630924589
26/02/09 09:55:25 INFO Utils: Copying /home/airflow/.ivy2/jars/org.apache.commons_commons-math3-3.6.1.jar to /tmp/spark-09fe7ae6-8999-4347-9840-dab40ce691e7/userFiles-155a4d8e-a669-4160-b5ac-113dec0a33e2/org.apache.commons_commons-math3-3.6.1.jar
26/02/09 09:55:25 INFO SparkContext: Added file file:///home/airflow/.ivy2/jars/com.zaxxer_SparseBitSet-1.2.jar at file:///home/airflow/.ivy2/jars/com.zaxxer_SparseBitSet-1.2.jar with timestamp 1770630924589
26/02/09 09:55:25 INFO Utils: Copying /home/airflow/.ivy2/jars/com.zaxxer_SparseBitSet-1.2.jar to /tmp/spark-09fe7ae6-8999-4347-9840-dab40ce691e7/userFiles-155a4d8e-a669-4160-b5ac-113dec0a33e2/com.zaxxer_SparseBitSet-1.2.jar
26/02/09 09:55:25 INFO SparkContext: Added file file:///home/airflow/.ivy2/jars/org.apache.poi_poi-ooxml-schemas-4.1.2.jar at file:///home/airflow/.ivy2/jars/org.apache.poi_poi-ooxml-schemas-4.1.2.jar with timestamp 1770630924589
26/02/09 09:55:25 INFO Utils: Copying /home/airflow/.ivy2/jars/org.apache.poi_poi-ooxml-schemas-4.1.2.jar to /tmp/spark-09fe7ae6-8999-4347-9840-dab40ce691e7/userFiles-155a4d8e-a669-4160-b5ac-113dec0a33e2/org.apache.poi_poi-ooxml-schemas-4.1.2.jar
26/02/09 09:55:25 INFO SparkContext: Added file file:///home/airflow/.ivy2/jars/com.github.virtuald_curvesapi-1.06.jar at file:///home/airflow/.ivy2/jars/com.github.virtuald_curvesapi-1.06.jar with timestamp 1770630924589
26/02/09 09:55:25 INFO Utils: Copying /home/airflow/.ivy2/jars/com.github.virtuald_curvesapi-1.06.jar to /tmp/spark-09fe7ae6-8999-4347-9840-dab40ce691e7/userFiles-155a4d8e-a669-4160-b5ac-113dec0a33e2/com.github.virtuald_curvesapi-1.06.jar
26/02/09 09:55:25 INFO SparkContext: Added file file:///home/airflow/.ivy2/jars/org.apache.xmlbeans_xmlbeans-3.1.0.jar at file:///home/airflow/.ivy2/jars/org.apache.xmlbeans_xmlbeans-3.1.0.jar with timestamp 1770630924589
26/02/09 09:55:25 INFO Utils: Copying /home/airflow/.ivy2/jars/org.apache.xmlbeans_xmlbeans-3.1.0.jar to /tmp/spark-09fe7ae6-8999-4347-9840-dab40ce691e7/userFiles-155a4d8e-a669-4160-b5ac-113dec0a33e2/org.apache.xmlbeans_xmlbeans-3.1.0.jar
26/02/09 09:55:25 INFO SparkContext: Added file file:///home/airflow/.ivy2/jars/org.scala-lang.modules_scala-xml_2.12-1.2.0.jar at file:///home/airflow/.ivy2/jars/org.scala-lang.modules_scala-xml_2.12-1.2.0.jar with timestamp 1770630924589
26/02/09 09:55:25 INFO Utils: Copying /home/airflow/.ivy2/jars/org.scala-lang.modules_scala-xml_2.12-1.2.0.jar to /tmp/spark-09fe7ae6-8999-4347-9840-dab40ce691e7/userFiles-155a4d8e-a669-4160-b5ac-113dec0a33e2/org.scala-lang.modules_scala-xml_2.12-1.2.0.jar
26/02/09 09:55:25 INFO SparkContext: Added file file:///home/airflow/.ivy2/jars/xml-apis_xml-apis-1.4.01.jar at file:///home/airflow/.ivy2/jars/xml-apis_xml-apis-1.4.01.jar with timestamp 1770630924589
26/02/09 09:55:25 INFO Utils: Copying /home/airflow/.ivy2/jars/xml-apis_xml-apis-1.4.01.jar to /tmp/spark-09fe7ae6-8999-4347-9840-dab40ce691e7/userFiles-155a4d8e-a669-4160-b5ac-113dec0a33e2/xml-apis_xml-apis-1.4.01.jar
26/02/09 09:55:25 INFO SparkContext: Added file file:///home/airflow/.ivy2/jars/org.slf4j_slf4j-api-1.7.30.jar at file:///home/airflow/.ivy2/jars/org.slf4j_slf4j-api-1.7.30.jar with timestamp 1770630924589
26/02/09 09:55:25 INFO Utils: Copying /home/airflow/.ivy2/jars/org.slf4j_slf4j-api-1.7.30.jar to /tmp/spark-09fe7ae6-8999-4347-9840-dab40ce691e7/userFiles-155a4d8e-a669-4160-b5ac-113dec0a33e2/org.slf4j_slf4j-api-1.7.30.jar
26/02/09 09:55:25 INFO SparkContext: Added file file:///home/airflow/.ivy2/jars/com.h2database_h2-1.4.200.jar at file:///home/airflow/.ivy2/jars/com.h2database_h2-1.4.200.jar with timestamp 1770630924589
26/02/09 09:55:25 INFO Utils: Copying /home/airflow/.ivy2/jars/com.h2database_h2-1.4.200.jar to /tmp/spark-09fe7ae6-8999-4347-9840-dab40ce691e7/userFiles-155a4d8e-a669-4160-b5ac-113dec0a33e2/com.h2database_h2-1.4.200.jar
26/02/09 09:55:26 INFO SparkContext: Added file file:///home/airflow/.ivy2/jars/org.apache.commons_commons-text-1.8.jar at file:///home/airflow/.ivy2/jars/org.apache.commons_commons-text-1.8.jar with timestamp 1770630924589
26/02/09 09:55:26 INFO Utils: Copying /home/airflow/.ivy2/jars/org.apache.commons_commons-text-1.8.jar to /tmp/spark-09fe7ae6-8999-4347-9840-dab40ce691e7/userFiles-155a4d8e-a669-4160-b5ac-113dec0a33e2/org.apache.commons_commons-text-1.8.jar
26/02/09 09:55:26 INFO SparkContext: Added file file:///home/airflow/.ivy2/jars/org.apache.commons_commons-lang3-3.9.jar at file:///home/airflow/.ivy2/jars/org.apache.commons_commons-lang3-3.9.jar with timestamp 1770630924589
26/02/09 09:55:26 INFO Utils: Copying /home/airflow/.ivy2/jars/org.apache.commons_commons-lang3-3.9.jar to /tmp/spark-09fe7ae6-8999-4347-9840-dab40ce691e7/userFiles-155a4d8e-a669-4160-b5ac-113dec0a33e2/org.apache.commons_commons-lang3-3.9.jar
26/02/09 09:55:26 INFO Executor: Starting executor ID driver on host eff5ec4100e1
26/02/09 09:55:26 INFO Executor: OS info Linux, 6.14.0-1017-azure, amd64
26/02/09 09:55:26 INFO Executor: Java version 17.0.16
26/02/09 09:55:26 INFO Executor: Starting executor with user classpath (userClassPathFirst = false): ''
26/02/09 09:55:26 INFO Executor: Created or updated repl class loader org.apache.spark.util.MutableURLClassLoader@72a09858 for default.
26/02/09 09:55:26 INFO Executor: Fetching file:///home/airflow/.ivy2/jars/commons-codec_commons-codec-1.13.jar with timestamp 1770630924589
26/02/09 09:55:26 INFO Utils: /home/airflow/.ivy2/jars/commons-codec_commons-codec-1.13.jar has been previously copied to /tmp/spark-09fe7ae6-8999-4347-9840-dab40ce691e7/userFiles-155a4d8e-a669-4160-b5ac-113dec0a33e2/commons-codec_commons-codec-1.13.jar
26/02/09 09:55:26 INFO Executor: Fetching file:///home/airflow/.ivy2/jars/xml-apis_xml-apis-1.4.01.jar with timestamp 1770630924589
26/02/09 09:55:26 INFO Utils: /home/airflow/.ivy2/jars/xml-apis_xml-apis-1.4.01.jar has been previously copied to /tmp/spark-09fe7ae6-8999-4347-9840-dab40ce691e7/userFiles-155a4d8e-a669-4160-b5ac-113dec0a33e2/xml-apis_xml-apis-1.4.01.jar
26/02/09 09:55:26 INFO Executor: Fetching file:///home/airflow/.ivy2/jars/com.zaxxer_SparseBitSet-1.2.jar with timestamp 1770630924589
26/02/09 09:55:26 INFO Utils: /home/airflow/.ivy2/jars/com.zaxxer_SparseBitSet-1.2.jar has been previously copied to /tmp/spark-09fe7ae6-8999-4347-9840-dab40ce691e7/userFiles-155a4d8e-a669-4160-b5ac-113dec0a33e2/com.zaxxer_SparseBitSet-1.2.jar
26/02/09 09:55:26 INFO Executor: Fetching file:///home/airflow/.ivy2/jars/org.apache.commons_commons-compress-1.20.jar with timestamp 1770630924589
26/02/09 09:55:26 INFO Utils: /home/airflow/.ivy2/jars/org.apache.commons_commons-compress-1.20.jar has been previously copied to /tmp/spark-09fe7ae6-8999-4347-9840-dab40ce691e7/userFiles-155a4d8e-a669-4160-b5ac-113dec0a33e2/org.apache.commons_commons-compress-1.20.jar
26/02/09 09:55:26 INFO Executor: Fetching file:///home/airflow/.ivy2/jars/org.slf4j_slf4j-api-1.7.30.jar with timestamp 1770630924589
26/02/09 09:55:26 INFO Utils: /home/airflow/.ivy2/jars/org.slf4j_slf4j-api-1.7.30.jar has been previously copied to /tmp/spark-09fe7ae6-8999-4347-9840-dab40ce691e7/userFiles-155a4d8e-a669-4160-b5ac-113dec0a33e2/org.slf4j_slf4j-api-1.7.30.jar
26/02/09 09:55:26 INFO Executor: Fetching file:///home/airflow/.ivy2/jars/org.apache.xmlbeans_xmlbeans-3.1.0.jar with timestamp 1770630924589
26/02/09 09:55:26 INFO Utils: /home/airflow/.ivy2/jars/org.apache.xmlbeans_xmlbeans-3.1.0.jar has been previously copied to /tmp/spark-09fe7ae6-8999-4347-9840-dab40ce691e7/userFiles-155a4d8e-a669-4160-b5ac-113dec0a33e2/org.apache.xmlbeans_xmlbeans-3.1.0.jar
26/02/09 09:55:26 INFO Executor: Fetching file:///home/airflow/.ivy2/jars/org.apache.poi_poi-ooxml-4.1.2.jar with timestamp 1770630924589
26/02/09 09:55:26 INFO Utils: /home/airflow/.ivy2/jars/org.apache.poi_poi-ooxml-4.1.2.jar has been previously copied to /tmp/spark-09fe7ae6-8999-4347-9840-dab40ce691e7/userFiles-155a4d8e-a669-4160-b5ac-113dec0a33e2/org.apache.poi_poi-ooxml-4.1.2.jar
26/02/09 09:55:26 INFO Executor: Fetching file:///home/airflow/.ivy2/jars/com.github.virtuald_curvesapi-1.06.jar with timestamp 1770630924589
26/02/09 09:55:26 INFO Utils: /home/airflow/.ivy2/jars/com.github.virtuald_curvesapi-1.06.jar has been previously copied to /tmp/spark-09fe7ae6-8999-4347-9840-dab40ce691e7/userFiles-155a4d8e-a669-4160-b5ac-113dec0a33e2/com.github.virtuald_curvesapi-1.06.jar
26/02/09 09:55:26 INFO Executor: Fetching file:///home/airflow/.ivy2/jars/com.crealytics_spark-excel_2.12-0.13.5.jar with timestamp 1770630924589
26/02/09 09:55:26 INFO Utils: /home/airflow/.ivy2/jars/com.crealytics_spark-excel_2.12-0.13.5.jar has been previously copied to /tmp/spark-09fe7ae6-8999-4347-9840-dab40ce691e7/userFiles-155a4d8e-a669-4160-b5ac-113dec0a33e2/com.crealytics_spark-excel_2.12-0.13.5.jar
26/02/09 09:55:26 INFO Executor: Fetching file:///home/airflow/.ivy2/jars/org.apache.commons_commons-collections4-4.4.jar with timestamp 1770630924589
26/02/09 09:55:26 INFO Utils: /home/airflow/.ivy2/jars/org.apache.commons_commons-collections4-4.4.jar has been previously copied to /tmp/spark-09fe7ae6-8999-4347-9840-dab40ce691e7/userFiles-155a4d8e-a669-4160-b5ac-113dec0a33e2/org.apache.commons_commons-collections4-4.4.jar
26/02/09 09:55:26 INFO Executor: Fetching file:///home/airflow/.ivy2/jars/com.github.pjfanning_poi-shared-strings-1.0.4.jar with timestamp 1770630924589
26/02/09 09:55:26 INFO Utils: /home/airflow/.ivy2/jars/com.github.pjfanning_poi-shared-strings-1.0.4.jar has been previously copied to /tmp/spark-09fe7ae6-8999-4347-9840-dab40ce691e7/userFiles-155a4d8e-a669-4160-b5ac-113dec0a33e2/com.github.pjfanning_poi-shared-strings-1.0.4.jar
26/02/09 09:55:26 INFO Executor: Fetching file:///home/airflow/.ivy2/jars/com.h2database_h2-1.4.200.jar with timestamp 1770630924589
26/02/09 09:55:26 INFO Utils: /home/airflow/.ivy2/jars/com.h2database_h2-1.4.200.jar has been previously copied to /tmp/spark-09fe7ae6-8999-4347-9840-dab40ce691e7/userFiles-155a4d8e-a669-4160-b5ac-113dec0a33e2/com.h2database_h2-1.4.200.jar
26/02/09 09:55:26 INFO Executor: Fetching file:///home/airflow/.ivy2/jars/org.apache.commons_commons-math3-3.6.1.jar with timestamp 1770630924589
26/02/09 09:55:26 INFO Utils: /home/airflow/.ivy2/jars/org.apache.commons_commons-math3-3.6.1.jar has been previously copied to /tmp/spark-09fe7ae6-8999-4347-9840-dab40ce691e7/userFiles-155a4d8e-a669-4160-b5ac-113dec0a33e2/org.apache.commons_commons-math3-3.6.1.jar
26/02/09 09:55:26 INFO Executor: Fetching file:///home/airflow/.ivy2/jars/com.github.pjfanning_excel-streaming-reader-2.3.4.jar with timestamp 1770630924589
26/02/09 09:55:26 INFO Utils: /home/airflow/.ivy2/jars/com.github.pjfanning_excel-streaming-reader-2.3.4.jar has been previously copied to /tmp/spark-09fe7ae6-8999-4347-9840-dab40ce691e7/userFiles-155a4d8e-a669-4160-b5ac-113dec0a33e2/com.github.pjfanning_excel-streaming-reader-2.3.4.jar
26/02/09 09:55:26 INFO Executor: Fetching file:///home/airflow/.ivy2/jars/com.fasterxml.jackson.core_jackson-core-2.8.8.jar with timestamp 1770630924589
26/02/09 09:55:26 INFO Utils: /home/airflow/.ivy2/jars/com.fasterxml.jackson.core_jackson-core-2.8.8.jar has been previously copied to /tmp/spark-09fe7ae6-8999-4347-9840-dab40ce691e7/userFiles-155a4d8e-a669-4160-b5ac-113dec0a33e2/com.fasterxml.jackson.core_jackson-core-2.8.8.jar
26/02/09 09:55:26 INFO Executor: Fetching file:///home/airflow/.ivy2/jars/org.apache.commons_commons-lang3-3.9.jar with timestamp 1770630924589
26/02/09 09:55:26 INFO Utils: /home/airflow/.ivy2/jars/org.apache.commons_commons-lang3-3.9.jar has been previously copied to /tmp/spark-09fe7ae6-8999-4347-9840-dab40ce691e7/userFiles-155a4d8e-a669-4160-b5ac-113dec0a33e2/org.apache.commons_commons-lang3-3.9.jar
26/02/09 09:55:26 INFO Executor: Fetching file:///home/airflow/.ivy2/jars/org.apache.poi_poi-ooxml-schemas-4.1.2.jar with timestamp 1770630924589
26/02/09 09:55:26 INFO Utils: /home/airflow/.ivy2/jars/org.apache.poi_poi-ooxml-schemas-4.1.2.jar has been previously copied to /tmp/spark-09fe7ae6-8999-4347-9840-dab40ce691e7/userFiles-155a4d8e-a669-4160-b5ac-113dec0a33e2/org.apache.poi_poi-ooxml-schemas-4.1.2.jar
26/02/09 09:55:26 INFO Executor: Fetching file:///home/airflow/.ivy2/jars/org.scala-lang.modules_scala-xml_2.12-1.2.0.jar with timestamp 1770630924589
26/02/09 09:55:26 INFO Utils: /home/airflow/.ivy2/jars/org.scala-lang.modules_scala-xml_2.12-1.2.0.jar has been previously copied to /tmp/spark-09fe7ae6-8999-4347-9840-dab40ce691e7/userFiles-155a4d8e-a669-4160-b5ac-113dec0a33e2/org.scala-lang.modules_scala-xml_2.12-1.2.0.jar
26/02/09 09:55:26 INFO Executor: Fetching file:///home/airflow/.ivy2/jars/com.norbitltd_spoiwo_2.12-1.7.0.jar with timestamp 1770630924589
26/02/09 09:55:26 INFO Utils: /home/airflow/.ivy2/jars/com.norbitltd_spoiwo_2.12-1.7.0.jar has been previously copied to /tmp/spark-09fe7ae6-8999-4347-9840-dab40ce691e7/userFiles-155a4d8e-a669-4160-b5ac-113dec0a33e2/com.norbitltd_spoiwo_2.12-1.7.0.jar
26/02/09 09:55:26 INFO Executor: Fetching file:///home/airflow/.ivy2/jars/org.apache.poi_poi-4.1.2.jar with timestamp 1770630924589
26/02/09 09:55:26 INFO Utils: /home/airflow/.ivy2/jars/org.apache.poi_poi-4.1.2.jar has been previously copied to /tmp/spark-09fe7ae6-8999-4347-9840-dab40ce691e7/userFiles-155a4d8e-a669-4160-b5ac-113dec0a33e2/org.apache.poi_poi-4.1.2.jar
26/02/09 09:55:26 INFO Executor: Fetching file:///home/airflow/.ivy2/jars/org.apache.commons_commons-text-1.8.jar with timestamp 1770630924589
26/02/09 09:55:26 INFO Utils: /home/airflow/.ivy2/jars/org.apache.commons_commons-text-1.8.jar has been previously copied to /tmp/spark-09fe7ae6-8999-4347-9840-dab40ce691e7/userFiles-155a4d8e-a669-4160-b5ac-113dec0a33e2/org.apache.commons_commons-text-1.8.jar
26/02/09 09:55:26 INFO Utils: Successfully started service 'org.apache.spark.network.netty.NettyBlockTransferService' on port 36531.
26/02/09 09:55:26 INFO NettyBlockTransferService: Server created on eff5ec4100e1:36531
26/02/09 09:55:26 INFO BlockManager: Using org.apache.spark.storage.RandomBlockReplicationPolicy for block replication policy
26/02/09 09:55:26 INFO BlockManagerMaster: Registering BlockManager BlockManagerId(driver, eff5ec4100e1, 36531, None)
26/02/09 09:55:26 INFO BlockManagerMasterEndpoint: Registering block manager eff5ec4100e1:36531 with 434.4 MiB RAM, BlockManagerId(driver, eff5ec4100e1, 36531, None)
26/02/09 09:55:26 INFO BlockManagerMaster: Registered BlockManager BlockManagerId(driver, eff5ec4100e1, 36531, None)
26/02/09 09:55:26 INFO BlockManager: Initialized BlockManager: BlockManagerId(driver, eff5ec4100e1, 36531, None)
26/02/09 09:55:27 INFO SharedState: Setting hive.metastore.warehouse.dir ('null') to the value of spark.sql.warehouse.dir.
26/02/09 09:55:27 INFO SharedState: Warehouse path is 'file:/opt/airflow/spark-warehouse'.
26/02/09 09:55:28 WARN SparkSession: Using an existing Spark session; only runtime SQL configurations will take effect.
26/02/09 09:55:28 WARN SparkSession: Using an existing Spark session; only runtime SQL configurations will take effect.
26/02/09 09:55:28 WARN SparkSession: Using an existing Spark session; only runtime SQL configurations will take effect.
26/02/09 09:55:31 WARN SparkSession: Using an existing Spark session; only runtime SQL configurations will take effect.
26/02/09 09:55:31 WARN SparkSession: Using an existing Spark session; only runtime SQL configurations will take effect.
26/02/09 09:55:31 WARN SparkSession: Using an existing Spark session; only runtime SQL configurations will take effect.
26/02/09 09:55:31 WARN SparkSession: Using an existing Spark session; only runtime SQL configurations will take effect.
26/02/09 09:55:31 WARN SparkSession: Using an existing Spark session; only runtime SQL configurations will take effect.
26/02/09 09:55:31 WARN SparkSession: Using an existing Spark session; only runtime SQL configurations will take effect.
26/02/09 09:55:31 WARN SparkSession: Using an existing Spark session; only runtime SQL configurations will take effect.
26/02/09 09:55:31 WARN SparkSession: Using an existing Spark session; only runtime SQL configurations will take effect.
26/02/09 09:55:31 WARN SparkSession: Using an existing Spark session; only runtime SQL configurations will take effect.
26/02/09 09:55:31 WARN SparkSession: Using an existing Spark session; only runtime SQL configurations will take effect.
26/02/09 09:55:31 WARN SparkSession: Using an existing Spark session; only runtime SQL configurations will take effect.
26/02/09 09:55:31 WARN SparkSession: Using an existing Spark session; only runtime SQL configurations will take effect.
26/02/09 09:55:31 WARN SparkSession: Using an existing Spark session; only runtime SQL configurations will take effect.
26/02/09 09:55:31 WARN SparkSession: Using an existing Spark session; only runtime SQL configurations will take effect.
26/02/09 09:55:31 WARN SparkSession: Using an existing Spark session; only runtime SQL configurations will take effect.
26/02/09 09:55:36 INFO CodeGenerator: Code generated in 439.392705 ms
26/02/09 09:55:36 INFO SparkContext: Starting job: collect at /opt/airflow/RedPluto-Data-Engineering-Tool/main_reconciliation.py:37
26/02/09 09:55:36 INFO DAGScheduler: Got job 0 (collect at /opt/airflow/RedPluto-Data-Engineering-Tool/main_reconciliation.py:37) with 1 output partitions
26/02/09 09:55:36 INFO DAGScheduler: Final stage: ResultStage 0 (collect at /opt/airflow/RedPluto-Data-Engineering-Tool/main_reconciliation.py:37)
26/02/09 09:55:36 INFO DAGScheduler: Parents of final stage: List()
26/02/09 09:55:36 INFO DAGScheduler: Missing parents: List()
26/02/09 09:55:36 INFO DAGScheduler: Submitting ResultStage 0 (MapPartitionsRDD[2] at collect at /opt/airflow/RedPluto-Data-Engineering-Tool/main_reconciliation.py:37), which has no missing parents
26/02/09 09:55:36 INFO MemoryStore: Block broadcast_0 stored as values in memory (estimated size 18.9 KiB, free 434.4 MiB)
26/02/09 09:55:36 INFO MemoryStore: Block broadcast_0_piece0 stored as bytes in memory (estimated size 7.8 KiB, free 434.4 MiB)
26/02/09 09:55:36 INFO BlockManagerInfo: Added broadcast_0_piece0 in memory on eff5ec4100e1:36531 (size: 7.8 KiB, free: 434.4 MiB)
26/02/09 09:55:36 INFO SparkContext: Created broadcast 0 from broadcast at DAGScheduler.scala:1585
26/02/09 09:55:36 INFO DAGScheduler: Submitting 1 missing tasks from ResultStage 0 (MapPartitionsRDD[2] at collect at /opt/airflow/RedPluto-Data-Engineering-Tool/main_reconciliation.py:37) (first 15 tasks are for partitions Vector(0))
26/02/09 09:55:36 INFO TaskSchedulerImpl: Adding task set 0.0 with 1 tasks resource profile 0
26/02/09 09:55:36 INFO TaskSetManager: Starting task 0.0 in stage 0.0 (TID 0) (eff5ec4100e1, executor driver, partition 0, PROCESS_LOCAL, 10804 bytes) 
26/02/09 09:55:36 INFO Executor: Running task 0.0 in stage 0.0 (TID 0)
26/02/09 09:55:37 INFO CodeGenerator: Code generated in 96.910309 ms
26/02/09 09:55:37 INFO JDBCRDD: closed connection
26/02/09 09:55:37 INFO Executor: Finished task 0.0 in stage 0.0 (TID 0). 1825 bytes result sent to driver
26/02/09 09:55:37 INFO TaskSetManager: Finished task 0.0 in stage 0.0 (TID 0) in 843 ms on eff5ec4100e1 (executor driver) (1/1)
26/02/09 09:55:37 INFO TaskSchedulerImpl: Removed TaskSet 0.0, whose tasks have all completed, from pool 
26/02/09 09:55:37 INFO DAGScheduler: ResultStage 0 (collect at /opt/airflow/RedPluto-Data-Engineering-Tool/main_reconciliation.py:37) finished in 1.077 s
26/02/09 09:55:37 INFO DAGScheduler: Job 0 is finished. Cancelling potential speculative or zombie tasks for this job
26/02/09 09:55:37 INFO TaskSchedulerImpl: Killing all running tasks in stage 0: Stage finished
26/02/09 09:55:37 INFO DAGScheduler: Job 0 finished: collect at /opt/airflow/RedPluto-Data-Engineering-Tool/main_reconciliation.py:37, took 1.190216 s
26/02/09 09:55:37 INFO SparkContext: Starting job: collect at /opt/airflow/RedPluto-Data-Engineering-Tool/main_reconciliation.py:39
26/02/09 09:55:37 INFO DAGScheduler: Got job 1 (collect at /opt/airflow/RedPluto-Data-Engineering-Tool/main_reconciliation.py:39) with 1 output partitions
26/02/09 09:55:37 INFO DAGScheduler: Final stage: ResultStage 1 (collect at /opt/airflow/RedPluto-Data-Engineering-Tool/main_reconciliation.py:39)
26/02/09 09:55:37 INFO DAGScheduler: Parents of final stage: List()
26/02/09 09:55:37 INFO DAGScheduler: Missing parents: List()
26/02/09 09:55:37 INFO DAGScheduler: Submitting ResultStage 1 (MapPartitionsRDD[5] at collect at /opt/airflow/RedPluto-Data-Engineering-Tool/main_reconciliation.py:39), which has no missing parents
26/02/09 09:55:38 INFO MemoryStore: Block broadcast_1 stored as values in memory (estimated size 17.9 KiB, free 434.4 MiB)
26/02/09 09:55:38 INFO MemoryStore: Block broadcast_1_piece0 stored as bytes in memory (estimated size 7.4 KiB, free 434.3 MiB)
26/02/09 09:55:38 INFO BlockManagerInfo: Added broadcast_1_piece0 in memory on eff5ec4100e1:36531 (size: 7.4 KiB, free: 434.4 MiB)
26/02/09 09:55:38 INFO SparkContext: Created broadcast 1 from broadcast at DAGScheduler.scala:1585
26/02/09 09:55:38 INFO DAGScheduler: Submitting 1 missing tasks from ResultStage 1 (MapPartitionsRDD[5] at collect at /opt/airflow/RedPluto-Data-Engineering-Tool/main_reconciliation.py:39) (first 15 tasks are for partitions Vector(0))
26/02/09 09:55:38 INFO TaskSchedulerImpl: Adding task set 1.0 with 1 tasks resource profile 0
26/02/09 09:55:38 INFO TaskSetManager: Starting task 0.0 in stage 1.0 (TID 1) (eff5ec4100e1, executor driver, partition 0, PROCESS_LOCAL, 10804 bytes) 
26/02/09 09:55:38 INFO Executor: Running task 0.0 in stage 1.0 (TID 1)
26/02/09 09:55:38 INFO JDBCRDD: closed connection
26/02/09 09:55:38 INFO Executor: Finished task 0.0 in stage 1.0 (TID 1). 7560 bytes result sent to driver
26/02/09 09:55:38 INFO TaskSetManager: Finished task 0.0 in stage 1.0 (TID 1) in 132 ms on eff5ec4100e1 (executor driver) (1/1)
26/02/09 09:55:38 INFO TaskSchedulerImpl: Removed TaskSet 1.0, whose tasks have all completed, from pool 
26/02/09 09:55:38 INFO DAGScheduler: ResultStage 1 (collect at /opt/airflow/RedPluto-Data-Engineering-Tool/main_reconciliation.py:39) finished in 0.151 s
26/02/09 09:55:38 INFO DAGScheduler: Job 1 is finished. Cancelling potential speculative or zombie tasks for this job
26/02/09 09:55:38 INFO TaskSchedulerImpl: Killing all running tasks in stage 1: Stage finished
26/02/09 09:55:38 INFO DAGScheduler: Job 1 finished: collect at /opt/airflow/RedPluto-Data-Engineering-Tool/main_reconciliation.py:39, took 0.162850 s
26/02/09 09:55:38 INFO SparkContext: Invoking stop() from shutdown hook
26/02/09 09:55:38 INFO SparkContext: SparkContext is stopping with exitCode 0.
26/02/09 09:55:38 INFO SparkUI: Stopped Spark web UI at http://eff5ec4100e1:4040
26/02/09 09:55:38 INFO MapOutputTrackerMasterEndpoint: MapOutputTrackerMasterEndpoint stopped!
26/02/09 09:55:38 INFO MemoryStore: MemoryStore cleared
26/02/09 09:55:38 INFO BlockManager: BlockManager stopped
26/02/09 09:55:38 INFO BlockManagerMaster: BlockManagerMaster stopped
26/02/09 09:55:38 INFO OutputCommitCoordinator$OutputCommitCoordinatorEndpoint: OutputCommitCoordinator stopped!
26/02/09 09:55:38 INFO SparkContext: Successfully stopped SparkContext
26/02/09 09:55:38 INFO ShutdownHookManager: Shutdown hook called
26/02/09 09:55:38 INFO ShutdownHookManager: Deleting directory /tmp/spark-09fe7ae6-8999-4347-9840-dab40ce691e7/pyspark-bc1d5b41-7a24-44a2-9519-e9270e70d1f3
26/02/09 09:55:38 INFO ShutdownHookManager: Deleting directory /tmp/spark-09fe7ae6-8999-4347-9840-dab40ce691e7
26/02/09 09:55:38 INFO ShutdownHookManager: Deleting directory /tmp/spark-6a99546f-9edf-48f6-8e39-7c9586f94037


During handling of the above exception, another exception occurred:

Traceback (most recent call last):
  File "/home/airflow/.local/lib/python3.12/site-packages/airflow/task/task_runner/standard_task_runner.py", line 117, in _start_by_fork
    ret = args.func(args, dag=self.dag)
          ^^^^^^^^^^^^^^^^^^^^^^^^^^^^^
  File "/home/airflow/.local/lib/python3.12/site-packages/airflow/cli/cli_config.py", line 49, in command
    return func(*args, **kwargs)
           ^^^^^^^^^^^^^^^^^^^^^
  File "/home/airflow/.local/lib/python3.12/site-packages/airflow/utils/cli.py", line 116, in wrapper
    return f(*args, **kwargs)
           ^^^^^^^^^^^^^^^^^^
  File "/home/airflow/.local/lib/python3.12/site-packages/airflow/cli/commands/task_command.py", line 483, in task_run
    task_return_code = _run_task_by_selected_method(args, _dag, ti)
                       ^^^^^^^^^^^^^^^^^^^^^^^^^^^^^^^^^^^^^^^^^^^^
  File "/home/airflow/.local/lib/python3.12/site-packages/airflow/cli/commands/task_command.py", line 256, in _run_task_by_selected_method
    return _run_raw_task(args, ti)
           ^^^^^^^^^^^^^^^^^^^^^^^
  File "/home/airflow/.local/lib/python3.12/site-packages/airflow/cli/commands/task_command.py", line 341, in _run_raw_task
    return ti._run_raw_task(
           ^^^^^^^^^^^^^^^^^
  File "/home/airflow/.local/lib/python3.12/site-packages/airflow/utils/session.py", line 97, in wrapper
    return func(*args, session=session, **kwargs)
           ^^^^^^^^^^^^^^^^^^^^^^^^^^^^^^^^^^^^^^
  File "/home/airflow/.local/lib/python3.12/site-packages/airflow/models/taskinstance.py", line 3005, in _run_raw_task
    return _run_raw_task(
           ^^^^^^^^^^^^^^
  File "/home/airflow/.local/lib/python3.12/site-packages/airflow/models/taskinstance.py", line 273, in _run_raw_task
    TaskInstance._execute_task_with_callbacks(
  File "/home/airflow/.local/lib/python3.12/site-packages/airflow/models/taskinstance.py", line 3159, in _execute_task_with_callbacks
    result = self._execute_task(context, task_orig)
             ^^^^^^^^^^^^^^^^^^^^^^^^^^^^^^^^^^^^^^
  File "/home/airflow/.local/lib/python3.12/site-packages/airflow/models/taskinstance.py", line 3183, in _execute_task
    return _execute_task(self, context, task_orig)
           ^^^^^^^^^^^^^^^^^^^^^^^^^^^^^^^^^^^^^^^
  File "/home/airflow/.local/lib/python3.12/site-packages/airflow/models/taskinstance.py", line 767, in _execute_task
    result = _execute_callable(context=context, **execute_callable_kwargs)
             ^^^^^^^^^^^^^^^^^^^^^^^^^^^^^^^^^^^^^^^^^^^^^^^^^^^^^^^^^^^^^
  File "/home/airflow/.local/lib/python3.12/site-packages/airflow/models/taskinstance.py", line 733, in _execute_callable
    return ExecutionCallableRunner(
           ^^^^^^^^^^^^^^^^^^^^^^^^
  File "/home/airflow/.local/lib/python3.12/site-packages/airflow/utils/operator_helpers.py", line 252, in run
    return self.func(*args, **kwargs)
           ^^^^^^^^^^^^^^^^^^^^^^^^^^
  File "/home/airflow/.local/lib/python3.12/site-packages/airflow/models/baseoperator.py", line 422, in wrapper
    return func(self, *args, **kwargs)
           ^^^^^^^^^^^^^^^^^^^^^^^^^^^
  File "/home/airflow/.local/lib/python3.12/site-packages/airflow/operators/python.py", line 238, in execute
    return_value = self.execute_callable()
                   ^^^^^^^^^^^^^^^^^^^^^^^
  File "/home/airflow/.local/lib/python3.12/site-packages/airflow/operators/python.py", line 256, in execute_callable
    return runner.run(*self.op_args, **self.op_kwargs)
           ^^^^^^^^^^^^^^^^^^^^^^^^^^^^^^^^^^^^^^^^^^^
  File "/home/airflow/.local/lib/python3.12/site-packages/airflow/utils/operator_helpers.py", line 252, in run
    return self.func(*args, **kwargs)
           ^^^^^^^^^^^^^^^^^^^^^^^^^^
  File "/opt/airflow/dags/data_reconciliation_dag_1.py", line 42, in Data_Reconciliation_Dag_1
    raise Exception(f"Error executing Spark job: {e}")
Exception: Error executing Spark job: Spark job failed with return code 1:
:: loading settings :: url = jar:file:/opt/spark/jars/ivy-2.5.1.jar!/org/apache/ivy/core/settings/ivysettings.xml
2026-02-09 09:55:31,934 - INFO - Reading Reconciliation Config Table
try
2026-02-09 09:55:38,197 - INFO - Looping through Recon Config Table Arguments
Traceback (most recent call last):
  File "/opt/spark/python/lib/pyspark.zip/pyspark/sql/types.py", line 2378, in __getitem__
ValueError: 'start_time' is not in list

During handling of the above exception, another exception occurred:

Traceback (most recent call last):
  File "/opt/airflow/RedPluto-Data-Engineering-Tool/main_reconciliation.py", line 158, in <module>
    config_reconciliation(run_id, app_prop)
  File "/opt/airflow/RedPluto-Data-Engineering-Tool/main_reconciliation.py", line 52, in config_reconciliation
    start_time = row["start_time"]
                 ~~~^^^^^^^^^^^^^^
  File "/opt/spark/python/lib/pyspark.zip/pyspark/sql/types.py", line 2383, in __getitem__
pyspark.errors.exceptions.base.PySparkValueError: start_time

Ivy Default Cache set to: /home/airflow/.ivy2/cache
The jars for the packages stored in: /home/airflow/.ivy2/jars
com.crealytics#spark-excel_2.12 added as a dependency
:: resolving dependencies :: org.apache.spark#spark-submit-parent-fae816d7-5257-461d-8149-3cb8c58e0249;1.0
	confs: [default]
	found com.crealytics#spark-excel_2.12;0.13.5 in central
	found org.apache.poi#poi;4.1.2 in central
	found commons-codec#commons-codec;1.13 in central
	found org.apache.commons#commons-collections4;4.4 in central
	found org.apache.commons#commons-math3;3.6.1 in central
	found com.zaxxer#SparseBitSet;1.2 in central
	found org.apache.poi#poi-ooxml;4.1.2 in central
	found org.apache.poi#poi-ooxml-schemas;4.1.2 in central
	found org.apache.xmlbeans#xmlbeans;3.1.0 in central
	found com.github.virtuald#curvesapi;1.06 in central
	found com.norbitltd#spoiwo_2.12;1.7.0 in central
	found org.scala-lang.modules#scala-xml_2.12;1.2.0 in central
	found com.github.pjfanning#excel-streaming-reader;2.3.4 in central
	found com.github.pjfanning#poi-shared-strings;1.0.4 in central
	found com.h2database#h2;1.4.200 in central
	found org.apache.commons#commons-text;1.8 in central
	found org.apache.commons#commons-lang3;3.9 in central
	found xml-apis#xml-apis;1.4.01 in central
	found org.slf4j#slf4j-api;1.7.30 in central
	found org.apache.commons#commons-compress;1.20 in central
	found com.fasterxml.jackson.core#jackson-core;2.8.8 in central
:: resolution report :: resolve 1191ms :: artifacts dl 62ms
	:: modules in use:
	com.crealytics#spark-excel_2.12;0.13.5 from central in [default]
	com.fasterxml.jackson.core#jackson-core;2.8.8 from central in [default]
	com.github.pjfanning#excel-streaming-reader;2.3.4 from central in [default]
	com.github.pjfanning#poi-shared-strings;1.0.4 from central in [default]
	com.github.virtuald#curvesapi;1.06 from central in [default]
	com.h2database#h2;1.4.200 from central in [default]
	com.norbitltd#spoiwo_2.12;1.7.0 from central in [default]
	com.zaxxer#SparseBitSet;1.2 from central in [default]
	commons-codec#commons-codec;1.13 from central in [default]
	org.apache.commons#commons-collections4;4.4 from central in [default]
	org.apache.commons#commons-compress;1.20 from central in [default]
	org.apache.commons#commons-lang3;3.9 from central in [default]
	org.apache.commons#commons-math3;3.6.1 from central in [default]
	org.apache.commons#commons-text;1.8 from central in [default]
	org.apache.poi#poi;4.1.2 from central in [default]
	org.apache.poi#poi-ooxml;4.1.2 from central in [default]
	org.apache.poi#poi-ooxml-schemas;4.1.2 from central in [default]
	org.apache.xmlbeans#xmlbeans;3.1.0 from central in [default]
	org.scala-lang.modules#scala-xml_2.12;1.2.0 from central in [default]
	org.slf4j#slf4j-api;1.7.30 from central in [default]
	xml-apis#xml-apis;1.4.01 from central in [default]
	:: evicted modules:
	org.apache.commons#commons-compress;1.19 by [org.apache.commons#commons-compress;1.20] in [default]
	---------------------------------------------------------------------
	|                  |            modules            ||   artifacts   |
	|       conf       | number| search|dwnlded|evicted|| number|dwnlded|
	---------------------------------------------------------------------
	|      default     |   22  |   0   |   0   |   1   ||   21  |   0   |
	---------------------------------------------------------------------
:: retrieving :: org.apache.spark#spark-submit-parent-fae816d7-5257-461d-8149-3cb8c58e0249
	confs: [default]
	0 artifacts copied, 21 already retrieved (0kB/29ms)
26/02/09 09:55:22 WARN NativeCodeLoader: Unable to load native-hadoop library for your platform... using builtin-java classes where applicable
26/02/09 09:55:24 INFO SparkContext: Running Spark version 3.5.5
26/02/09 09:55:24 INFO SparkContext: OS info Linux, 6.14.0-1017-azure, amd64
26/02/09 09:55:24 INFO SparkContext: Java version 17.0.16
26/02/09 09:55:24 INFO ResourceUtils: ==============================================================
26/02/09 09:55:24 INFO ResourceUtils: No custom resources configured for spark.driver.
26/02/09 09:55:24 INFO ResourceUtils: ==============================================================
26/02/09 09:55:24 INFO SparkContext: Submitted application: audit
26/02/09 09:55:24 INFO ResourceProfile: Default ResourceProfile created, executor resources: Map(cores -> name: cores, amount: 1, script: , vendor: , memory -> name: memory, amount: 1024, script: , vendor: , offHeap -> name: offHeap, amount: 0, script: , vendor: ), task resources: Map(cpus -> name: cpus, amount: 1.0)
26/02/09 09:55:24 INFO ResourceProfile: Limiting resource is cpu
26/02/09 09:55:24 INFO ResourceProfileManager: Added ResourceProfile id: 0
26/02/09 09:55:24 INFO SecurityManager: Changing view acls to: default
26/02/09 09:55:24 INFO SecurityManager: Changing modify acls to: default
26/02/09 09:55:24 INFO SecurityManager: Changing view acls groups to: 
26/02/09 09:55:24 INFO SecurityManager: Changing modify acls groups to: 
26/02/09 09:55:24 INFO SecurityManager: SecurityManager: authentication disabled; ui acls disabled; users with view permissions: default; groups with view permissions: EMPTY; users with modify permissions: default; groups with modify permissions: EMPTY
26/02/09 09:55:25 INFO Utils: Successfully started service 'sparkDriver' on port 35309.
26/02/09 09:55:25 INFO SparkEnv: Registering MapOutputTracker
26/02/09 09:55:25 INFO SparkEnv: Registering BlockManagerMaster
26/02/09 09:55:25 INFO BlockManagerMasterEndpoint: Using org.apache.spark.storage.DefaultTopologyMapper for getting topology information
26/02/09 09:55:25 INFO BlockManagerMasterEndpoint: BlockManagerMasterEndpoint up
26/02/09 09:55:25 INFO SparkEnv: Registering BlockManagerMasterHeartbeat
26/02/09 09:55:25 INFO DiskBlockManager: Created local directory at /tmp/blockmgr-2346f8f9-7b37-4f28-b663-cf4873ea931b
26/02/09 09:55:25 INFO MemoryStore: MemoryStore started with capacity 434.4 MiB
26/02/09 09:55:25 INFO SparkEnv: Registering OutputCommitCoordinator
26/02/09 09:55:25 INFO JettyUtils: Start Jetty 0.0.0.0:4040 for SparkUI
26/02/09 09:55:25 INFO Utils: Successfully started service 'SparkUI' on port 4040.
26/02/09 09:55:25 ERROR SparkContext: Failed to add mysql-connector-j-8.0.33.jar to Spark environment
java.io.FileNotFoundException: Jar /opt/airflow/mysql-connector-j-8.0.33.jar not found
	at org.apache.spark.SparkContext.addLocalJarFile$1(SparkContext.scala:2095)
	at org.apache.spark.SparkContext.addJar(SparkContext.scala:2151)
	at org.apache.spark.SparkContext.$anonfun$new$15(SparkContext.scala:521)
	at org.apache.spark.SparkContext.$anonfun$new$15$adapted(SparkContext.scala:521)
	at scala.collection.mutable.ResizableArray.foreach(ResizableArray.scala:62)
	at scala.collection.mutable.ResizableArray.foreach$(ResizableArray.scala:55)
	at scala.collection.mutable.ArrayBuffer.foreach(ArrayBuffer.scala:49)
	at org.apache.spark.SparkContext.<init>(SparkContext.scala:521)
	at org.apache.spark.api.java.JavaSparkContext.<init>(JavaSparkContext.scala:58)
	at java.base/jdk.internal.reflect.NativeConstructorAccessorImpl.newInstance0(Native Method)
	at java.base/jdk.internal.reflect.NativeConstructorAccessorImpl.newInstance(NativeConstructorAccessorImpl.java:77)
	at java.base/jdk.internal.reflect.DelegatingConstructorAccessorImpl.newInstance(DelegatingConstructorAccessorImpl.java:45)
	at java.base/java.lang.reflect.Constructor.newInstanceWithCaller(Constructor.java:500)
	at java.base/java.lang.reflect.Constructor.newInstance(Constructor.java:481)
	at py4j.reflection.MethodInvoker.invoke(MethodInvoker.java:247)
	at py4j.reflection.ReflectionEngine.invoke(ReflectionEngine.java:374)
	at py4j.Gateway.invoke(Gateway.java:238)
	at py4j.commands.ConstructorCommand.invokeConstructor(ConstructorCommand.java:80)
	at py4j.commands.ConstructorCommand.execute(ConstructorCommand.java:69)
	at py4j.ClientServerConnection.waitForCommands(ClientServerConnection.java:182)
	at py4j.ClientServerConnection.run(ClientServerConnection.java:106)
	at java.base/java.lang.Thread.run(Thread.java:840)
26/02/09 09:55:25 INFO SparkContext: Added file file:///home/airflow/.ivy2/jars/com.crealytics_spark-excel_2.12-0.13.5.jar at file:///home/airflow/.ivy2/jars/com.crealytics_spark-excel_2.12-0.13.5.jar with timestamp 1770630924589
26/02/09 09:55:25 INFO Utils: Copying /home/airflow/.ivy2/jars/com.crealytics_spark-excel_2.12-0.13.5.jar to /tmp/spark-09fe7ae6-8999-4347-9840-dab40ce691e7/userFiles-155a4d8e-a669-4160-b5ac-113dec0a33e2/com.crealytics_spark-excel_2.12-0.13.5.jar
26/02/09 09:55:25 INFO SparkContext: Added file file:///home/airflow/.ivy2/jars/org.apache.poi_poi-4.1.2.jar at file:///home/airflow/.ivy2/jars/org.apache.poi_poi-4.1.2.jar with timestamp 1770630924589
26/02/09 09:55:25 INFO Utils: Copying /home/airflow/.ivy2/jars/org.apache.poi_poi-4.1.2.jar to /tmp/spark-09fe7ae6-8999-4347-9840-dab40ce691e7/userFiles-155a4d8e-a669-4160-b5ac-113dec0a33e2/org.apache.poi_poi-4.1.2.jar
26/02/09 09:55:25 INFO SparkContext: Added file file:///home/airflow/.ivy2/jars/org.apache.poi_poi-ooxml-4.1.2.jar at file:///home/airflow/.ivy2/jars/org.apache.poi_poi-ooxml-4.1.2.jar with timestamp 1770630924589
26/02/09 09:55:25 INFO Utils: Copying /home/airflow/.ivy2/jars/org.apache.poi_poi-ooxml-4.1.2.jar to /tmp/spark-09fe7ae6-8999-4347-9840-dab40ce691e7/userFiles-155a4d8e-a669-4160-b5ac-113dec0a33e2/org.apache.poi_poi-ooxml-4.1.2.jar
26/02/09 09:55:25 INFO SparkContext: Added file file:///home/airflow/.ivy2/jars/com.norbitltd_spoiwo_2.12-1.7.0.jar at file:///home/airflow/.ivy2/jars/com.norbitltd_spoiwo_2.12-1.7.0.jar with timestamp 1770630924589
26/02/09 09:55:25 INFO Utils: Copying /home/airflow/.ivy2/jars/com.norbitltd_spoiwo_2.12-1.7.0.jar to /tmp/spark-09fe7ae6-8999-4347-9840-dab40ce691e7/userFiles-155a4d8e-a669-4160-b5ac-113dec0a33e2/com.norbitltd_spoiwo_2.12-1.7.0.jar
26/02/09 09:55:25 INFO SparkContext: Added file file:///home/airflow/.ivy2/jars/com.github.pjfanning_excel-streaming-reader-2.3.4.jar at file:///home/airflow/.ivy2/jars/com.github.pjfanning_excel-streaming-reader-2.3.4.jar with timestamp 1770630924589
26/02/09 09:55:25 INFO Utils: Copying /home/airflow/.ivy2/jars/com.github.pjfanning_excel-streaming-reader-2.3.4.jar to /tmp/spark-09fe7ae6-8999-4347-9840-dab40ce691e7/userFiles-155a4d8e-a669-4160-b5ac-113dec0a33e2/com.github.pjfanning_excel-streaming-reader-2.3.4.jar
26/02/09 09:55:25 INFO SparkContext: Added file file:///home/airflow/.ivy2/jars/com.github.pjfanning_poi-shared-strings-1.0.4.jar at file:///home/airflow/.ivy2/jars/com.github.pjfanning_poi-shared-strings-1.0.4.jar with timestamp 1770630924589
26/02/09 09:55:25 INFO Utils: Copying /home/airflow/.ivy2/jars/com.github.pjfanning_poi-shared-strings-1.0.4.jar to /tmp/spark-09fe7ae6-8999-4347-9840-dab40ce691e7/userFiles-155a4d8e-a669-4160-b5ac-113dec0a33e2/com.github.pjfanning_poi-shared-strings-1.0.4.jar
26/02/09 09:55:25 INFO SparkContext: Added file file:///home/airflow/.ivy2/jars/org.apache.commons_commons-compress-1.20.jar at file:///home/airflow/.ivy2/jars/org.apache.commons_commons-compress-1.20.jar with timestamp 1770630924589
26/02/09 09:55:25 INFO Utils: Copying /home/airflow/.ivy2/jars/org.apache.commons_commons-compress-1.20.jar to /tmp/spark-09fe7ae6-8999-4347-9840-dab40ce691e7/userFiles-155a4d8e-a669-4160-b5ac-113dec0a33e2/org.apache.commons_commons-compress-1.20.jar
26/02/09 09:55:25 INFO SparkContext: Added file file:///home/airflow/.ivy2/jars/com.fasterxml.jackson.core_jackson-core-2.8.8.jar at file:///home/airflow/.ivy2/jars/com.fasterxml.jackson.core_jackson-core-2.8.8.jar with timestamp 1770630924589
26/02/09 09:55:25 INFO Utils: Copying /home/airflow/.ivy2/jars/com.fasterxml.jackson.core_jackson-core-2.8.8.jar to /tmp/spark-09fe7ae6-8999-4347-9840-dab40ce691e7/userFiles-155a4d8e-a669-4160-b5ac-113dec0a33e2/com.fasterxml.jackson.core_jackson-core-2.8.8.jar
26/02/09 09:55:25 INFO SparkContext: Added file file:///home/airflow/.ivy2/jars/commons-codec_commons-codec-1.13.jar at file:///home/airflow/.ivy2/jars/commons-codec_commons-codec-1.13.jar with timestamp 1770630924589
26/02/09 09:55:25 INFO Utils: Copying /home/airflow/.ivy2/jars/commons-codec_commons-codec-1.13.jar to /tmp/spark-09fe7ae6-8999-4347-9840-dab40ce691e7/userFiles-155a4d8e-a669-4160-b5ac-113dec0a33e2/commons-codec_commons-codec-1.13.jar
26/02/09 09:55:25 INFO SparkContext: Added file file:///home/airflow/.ivy2/jars/org.apache.commons_commons-collections4-4.4.jar at file:///home/airflow/.ivy2/jars/org.apache.commons_commons-collections4-4.4.jar with timestamp 1770630924589
26/02/09 09:55:25 INFO Utils: Copying /home/airflow/.ivy2/jars/org.apache.commons_commons-collections4-4.4.jar to /tmp/spark-09fe7ae6-8999-4347-9840-dab40ce691e7/userFiles-155a4d8e-a669-4160-b5ac-113dec0a33e2/org.apache.commons_commons-collections4-4.4.jar
26/02/09 09:55:25 INFO SparkContext: Added file file:///home/airflow/.ivy2/jars/org.apache.commons_commons-math3-3.6.1.jar at file:///home/airflow/.ivy2/jars/org.apache.commons_commons-math3-3.6.1.jar with timestamp 1770630924589
26/02/09 09:55:25 INFO Utils: Copying /home/airflow/.ivy2/jars/org.apache.commons_commons-math3-3.6.1.jar to /tmp/spark-09fe7ae6-8999-4347-9840-dab40ce691e7/userFiles-155a4d8e-a669-4160-b5ac-113dec0a33e2/org.apache.commons_commons-math3-3.6.1.jar
26/02/09 09:55:25 INFO SparkContext: Added file file:///home/airflow/.ivy2/jars/com.zaxxer_SparseBitSet-1.2.jar at file:///home/airflow/.ivy2/jars/com.zaxxer_SparseBitSet-1.2.jar with timestamp 1770630924589
26/02/09 09:55:25 INFO Utils: Copying /home/airflow/.ivy2/jars/com.zaxxer_SparseBitSet-1.2.jar to /tmp/spark-09fe7ae6-8999-4347-9840-dab40ce691e7/userFiles-155a4d8e-a669-4160-b5ac-113dec0a33e2/com.zaxxer_SparseBitSet-1.2.jar
26/02/09 09:55:25 INFO SparkContext: Added file file:///home/airflow/.ivy2/jars/org.apache.poi_poi-ooxml-schemas-4.1.2.jar at file:///home/airflow/.ivy2/jars/org.apache.poi_poi-ooxml-schemas-4.1.2.jar with timestamp 1770630924589
26/02/09 09:55:25 INFO Utils: Copying /home/airflow/.ivy2/jars/org.apache.poi_poi-ooxml-schemas-4.1.2.jar to /tmp/spark-09fe7ae6-8999-4347-9840-dab40ce691e7/userFiles-155a4d8e-a669-4160-b5ac-113dec0a33e2/org.apache.poi_poi-ooxml-schemas-4.1.2.jar
26/02/09 09:55:25 INFO SparkContext: Added file file:///home/airflow/.ivy2/jars/com.github.virtuald_curvesapi-1.06.jar at file:///home/airflow/.ivy2/jars/com.github.virtuald_curvesapi-1.06.jar with timestamp 1770630924589
26/02/09 09:55:25 INFO Utils: Copying /home/airflow/.ivy2/jars/com.github.virtuald_curvesapi-1.06.jar to /tmp/spark-09fe7ae6-8999-4347-9840-dab40ce691e7/userFiles-155a4d8e-a669-4160-b5ac-113dec0a33e2/com.github.virtuald_curvesapi-1.06.jar
26/02/09 09:55:25 INFO SparkContext: Added file file:///home/airflow/.ivy2/jars/org.apache.xmlbeans_xmlbeans-3.1.0.jar at file:///home/airflow/.ivy2/jars/org.apache.xmlbeans_xmlbeans-3.1.0.jar with timestamp 1770630924589
26/02/09 09:55:25 INFO Utils: Copying /home/airflow/.ivy2/jars/org.apache.xmlbeans_xmlbeans-3.1.0.jar to /tmp/spark-09fe7ae6-8999-4347-9840-dab40ce691e7/userFiles-155a4d8e-a669-4160-b5ac-113dec0a33e2/org.apache.xmlbeans_xmlbeans-3.1.0.jar
26/02/09 09:55:25 INFO SparkContext: Added file file:///home/airflow/.ivy2/jars/org.scala-lang.modules_scala-xml_2.12-1.2.0.jar at file:///home/airflow/.ivy2/jars/org.scala-lang.modules_scala-xml_2.12-1.2.0.jar with timestamp 1770630924589
26/02/09 09:55:25 INFO Utils: Copying /home/airflow/.ivy2/jars/org.scala-lang.modules_scala-xml_2.12-1.2.0.jar to /tmp/spark-09fe7ae6-8999-4347-9840-dab40ce691e7/userFiles-155a4d8e-a669-4160-b5ac-113dec0a33e2/org.scala-lang.modules_scala-xml_2.12-1.2.0.jar
26/02/09 09:55:25 INFO SparkContext: Added file file:///home/airflow/.ivy2/jars/xml-apis_xml-apis-1.4.01.jar at file:///home/airflow/.ivy2/jars/xml-apis_xml-apis-1.4.01.jar with timestamp 1770630924589
26/02/09 09:55:25 INFO Utils: Copying /home/airflow/.ivy2/jars/xml-apis_xml-apis-1.4.01.jar to /tmp/spark-09fe7ae6-8999-4347-9840-dab40ce691e7/userFiles-155a4d8e-a669-4160-b5ac-113dec0a33e2/xml-apis_xml-apis-1.4.01.jar
26/02/09 09:55:25 INFO SparkContext: Added file file:///home/airflow/.ivy2/jars/org.slf4j_slf4j-api-1.7.30.jar at file:///home/airflow/.ivy2/jars/org.slf4j_slf4j-api-1.7.30.jar with timestamp 1770630924589
26/02/09 09:55:25 INFO Utils: Copying /home/airflow/.ivy2/jars/org.slf4j_slf4j-api-1.7.30.jar to /tmp/spark-09fe7ae6-8999-4347-9840-dab40ce691e7/userFiles-155a4d8e-a669-4160-b5ac-113dec0a33e2/org.slf4j_slf4j-api-1.7.30.jar
26/02/09 09:55:25 INFO SparkContext: Added file file:///home/airflow/.ivy2/jars/com.h2database_h2-1.4.200.jar at file:///home/airflow/.ivy2/jars/com.h2database_h2-1.4.200.jar with timestamp 1770630924589
26/02/09 09:55:25 INFO Utils: Copying /home/airflow/.ivy2/jars/com.h2database_h2-1.4.200.jar to /tmp/spark-09fe7ae6-8999-4347-9840-dab40ce691e7/userFiles-155a4d8e-a669-4160-b5ac-113dec0a33e2/com.h2database_h2-1.4.200.jar
26/02/09 09:55:26 INFO SparkContext: Added file file:///home/airflow/.ivy2/jars/org.apache.commons_commons-text-1.8.jar at file:///home/airflow/.ivy2/jars/org.apache.commons_commons-text-1.8.jar with timestamp 1770630924589
26/02/09 09:55:26 INFO Utils: Copying /home/airflow/.ivy2/jars/org.apache.commons_commons-text-1.8.jar to /tmp/spark-09fe7ae6-8999-4347-9840-dab40ce691e7/userFiles-155a4d8e-a669-4160-b5ac-113dec0a33e2/org.apache.commons_commons-text-1.8.jar
26/02/09 09:55:26 INFO SparkContext: Added file file:///home/airflow/.ivy2/jars/org.apache.commons_commons-lang3-3.9.jar at file:///home/airflow/.ivy2/jars/org.apache.commons_commons-lang3-3.9.jar with timestamp 1770630924589
26/02/09 09:55:26 INFO Utils: Copying /home/airflow/.ivy2/jars/org.apache.commons_commons-lang3-3.9.jar to /tmp/spark-09fe7ae6-8999-4347-9840-dab40ce691e7/userFiles-155a4d8e-a669-4160-b5ac-113dec0a33e2/org.apache.commons_commons-lang3-3.9.jar
26/02/09 09:55:26 INFO Executor: Starting executor ID driver on host eff5ec4100e1
26/02/09 09:55:26 INFO Executor: OS info Linux, 6.14.0-1017-azure, amd64
26/02/09 09:55:26 INFO Executor: Java version 17.0.16
26/02/09 09:55:26 INFO Executor: Starting executor with user classpath (userClassPathFirst = false): ''
26/02/09 09:55:26 INFO Executor: Created or updated repl class loader org.apache.spark.util.MutableURLClassLoader@72a09858 for default.
26/02/09 09:55:26 INFO Executor: Fetching file:///home/airflow/.ivy2/jars/commons-codec_commons-codec-1.13.jar with timestamp 1770630924589
26/02/09 09:55:26 INFO Utils: /home/airflow/.ivy2/jars/commons-codec_commons-codec-1.13.jar has been previously copied to /tmp/spark-09fe7ae6-8999-4347-9840-dab40ce691e7/userFiles-155a4d8e-a669-4160-b5ac-113dec0a33e2/commons-codec_commons-codec-1.13.jar
26/02/09 09:55:26 INFO Executor: Fetching file:///home/airflow/.ivy2/jars/xml-apis_xml-apis-1.4.01.jar with timestamp 1770630924589
26/02/09 09:55:26 INFO Utils: /home/airflow/.ivy2/jars/xml-apis_xml-apis-1.4.01.jar has been previously copied to /tmp/spark-09fe7ae6-8999-4347-9840-dab40ce691e7/userFiles-155a4d8e-a669-4160-b5ac-113dec0a33e2/xml-apis_xml-apis-1.4.01.jar
26/02/09 09:55:26 INFO Executor: Fetching file:///home/airflow/.ivy2/jars/com.zaxxer_SparseBitSet-1.2.jar with timestamp 1770630924589
26/02/09 09:55:26 INFO Utils: /home/airflow/.ivy2/jars/com.zaxxer_SparseBitSet-1.2.jar has been previously copied to /tmp/spark-09fe7ae6-8999-4347-9840-dab40ce691e7/userFiles-155a4d8e-a669-4160-b5ac-113dec0a33e2/com.zaxxer_SparseBitSet-1.2.jar
26/02/09 09:55:26 INFO Executor: Fetching file:///home/airflow/.ivy2/jars/org.apache.commons_commons-compress-1.20.jar with timestamp 1770630924589
26/02/09 09:55:26 INFO Utils: /home/airflow/.ivy2/jars/org.apache.commons_commons-compress-1.20.jar has been previously copied to /tmp/spark-09fe7ae6-8999-4347-9840-dab40ce691e7/userFiles-155a4d8e-a669-4160-b5ac-113dec0a33e2/org.apache.commons_commons-compress-1.20.jar
26/02/09 09:55:26 INFO Executor: Fetching file:///home/airflow/.ivy2/jars/org.slf4j_slf4j-api-1.7.30.jar with timestamp 1770630924589
26/02/09 09:55:26 INFO Utils: /home/airflow/.ivy2/jars/org.slf4j_slf4j-api-1.7.30.jar has been previously copied to /tmp/spark-09fe7ae6-8999-4347-9840-dab40ce691e7/userFiles-155a4d8e-a669-4160-b5ac-113dec0a33e2/org.slf4j_slf4j-api-1.7.30.jar
26/02/09 09:55:26 INFO Executor: Fetching file:///home/airflow/.ivy2/jars/org.apache.xmlbeans_xmlbeans-3.1.0.jar with timestamp 1770630924589
26/02/09 09:55:26 INFO Utils: /home/airflow/.ivy2/jars/org.apache.xmlbeans_xmlbeans-3.1.0.jar has been previously copied to /tmp/spark-09fe7ae6-8999-4347-9840-dab40ce691e7/userFiles-155a4d8e-a669-4160-b5ac-113dec0a33e2/org.apache.xmlbeans_xmlbeans-3.1.0.jar
26/02/09 09:55:26 INFO Executor: Fetching file:///home/airflow/.ivy2/jars/org.apache.poi_poi-ooxml-4.1.2.jar with timestamp 1770630924589
26/02/09 09:55:26 INFO Utils: /home/airflow/.ivy2/jars/org.apache.poi_poi-ooxml-4.1.2.jar has been previously copied to /tmp/spark-09fe7ae6-8999-4347-9840-dab40ce691e7/userFiles-155a4d8e-a669-4160-b5ac-113dec0a33e2/org.apache.poi_poi-ooxml-4.1.2.jar
26/02/09 09:55:26 INFO Executor: Fetching file:///home/airflow/.ivy2/jars/com.github.virtuald_curvesapi-1.06.jar with timestamp 1770630924589
26/02/09 09:55:26 INFO Utils: /home/airflow/.ivy2/jars/com.github.virtuald_curvesapi-1.06.jar has been previously copied to /tmp/spark-09fe7ae6-8999-4347-9840-dab40ce691e7/userFiles-155a4d8e-a669-4160-b5ac-113dec0a33e2/com.github.virtuald_curvesapi-1.06.jar
26/02/09 09:55:26 INFO Executor: Fetching file:///home/airflow/.ivy2/jars/com.crealytics_spark-excel_2.12-0.13.5.jar with timestamp 1770630924589
26/02/09 09:55:26 INFO Utils: /home/airflow/.ivy2/jars/com.crealytics_spark-excel_2.12-0.13.5.jar has been previously copied to /tmp/spark-09fe7ae6-8999-4347-9840-dab40ce691e7/userFiles-155a4d8e-a669-4160-b5ac-113dec0a33e2/com.crealytics_spark-excel_2.12-0.13.5.jar
26/02/09 09:55:26 INFO Executor: Fetching file:///home/airflow/.ivy2/jars/org.apache.commons_commons-collections4-4.4.jar with timestamp 1770630924589
26/02/09 09:55:26 INFO Utils: /home/airflow/.ivy2/jars/org.apache.commons_commons-collections4-4.4.jar has been previously copied to /tmp/spark-09fe7ae6-8999-4347-9840-dab40ce691e7/userFiles-155a4d8e-a669-4160-b5ac-113dec0a33e2/org.apache.commons_commons-collections4-4.4.jar
26/02/09 09:55:26 INFO Executor: Fetching file:///home/airflow/.ivy2/jars/com.github.pjfanning_poi-shared-strings-1.0.4.jar with timestamp 1770630924589
26/02/09 09:55:26 INFO Utils: /home/airflow/.ivy2/jars/com.github.pjfanning_poi-shared-strings-1.0.4.jar has been previously copied to /tmp/spark-09fe7ae6-8999-4347-9840-dab40ce691e7/userFiles-155a4d8e-a669-4160-b5ac-113dec0a33e2/com.github.pjfanning_poi-shared-strings-1.0.4.jar
26/02/09 09:55:26 INFO Executor: Fetching file:///home/airflow/.ivy2/jars/com.h2database_h2-1.4.200.jar with timestamp 1770630924589
26/02/09 09:55:26 INFO Utils: /home/airflow/.ivy2/jars/com.h2database_h2-1.4.200.jar has been previously copied to /tmp/spark-09fe7ae6-8999-4347-9840-dab40ce691e7/userFiles-155a4d8e-a669-4160-b5ac-113dec0a33e2/com.h2database_h2-1.4.200.jar
26/02/09 09:55:26 INFO Executor: Fetching file:///home/airflow/.ivy2/jars/org.apache.commons_commons-math3-3.6.1.jar with timestamp 1770630924589
26/02/09 09:55:26 INFO Utils: /home/airflow/.ivy2/jars/org.apache.commons_commons-math3-3.6.1.jar has been previously copied to /tmp/spark-09fe7ae6-8999-4347-9840-dab40ce691e7/userFiles-155a4d8e-a669-4160-b5ac-113dec0a33e2/org.apache.commons_commons-math3-3.6.1.jar
26/02/09 09:55:26 INFO Executor: Fetching file:///home/airflow/.ivy2/jars/com.github.pjfanning_excel-streaming-reader-2.3.4.jar with timestamp 1770630924589
26/02/09 09:55:26 INFO Utils: /home/airflow/.ivy2/jars/com.github.pjfanning_excel-streaming-reader-2.3.4.jar has been previously copied to /tmp/spark-09fe7ae6-8999-4347-9840-dab40ce691e7/userFiles-155a4d8e-a669-4160-b5ac-113dec0a33e2/com.github.pjfanning_excel-streaming-reader-2.3.4.jar
26/02/09 09:55:26 INFO Executor: Fetching file:///home/airflow/.ivy2/jars/com.fasterxml.jackson.core_jackson-core-2.8.8.jar with timestamp 1770630924589
26/02/09 09:55:26 INFO Utils: /home/airflow/.ivy2/jars/com.fasterxml.jackson.core_jackson-core-2.8.8.jar has been previously copied to /tmp/spark-09fe7ae6-8999-4347-9840-dab40ce691e7/userFiles-155a4d8e-a669-4160-b5ac-113dec0a33e2/com.fasterxml.jackson.core_jackson-core-2.8.8.jar
26/02/09 09:55:26 INFO Executor: Fetching file:///home/airflow/.ivy2/jars/org.apache.commons_commons-lang3-3.9.jar with timestamp 1770630924589
26/02/09 09:55:26 INFO Utils: /home/airflow/.ivy2/jars/org.apache.commons_commons-lang3-3.9.jar has been previously copied to /tmp/spark-09fe7ae6-8999-4347-9840-dab40ce691e7/userFiles-155a4d8e-a669-4160-b5ac-113dec0a33e2/org.apache.commons_commons-lang3-3.9.jar
26/02/09 09:55:26 INFO Executor: Fetching file:///home/airflow/.ivy2/jars/org.apache.poi_poi-ooxml-schemas-4.1.2.jar with timestamp 1770630924589
26/02/09 09:55:26 INFO Utils: /home/airflow/.ivy2/jars/org.apache.poi_poi-ooxml-schemas-4.1.2.jar has been previously copied to /tmp/spark-09fe7ae6-8999-4347-9840-dab40ce691e7/userFiles-155a4d8e-a669-4160-b5ac-113dec0a33e2/org.apache.poi_poi-ooxml-schemas-4.1.2.jar
26/02/09 09:55:26 INFO Executor: Fetching file:///home/airflow/.ivy2/jars/org.scala-lang.modules_scala-xml_2.12-1.2.0.jar with timestamp 1770630924589
26/02/09 09:55:26 INFO Utils: /home/airflow/.ivy2/jars/org.scala-lang.modules_scala-xml_2.12-1.2.0.jar has been previously copied to /tmp/spark-09fe7ae6-8999-4347-9840-dab40ce691e7/userFiles-155a4d8e-a669-4160-b5ac-113dec0a33e2/org.scala-lang.modules_scala-xml_2.12-1.2.0.jar
26/02/09 09:55:26 INFO Executor: Fetching file:///home/airflow/.ivy2/jars/com.norbitltd_spoiwo_2.12-1.7.0.jar with timestamp 1770630924589
26/02/09 09:55:26 INFO Utils: /home/airflow/.ivy2/jars/com.norbitltd_spoiwo_2.12-1.7.0.jar has been previously copied to /tmp/spark-09fe7ae6-8999-4347-9840-dab40ce691e7/userFiles-155a4d8e-a669-4160-b5ac-113dec0a33e2/com.norbitltd_spoiwo_2.12-1.7.0.jar
26/02/09 09:55:26 INFO Executor: Fetching file:///home/airflow/.ivy2/jars/org.apache.poi_poi-4.1.2.jar with timestamp 1770630924589
26/02/09 09:55:26 INFO Utils: /home/airflow/.ivy2/jars/org.apache.poi_poi-4.1.2.jar has been previously copied to /tmp/spark-09fe7ae6-8999-4347-9840-dab40ce691e7/userFiles-155a4d8e-a669-4160-b5ac-113dec0a33e2/org.apache.poi_poi-4.1.2.jar
26/02/09 09:55:26 INFO Executor: Fetching file:///home/airflow/.ivy2/jars/org.apache.commons_commons-text-1.8.jar with timestamp 1770630924589
26/02/09 09:55:26 INFO Utils: /home/airflow/.ivy2/jars/org.apache.commons_commons-text-1.8.jar has been previously copied to /tmp/spark-09fe7ae6-8999-4347-9840-dab40ce691e7/userFiles-155a4d8e-a669-4160-b5ac-113dec0a33e2/org.apache.commons_commons-text-1.8.jar
26/02/09 09:55:26 INFO Utils: Successfully started service 'org.apache.spark.network.netty.NettyBlockTransferService' on port 36531.
26/02/09 09:55:26 INFO NettyBlockTransferService: Server created on eff5ec4100e1:36531
26/02/09 09:55:26 INFO BlockManager: Using org.apache.spark.storage.RandomBlockReplicationPolicy for block replication policy
26/02/09 09:55:26 INFO BlockManagerMaster: Registering BlockManager BlockManagerId(driver, eff5ec4100e1, 36531, None)
26/02/09 09:55:26 INFO BlockManagerMasterEndpoint: Registering block manager eff5ec4100e1:36531 with 434.4 MiB RAM, BlockManagerId(driver, eff5ec4100e1, 36531, None)
26/02/09 09:55:26 INFO BlockManagerMaster: Registered BlockManager BlockManagerId(driver, eff5ec4100e1, 36531, None)
26/02/09 09:55:26 INFO BlockManager: Initialized BlockManager: BlockManagerId(driver, eff5ec4100e1, 36531, None)
26/02/09 09:55:27 INFO SharedState: Setting hive.metastore.warehouse.dir ('null') to the value of spark.sql.warehouse.dir.
26/02/09 09:55:27 INFO SharedState: Warehouse path is 'file:/opt/airflow/spark-warehouse'.
26/02/09 09:55:28 WARN SparkSession: Using an existing Spark session; only runtime SQL configurations will take effect.
26/02/09 09:55:28 WARN SparkSession: Using an existing Spark session; only runtime SQL configurations will take effect.
26/02/09 09:55:28 WARN SparkSession: Using an existing Spark session; only runtime SQL configurations will take effect.
26/02/09 09:55:31 WARN SparkSession: Using an existing Spark session; only runtime SQL configurations will take effect.
26/02/09 09:55:31 WARN SparkSession: Using an existing Spark session; only runtime SQL configurations will take effect.
26/02/09 09:55:31 WARN SparkSession: Using an existing Spark session; only runtime SQL configurations will take effect.
26/02/09 09:55:31 WARN SparkSession: Using an existing Spark session; only runtime SQL configurations will take effect.
26/02/09 09:55:31 WARN SparkSession: Using an existing Spark session; only runtime SQL configurations will take effect.
26/02/09 09:55:31 WARN SparkSession: Using an existing Spark session; only runtime SQL configurations will take effect.
26/02/09 09:55:31 WARN SparkSession: Using an existing Spark session; only runtime SQL configurations will take effect.
26/02/09 09:55:31 WARN SparkSession: Using an existing Spark session; only runtime SQL configurations will take effect.
26/02/09 09:55:31 WARN SparkSession: Using an existing Spark session; only runtime SQL configurations will take effect.
26/02/09 09:55:31 WARN SparkSession: Using an existing Spark session; only runtime SQL configurations will take effect.
26/02/09 09:55:31 WARN SparkSession: Using an existing Spark session; only runtime SQL configurations will take effect.
26/02/09 09:55:31 WARN SparkSession: Using an existing Spark session; only runtime SQL configurations will take effect.
26/02/09 09:55:31 WARN SparkSession: Using an existing Spark session; only runtime SQL configurations will take effect.
26/02/09 09:55:31 WARN SparkSession: Using an existing Spark session; only runtime SQL configurations will take effect.
26/02/09 09:55:31 WARN SparkSession: Using an existing Spark session; only runtime SQL configurations will take effect.
26/02/09 09:55:36 INFO CodeGenerator: Code generated in 439.392705 ms
26/02/09 09:55:36 INFO SparkContext: Starting job: collect at /opt/airflow/RedPluto-Data-Engineering-Tool/main_reconciliation.py:37
26/02/09 09:55:36 INFO DAGScheduler: Got job 0 (collect at /opt/airflow/RedPluto-Data-Engineering-Tool/main_reconciliation.py:37) with 1 output partitions
26/02/09 09:55:36 INFO DAGScheduler: Final stage: ResultStage 0 (collect at /opt/airflow/RedPluto-Data-Engineering-Tool/main_reconciliation.py:37)
26/02/09 09:55:36 INFO DAGScheduler: Parents of final stage: List()
26/02/09 09:55:36 INFO DAGScheduler: Missing parents: List()
26/02/09 09:55:36 INFO DAGScheduler: Submitting ResultStage 0 (MapPartitionsRDD[2] at collect at /opt/airflow/RedPluto-Data-Engineering-Tool/main_reconciliation.py:37), which has no missing parents
26/02/09 09:55:36 INFO MemoryStore: Block broadcast_0 stored as values in memory (estimated size 18.9 KiB, free 434.4 MiB)
26/02/09 09:55:36 INFO MemoryStore: Block broadcast_0_piece0 stored as bytes in memory (estimated size 7.8 KiB, free 434.4 MiB)
26/02/09 09:55:36 INFO BlockManagerInfo: Added broadcast_0_piece0 in memory on eff5ec4100e1:36531 (size: 7.8 KiB, free: 434.4 MiB)
26/02/09 09:55:36 INFO SparkContext: Created broadcast 0 from broadcast at DAGScheduler.scala:1585
26/02/09 09:55:36 INFO DAGScheduler: Submitting 1 missing tasks from ResultStage 0 (MapPartitionsRDD[2] at collect at /opt/airflow/RedPluto-Data-Engineering-Tool/main_reconciliation.py:37) (first 15 tasks are for partitions Vector(0))
26/02/09 09:55:36 INFO TaskSchedulerImpl: Adding task set 0.0 with 1 tasks resource profile 0
26/02/09 09:55:36 INFO TaskSetManager: Starting task 0.0 in stage 0.0 (TID 0) (eff5ec4100e1, executor driver, partition 0, PROCESS_LOCAL, 10804 bytes) 
26/02/09 09:55:36 INFO Executor: Running task 0.0 in stage 0.0 (TID 0)
26/02/09 09:55:37 INFO CodeGenerator: Code generated in 96.910309 ms
26/02/09 09:55:37 INFO JDBCRDD: closed connection
26/02/09 09:55:37 INFO Executor: Finished task 0.0 in stage 0.0 (TID 0). 1825 bytes result sent to driver
26/02/09 09:55:37 INFO TaskSetManager: Finished task 0.0 in stage 0.0 (TID 0) in 843 ms on eff5ec4100e1 (executor driver) (1/1)
26/02/09 09:55:37 INFO TaskSchedulerImpl: Removed TaskSet 0.0, whose tasks have all completed, from pool 
26/02/09 09:55:37 INFO DAGScheduler: ResultStage 0 (collect at /opt/airflow/RedPluto-Data-Engineering-Tool/main_reconciliation.py:37) finished in 1.077 s
26/02/09 09:55:37 INFO DAGScheduler: Job 0 is finished. Cancelling potential speculative or zombie tasks for this job
26/02/09 09:55:37 INFO TaskSchedulerImpl: Killing all running tasks in stage 0: Stage finished
26/02/09 09:55:37 INFO DAGScheduler: Job 0 finished: collect at /opt/airflow/RedPluto-Data-Engineering-Tool/main_reconciliation.py:37, took 1.190216 s
26/02/09 09:55:37 INFO SparkContext: Starting job: collect at /opt/airflow/RedPluto-Data-Engineering-Tool/main_reconciliation.py:39
26/02/09 09:55:37 INFO DAGScheduler: Got job 1 (collect at /opt/airflow/RedPluto-Data-Engineering-Tool/main_reconciliation.py:39) with 1 output partitions
26/02/09 09:55:37 INFO DAGScheduler: Final stage: ResultStage 1 (collect at /opt/airflow/RedPluto-Data-Engineering-Tool/main_reconciliation.py:39)
26/02/09 09:55:37 INFO DAGScheduler: Parents of final stage: List()
26/02/09 09:55:37 INFO DAGScheduler: Missing parents: List()
26/02/09 09:55:37 INFO DAGScheduler: Submitting ResultStage 1 (MapPartitionsRDD[5] at collect at /opt/airflow/RedPluto-Data-Engineering-Tool/main_reconciliation.py:39), which has no missing parents
26/02/09 09:55:38 INFO MemoryStore: Block broadcast_1 stored as values in memory (estimated size 17.9 KiB, free 434.4 MiB)
26/02/09 09:55:38 INFO MemoryStore: Block broadcast_1_piece0 stored as bytes in memory (estimated size 7.4 KiB, free 434.3 MiB)
26/02/09 09:55:38 INFO BlockManagerInfo: Added broadcast_1_piece0 in memory on eff5ec4100e1:36531 (size: 7.4 KiB, free: 434.4 MiB)
26/02/09 09:55:38 INFO SparkContext: Created broadcast 1 from broadcast at DAGScheduler.scala:1585
26/02/09 09:55:38 INFO DAGScheduler: Submitting 1 missing tasks from ResultStage 1 (MapPartitionsRDD[5] at collect at /opt/airflow/RedPluto-Data-Engineering-Tool/main_reconciliation.py:39) (first 15 tasks are for partitions Vector(0))
26/02/09 09:55:38 INFO TaskSchedulerImpl: Adding task set 1.0 with 1 tasks resource profile 0
26/02/09 09:55:38 INFO TaskSetManager: Starting task 0.0 in stage 1.0 (TID 1) (eff5ec4100e1, executor driver, partition 0, PROCESS_LOCAL, 10804 bytes) 
26/02/09 09:55:38 INFO Executor: Running task 0.0 in stage 1.0 (TID 1)
26/02/09 09:55:38 INFO JDBCRDD: closed connection
26/02/09 09:55:38 INFO Executor: Finished task 0.0 in stage 1.0 (TID 1). 7560 bytes result sent to driver
26/02/09 09:55:38 INFO TaskSetManager: Finished task 0.0 in stage 1.0 (TID 1) in 132 ms on eff5ec4100e1 (executor driver) (1/1)
26/02/09 09:55:38 INFO TaskSchedulerImpl: Removed TaskSet 1.0, whose tasks have all completed, from pool 
26/02/09 09:55:38 INFO DAGScheduler: ResultStage 1 (collect at /opt/airflow/RedPluto-Data-Engineering-Tool/main_reconciliation.py:39) finished in 0.151 s
26/02/09 09:55:38 INFO DAGScheduler: Job 1 is finished. Cancelling potential speculative or zombie tasks for this job
26/02/09 09:55:38 INFO TaskSchedulerImpl: Killing all running tasks in stage 1: Stage finished
26/02/09 09:55:38 INFO DAGScheduler: Job 1 finished: collect at /opt/airflow/RedPluto-Data-Engineering-Tool/main_reconciliation.py:39, took 0.162850 s
26/02/09 09:55:38 INFO SparkContext: Invoking stop() from shutdown hook
26/02/09 09:55:38 INFO SparkContext: SparkContext is stopping with exitCode 0.
26/02/09 09:55:38 INFO SparkUI: Stopped Spark web UI at http://eff5ec4100e1:4040
26/02/09 09:55:38 INFO MapOutputTrackerMasterEndpoint: MapOutputTrackerMasterEndpoint stopped!
26/02/09 09:55:38 INFO MemoryStore: MemoryStore cleared
26/02/09 09:55:38 INFO BlockManager: BlockManager stopped
26/02/09 09:55:38 INFO BlockManagerMaster: BlockManagerMaster stopped
26/02/09 09:55:38 INFO OutputCommitCoordinator$OutputCommitCoordinatorEndpoint: OutputCommitCoordinator stopped!
26/02/09 09:55:38 INFO SparkContext: Successfully stopped SparkContext
26/02/09 09:55:38 INFO ShutdownHookManager: Shutdown hook called
26/02/09 09:55:38 INFO ShutdownHookManager: Deleting directory /tmp/spark-09fe7ae6-8999-4347-9840-dab40ce691e7/pyspark-bc1d5b41-7a24-44a2-9519-e9270e70d1f3
26/02/09 09:55:38 INFO ShutdownHookManager: Deleting directory /tmp/spark-09fe7ae6-8999-4347-9840-dab40ce691e7
26/02/09 09:55:38 INFO ShutdownHookManager: Deleting directory /tmp/spark-6a99546f-9edf-48f6-8e39-7c9586f94037

[2026-02-09T09:55:38.742+0000] {local_task_job_runner.py:266} INFO - Task exited with return code 1
[2026-02-09T09:55:38.758+0000] {taskinstance.py:3895} INFO - 0 downstream tasks scheduled from follow-on schedule check
[2026-02-09T09:55:38.760+0000] {local_task_job_runner.py:245} INFO - ::endgroup::
